Building DAG of jobs...
Using shell: /usr/bin/bash
Provided cores: 8
Rules claiming more threads will be scaled down.
Job stats:
job                  count
-----------------  -------
all                      1
classify_procheck        1
input_pdb                1
mutatex_scan             1
run_procheck             1
write_table              1
total                    6

Select jobs to execute...

[Fri Apr 17 12:10:40 2026]
rule input_pdb:
    input: structure_selection/AFDB/P14602_88_177.pdb, HSPB1/free/stability/mutatex_input_preparation/AFDB_88-177/model_v6/saturation/mutate_runfile.txt, HSPB1/free/stability/mutatex_input_preparation/AFDB_88-177/model_v6/saturation/repair_runfile.txt, HSPB1/free/stability/mutatex_input_preparation/AFDB_88-177/model_v6/saturation/mutation_list.txt, HSPB1/free/stability/mutatex_runs/AFDB_88-177/model_v6/saturation/README.txt
    output: HSPB1/free/stability/mutatex_input_preparation/AFDB_88-177/model_v6/saturation/P14602_trimmed.pdb
    jobid: 10
    reason: Updated input files: HSPB1/free/stability/mutatex_runs/AFDB_88-177/model_v6/saturation/README.txt
    wildcards: gene=HSPB1, database=AFDB, start_res=88, end_res=177, version=v6, prot_id=P14602
    resources: tmpdir=/tmp

[Fri Apr 17 12:10:40 2026]
Finished job 10.
1 of 6 steps (17%) done
Select jobs to execute...

[Fri Apr 17 12:10:40 2026]
rule run_procheck:
    input: HSPB1/free/stability/mutatex_input_preparation/AFDB_88-177/model_v6/saturation/P14602_trimmed.pdb
    output: HSPB1/free/stability/mutatex_input_preparation/AFDB_88-177/model_v6/procheck/P14602_trimmed.sum
    jobid: 14
    reason: Missing output files: HSPB1/free/stability/mutatex_input_preparation/AFDB_88-177/model_v6/procheck/P14602_trimmed.sum; Input files updated by another job: HSPB1/free/stability/mutatex_input_preparation/AFDB_88-177/model_v6/saturation/P14602_trimmed.pdb
    wildcards: gene=HSPB1, database=AFDB, start_res=88, end_res=177, version=v6, prot_id=P14602
    resources: tmpdir=/tmp

[Fri Apr 17 12:10:41 2026]
Finished job 14.
2 of 6 steps (33%) done
Select jobs to execute...

[Fri Apr 17 12:10:41 2026]
rule classify_procheck:
    input: HSPB1/free/stability/mutatex_input_preparation/AFDB_88-177/model_v6/procheck/P14602_trimmed.sum
    output: HSPB1/free/stability/mutatex_input_preparation/AFDB_88-177/model_v6/procheck/P14602_procheck.csv, HSPB1/free/stability/mutatex_input_preparation/AFDB_88-177/model_v6/procheck/P14602_procheck.done
    jobid: 13
    reason: Missing output files: HSPB1/free/stability/mutatex_input_preparation/AFDB_88-177/model_v6/procheck/P14602_procheck.done; Input files updated by another job: HSPB1/free/stability/mutatex_input_preparation/AFDB_88-177/model_v6/procheck/P14602_trimmed.sum
    wildcards: gene=HSPB1, database=AFDB, start_res=88, end_res=177, version=v6, prot_id=P14602
    resources: tmpdir=/tmp

[Fri Apr 17 12:10:41 2026]
Finished job 13.
3 of 6 steps (50%) done
Select jobs to execute...

[Fri Apr 17 12:10:41 2026]
rule mutatex_scan:
    input: HSPB1/free/stability/mutatex_input_preparation/AFDB_88-177/model_v6/saturation/P14602_trimmed.pdb, HSPB1/free/stability/mutatex_input_preparation/AFDB_88-177/model_v6/procheck/P14602_procheck.done
    output: HSPB1/free/stability/mutatex_runs/AFDB_88-177/model_v6/saturation/P14602_scan
    jobid: 9
    reason: Input files updated by another job: HSPB1/free/stability/mutatex_input_preparation/AFDB_88-177/model_v6/procheck/P14602_procheck.done, HSPB1/free/stability/mutatex_input_preparation/AFDB_88-177/model_v6/saturation/P14602_trimmed.pdb
    wildcards: gene=HSPB1, database=AFDB, start_res=88, end_res=177, version=v6, prot_id=P14602
    threads: 4
    resources: tmpdir=/tmp

[Fri Apr 17 14:31:18 2026]
Finished job 9.
4 of 6 steps (67%) done
Select jobs to execute...

[Fri Apr 17 14:31:18 2026]
rule write_table:
    input: HSPB1/free/stability/mutatex_runs/AFDB_88-177/model_v6/saturation/P14602_scan
    output: HSPB1/free/stability/mutatex_runs/AFDB_88-177/model_v6/saturation/P14602_table/energies.csv
    jobid: 8
    reason: Input files updated by another job: HSPB1/free/stability/mutatex_runs/AFDB_88-177/model_v6/saturation/P14602_scan
    wildcards: gene=HSPB1, database=AFDB, start_res=88, end_res=177, version=v6, prot_id=P14602
    resources: tmpdir=/tmp

[Fri Apr 17 14:31:19 2026]
Finished job 8.
5 of 6 steps (83%) done
Select jobs to execute...

[Fri Apr 17 14:31:19 2026]
localrule all:
    input: APC/free/stability/mutatex_runs/PDB_1-5/model_v1/saturation/P25054_table/energies.csv, HSPB1/free/stability/mutatex_runs/AFDB_88-177/model_v6/saturation/P14602_table/energies.csv
    jobid: 0
    reason: Input files updated by another job: HSPB1/free/stability/mutatex_runs/AFDB_88-177/model_v6/saturation/P14602_table/energies.csv
    resources: tmpdir=/tmp

[Fri Apr 17 14:31:19 2026]
Finished job 0.
6 of 6 steps (100%) done
Complete log: .snakemake/log/2026-04-17T121039.930277.snakemake.log
