Building DAG of jobs...
Using shell: /usr/bin/bash
Provided cores: 8
Rules claiming more threads will be scaled down.
Job stats:
job                  count
-----------------  -------
all                      1
classify_procheck        1
input_pdb                1
input_txt                1
mutatex_scan             1
run_procheck             1
write_table              1
total                    7

Select jobs to execute...

[Fri Apr 17 16:25:51 2026]
rule input_txt:
    output: APC/free/stability/mutatex_input_preparation/PDB_1-5/model_v1/saturation/mutate_runfile.txt, APC/free/stability/mutatex_input_preparation/PDB_1-5/model_v1/saturation/repair_runfile.txt, APC/free/stability/mutatex_input_preparation/PDB_1-5/model_v1/saturation/mutation_list.txt, APC/free/stability/mutatex_runs/PDB_1-5/model_v1/saturation/README.txt
    jobid: 5
    reason: Missing output files: APC/free/stability/mutatex_input_preparation/PDB_1-5/model_v1/saturation/repair_runfile.txt, APC/free/stability/mutatex_input_preparation/PDB_1-5/model_v1/saturation/mutation_list.txt, APC/free/stability/mutatex_input_preparation/PDB_1-5/model_v1/saturation/mutate_runfile.txt, APC/free/stability/mutatex_runs/PDB_1-5/model_v1/saturation/README.txt
    wildcards: gene=APC, database=PDB, start_res=1, end_res=5, version=v1
    resources: tmpdir=/tmp

[Fri Apr 17 16:25:52 2026]
Finished job 5.
1 of 7 steps (14%) done
Select jobs to execute...

[Fri Apr 17 16:25:52 2026]
rule input_pdb:
    input: structure_selection/PDB/P25054_1_5.pdb, APC/free/stability/mutatex_input_preparation/PDB_1-5/model_v1/saturation/mutate_runfile.txt, APC/free/stability/mutatex_input_preparation/PDB_1-5/model_v1/saturation/repair_runfile.txt, APC/free/stability/mutatex_input_preparation/PDB_1-5/model_v1/saturation/mutation_list.txt, APC/free/stability/mutatex_runs/PDB_1-5/model_v1/saturation/README.txt
    output: APC/free/stability/mutatex_input_preparation/PDB_1-5/model_v1/saturation/P25054_trimmed.pdb
    jobid: 3
    reason: Missing output files: APC/free/stability/mutatex_input_preparation/PDB_1-5/model_v1/saturation/P25054_trimmed.pdb; Input files updated by another job: APC/free/stability/mutatex_input_preparation/PDB_1-5/model_v1/saturation/repair_runfile.txt, APC/free/stability/mutatex_input_preparation/PDB_1-5/model_v1/saturation/mutation_list.txt, APC/free/stability/mutatex_input_preparation/PDB_1-5/model_v1/saturation/mutate_runfile.txt, APC/free/stability/mutatex_runs/PDB_1-5/model_v1/saturation/README.txt
    wildcards: gene=APC, database=PDB, start_res=1, end_res=5, version=v1, prot_id=P25054
    resources: tmpdir=/tmp

[Fri Apr 17 16:25:52 2026]
Finished job 3.
2 of 7 steps (29%) done
Select jobs to execute...

[Fri Apr 17 16:25:52 2026]
rule run_procheck:
    input: APC/free/stability/mutatex_input_preparation/PDB_1-5/model_v1/saturation/P25054_trimmed.pdb
    output: APC/free/stability/mutatex_input_preparation/PDB_1-5/model_v1/procheck/P25054_trimmed.sum
    jobid: 7
    reason: Missing output files: APC/free/stability/mutatex_input_preparation/PDB_1-5/model_v1/procheck/P25054_trimmed.sum; Input files updated by another job: APC/free/stability/mutatex_input_preparation/PDB_1-5/model_v1/saturation/P25054_trimmed.pdb
    wildcards: gene=APC, database=PDB, start_res=1, end_res=5, version=v1, prot_id=P25054
    resources: tmpdir=/tmp

[Fri Apr 17 16:25:53 2026]
Finished job 7.
3 of 7 steps (43%) done
Select jobs to execute...

[Fri Apr 17 16:25:53 2026]
rule classify_procheck:
    input: APC/free/stability/mutatex_input_preparation/PDB_1-5/model_v1/procheck/P25054_trimmed.sum
    output: APC/free/stability/mutatex_input_preparation/PDB_1-5/model_v1/procheck/P25054_procheck.csv, APC/free/stability/mutatex_input_preparation/PDB_1-5/model_v1/procheck/P25054_procheck.done
    jobid: 6
    reason: Missing output files: APC/free/stability/mutatex_input_preparation/PDB_1-5/model_v1/procheck/P25054_procheck.done; Input files updated by another job: APC/free/stability/mutatex_input_preparation/PDB_1-5/model_v1/procheck/P25054_trimmed.sum
    wildcards: gene=APC, database=PDB, start_res=1, end_res=5, version=v1, prot_id=P25054
    resources: tmpdir=/tmp

[Fri Apr 17 16:25:53 2026]
Finished job 6.
4 of 7 steps (57%) done
Select jobs to execute...

[Fri Apr 17 16:25:53 2026]
rule mutatex_scan:
    input: APC/free/stability/mutatex_input_preparation/PDB_1-5/model_v1/saturation/P25054_trimmed.pdb, APC/free/stability/mutatex_input_preparation/PDB_1-5/model_v1/procheck/P25054_procheck.done
    output: APC/free/stability/mutatex_runs/PDB_1-5/model_v1/saturation/P25054_scan
    jobid: 2
    reason: Missing output files: APC/free/stability/mutatex_runs/PDB_1-5/model_v1/saturation/P25054_scan; Input files updated by another job: APC/free/stability/mutatex_input_preparation/PDB_1-5/model_v1/saturation/P25054_trimmed.pdb, APC/free/stability/mutatex_input_preparation/PDB_1-5/model_v1/procheck/P25054_procheck.done
    wildcards: gene=APC, database=PDB, start_res=1, end_res=5, version=v1, prot_id=P25054
    threads: 4
    resources: tmpdir=/tmp

[Fri Apr 17 16:26:53 2026]
Finished job 2.
5 of 7 steps (71%) done
Select jobs to execute...

[Fri Apr 17 16:26:53 2026]
rule write_table:
    input: APC/free/stability/mutatex_runs/PDB_1-5/model_v1/saturation/P25054_scan
    output: APC/free/stability/mutatex_runs/PDB_1-5/model_v1/saturation/P25054_table/energies.csv
    jobid: 1
    reason: Missing output files: APC/free/stability/mutatex_runs/PDB_1-5/model_v1/saturation/P25054_table/energies.csv; Input files updated by another job: APC/free/stability/mutatex_runs/PDB_1-5/model_v1/saturation/P25054_scan
    wildcards: gene=APC, database=PDB, start_res=1, end_res=5, version=v1, prot_id=P25054
    resources: tmpdir=/tmp

[Fri Apr 17 16:26:53 2026]
Finished job 1.
6 of 7 steps (86%) done
Select jobs to execute...

[Fri Apr 17 16:26:53 2026]
localrule all:
    input: APC/free/stability/mutatex_runs/PDB_1-5/model_v1/saturation/P25054_table/energies.csv, HSPB1/free/stability/mutatex_runs/AFDB_88-177/model_v6/saturation/P14602_table/energies.csv
    jobid: 0
    reason: Input files updated by another job: APC/free/stability/mutatex_runs/PDB_1-5/model_v1/saturation/P25054_table/energies.csv
    resources: tmpdir=/tmp

[Fri Apr 17 16:26:53 2026]
Finished job 0.
7 of 7 steps (100%) done
Complete log: .snakemake/log/2026-04-17T162551.508497.snakemake.log
