Wildcard constraints in inputs are ignored.
Wildcard constraints in inputs are ignored.
Wildcard constraints in inputs are ignored.
Wildcard constraints in inputs are ignored.
Wildcard constraints in inputs are ignored.
Wildcard constraints in inputs are ignored.
Wildcard constraints in inputs are ignored.
Building DAG of jobs...
File path test/cabsdock_ankb_5YISab_1-120_1590-1602_blind//ala_scan/mutations.tar.gz contains double '/'. This is likely unintended. It can also lead to inconsistent results of the file-matching approach used by Snakemake.
InputFunctionException in line 30 of /data/user/morlandi/mutatex_pipeline/SLIM-modeling/alanine_scanning/Snakefile:
KeyError: ('5YISab', 'ss_ankb', '1-1', '2', '1588-1613', 'blind', '', 'modelX', 'self_scan')
Wildcards:
method=ss_ankb
slim_name=5YISab
PDB=1-1
chain_protein=2
chain_peptide=0
aa_protein=1588-1613
aa_peptide=blind
restraints=
model_name=modelX
scan=self_scan
