Building DAG of jobs...
Using shell: /bin/bash
Provided cores: 2
Rules claiming more threads will be scaled down.
Job counts:
	count	jobs
	4	ala_scan
	1	all
	4	input_files
	9

[Wed Oct 27 11:52:49 2021]
rule input_files:
    input: ../../input_pdb/ankbbd.pdb
    output: test/ankb/cabsdock/ankb_5YISab_1-120_1590-1602/modelX/ala_scan/blind/ankb_5YIS.pdb, test/ankb/cabsdock/ankb_5YISab_1-120_1590-1602/modelX/ala_scan/blind/mutate_runfile_template.txt, test/ankb/cabsdock/ankb_5YISab_1-120_1590-1602/modelX/ala_scan/blind/interface_runfile_template.txt, test/ankb/cabsdock/ankb_5YISab_1-120_1590-1602/modelX/ala_scan/blind/repair_runfile_template.txt, test/ankb/cabsdock/ankb_5YISab_1-120_1590-1602/modelX/ala_scan/blind/mutation_list.txt, test/ankb/cabsdock/ankb_5YISab_1-120_1590-1602/modelX/ala_scan/blind/poslist.txt, test/ankb/cabsdock/ankb_5YISab_1-120_1590-1602/modelX/ala_scan/blind/README_mutatex_run
    jobid: 6
    wildcards: slim_name=ankb, method=cabsdock, PDB=5YIS, chain_protein=a, chain_peptide=b, aa_protein=1-120, aa_peptide=1590-1602, model_name=modelX, scan=ala_scan, restraints=blind

[Wed Oct 27 11:52:49 2021]
rule input_files:
    input: ../../input_pdb/nixaa.pdb
    output: test/nix/cabsdock/nix_4WAAab_1-120_33-39/modelX/self_scan/blind/nix_4WAA.pdb, test/nix/cabsdock/nix_4WAAab_1-120_33-39/modelX/self_scan/blind/mutate_runfile_template.txt, test/nix/cabsdock/nix_4WAAab_1-120_33-39/modelX/self_scan/blind/interface_runfile_template.txt, test/nix/cabsdock/nix_4WAAab_1-120_33-39/modelX/self_scan/blind/repair_runfile_template.txt, test/nix/cabsdock/nix_4WAAab_1-120_33-39/modelX/self_scan/blind/mutation_list.txt, test/nix/cabsdock/nix_4WAAab_1-120_33-39/modelX/self_scan/blind/poslist.txt, test/nix/cabsdock/nix_4WAAab_1-120_33-39/modelX/self_scan/blind/README_mutatex_run
    jobid: 7
    wildcards: slim_name=nix, method=cabsdock, PDB=4WAA, chain_protein=a, chain_peptide=b, aa_protein=1-120, aa_peptide=33-39, model_name=modelX, scan=self_scan, restraints=blind

[Wed Oct 27 11:52:50 2021]
Finished job 7.
1 of 9 steps (11%) done

[Wed Oct 27 11:52:50 2021]
rule ala_scan:
    input: test/nix/cabsdock/nix_4WAAab_1-120_33-39/modelX/self_scan/blind/nix_4WAA.pdb, test/nix/cabsdock/nix_4WAAab_1-120_33-39/modelX/self_scan/blind/mutate_runfile_template.txt, test/nix/cabsdock/nix_4WAAab_1-120_33-39/modelX/self_scan/blind/interface_runfile_template.txt, test/nix/cabsdock/nix_4WAAab_1-120_33-39/modelX/self_scan/blind/repair_runfile_template.txt, test/nix/cabsdock/nix_4WAAab_1-120_33-39/modelX/self_scan/blind/mutation_list.txt, test/nix/cabsdock/nix_4WAAab_1-120_33-39/modelX/self_scan/blind/poslist.txt, test/nix/cabsdock/nix_4WAAab_1-120_33-39/modelX/self_scan/blind/README_mutatex_run
    output: test/nix/cabsdock/nix_4WAAab_1-120_33-39/modelX/self_scan/blind/mutations.tar.gz
    jobid: 3
    wildcards: slim_name=nix, method=cabsdock, PDB=4WAA, chain_protein=a, chain_peptide=b, aa_protein=1-120, aa_peptide=33-39, model_name=modelX, scan=self_scan, restraints=blind

[Wed Oct 27 11:52:50 2021]
Finished job 6.
2 of 9 steps (22%) done

[Wed Oct 27 11:52:50 2021]
rule ala_scan:
    input: test/ankb/cabsdock/ankb_5YISab_1-120_1590-1602/modelX/ala_scan/blind/ankb_5YIS.pdb, test/ankb/cabsdock/ankb_5YISab_1-120_1590-1602/modelX/ala_scan/blind/mutate_runfile_template.txt, test/ankb/cabsdock/ankb_5YISab_1-120_1590-1602/modelX/ala_scan/blind/interface_runfile_template.txt, test/ankb/cabsdock/ankb_5YISab_1-120_1590-1602/modelX/ala_scan/blind/repair_runfile_template.txt, test/ankb/cabsdock/ankb_5YISab_1-120_1590-1602/modelX/ala_scan/blind/mutation_list.txt, test/ankb/cabsdock/ankb_5YISab_1-120_1590-1602/modelX/ala_scan/blind/poslist.txt, test/ankb/cabsdock/ankb_5YISab_1-120_1590-1602/modelX/ala_scan/blind/README_mutatex_run
    output: test/ankb/cabsdock/ankb_5YISab_1-120_1590-1602/modelX/ala_scan/blind/mutations.tar.gz
    jobid: 2
    wildcards: slim_name=ankb, method=cabsdock, PDB=5YIS, chain_protein=a, chain_peptide=b, aa_protein=1-120, aa_peptide=1590-1602, model_name=modelX, scan=ala_scan, restraints=blind

[Wed Oct 27 12:01:36 2021]
Finished job 3.
3 of 9 steps (33%) done

[Wed Oct 27 12:01:36 2021]
rule input_files:
    input: ../../input_pdb/ankbac.pdb
    output: test/ankb/cabsdock/ankb_5YISab_1-120_1588-1613/modelX/self_scan/blind/ankb_5YIS.pdb, test/ankb/cabsdock/ankb_5YISab_1-120_1588-1613/modelX/self_scan/blind/mutate_runfile_template.txt, test/ankb/cabsdock/ankb_5YISab_1-120_1588-1613/modelX/self_scan/blind/interface_runfile_template.txt, test/ankb/cabsdock/ankb_5YISab_1-120_1588-1613/modelX/self_scan/blind/repair_runfile_template.txt, test/ankb/cabsdock/ankb_5YISab_1-120_1588-1613/modelX/self_scan/blind/mutation_list.txt, test/ankb/cabsdock/ankb_5YISab_1-120_1588-1613/modelX/self_scan/blind/poslist.txt, test/ankb/cabsdock/ankb_5YISab_1-120_1588-1613/modelX/self_scan/blind/README_mutatex_run
    jobid: 5
    wildcards: slim_name=ankb, method=cabsdock, PDB=5YIS, chain_protein=a, chain_peptide=b, aa_protein=1-120, aa_peptide=1588-1613, model_name=modelX, scan=self_scan, restraints=blind

[Wed Oct 27 12:01:40 2021]
Finished job 5.
4 of 9 steps (44%) done

[Wed Oct 27 12:01:40 2021]
rule ala_scan:
    input: test/ankb/cabsdock/ankb_5YISab_1-120_1588-1613/modelX/self_scan/blind/ankb_5YIS.pdb, test/ankb/cabsdock/ankb_5YISab_1-120_1588-1613/modelX/self_scan/blind/mutate_runfile_template.txt, test/ankb/cabsdock/ankb_5YISab_1-120_1588-1613/modelX/self_scan/blind/interface_runfile_template.txt, test/ankb/cabsdock/ankb_5YISab_1-120_1588-1613/modelX/self_scan/blind/repair_runfile_template.txt, test/ankb/cabsdock/ankb_5YISab_1-120_1588-1613/modelX/self_scan/blind/mutation_list.txt, test/ankb/cabsdock/ankb_5YISab_1-120_1588-1613/modelX/self_scan/blind/poslist.txt, test/ankb/cabsdock/ankb_5YISab_1-120_1588-1613/modelX/self_scan/blind/README_mutatex_run
    output: test/ankb/cabsdock/ankb_5YISab_1-120_1588-1613/modelX/self_scan/blind/mutations.tar.gz
    jobid: 1
    wildcards: slim_name=ankb, method=cabsdock, PDB=5YIS, chain_protein=a, chain_peptide=b, aa_protein=1-120, aa_peptide=1588-1613, model_name=modelX, scan=self_scan, restraints=blind

[Wed Oct 27 12:10:17 2021]
Finished job 2.
5 of 9 steps (56%) done

[Wed Oct 27 12:10:17 2021]
rule input_files:
    input: ../../input_pdb/nixbb.pdb
    output: test/nix/cabsdock/nix_4WAAab_1-120_34-39/modelX/ala_scan/blind/nix_4WAA.pdb, test/nix/cabsdock/nix_4WAAab_1-120_34-39/modelX/ala_scan/blind/mutate_runfile_template.txt, test/nix/cabsdock/nix_4WAAab_1-120_34-39/modelX/ala_scan/blind/interface_runfile_template.txt, test/nix/cabsdock/nix_4WAAab_1-120_34-39/modelX/ala_scan/blind/repair_runfile_template.txt, test/nix/cabsdock/nix_4WAAab_1-120_34-39/modelX/ala_scan/blind/mutation_list.txt, test/nix/cabsdock/nix_4WAAab_1-120_34-39/modelX/ala_scan/blind/poslist.txt, test/nix/cabsdock/nix_4WAAab_1-120_34-39/modelX/ala_scan/blind/README_mutatex_run
    jobid: 8
    wildcards: slim_name=nix, method=cabsdock, PDB=4WAA, chain_protein=a, chain_peptide=b, aa_protein=1-120, aa_peptide=34-39, model_name=modelX, scan=ala_scan, restraints=blind

[Wed Oct 27 12:10:22 2021]
Finished job 8.
6 of 9 steps (67%) done

[Wed Oct 27 12:10:22 2021]
rule ala_scan:
    input: test/nix/cabsdock/nix_4WAAab_1-120_34-39/modelX/ala_scan/blind/nix_4WAA.pdb, test/nix/cabsdock/nix_4WAAab_1-120_34-39/modelX/ala_scan/blind/mutate_runfile_template.txt, test/nix/cabsdock/nix_4WAAab_1-120_34-39/modelX/ala_scan/blind/interface_runfile_template.txt, test/nix/cabsdock/nix_4WAAab_1-120_34-39/modelX/ala_scan/blind/repair_runfile_template.txt, test/nix/cabsdock/nix_4WAAab_1-120_34-39/modelX/ala_scan/blind/mutation_list.txt, test/nix/cabsdock/nix_4WAAab_1-120_34-39/modelX/ala_scan/blind/poslist.txt, test/nix/cabsdock/nix_4WAAab_1-120_34-39/modelX/ala_scan/blind/README_mutatex_run
    output: test/nix/cabsdock/nix_4WAAab_1-120_34-39/modelX/ala_scan/blind/mutations.tar.gz
    jobid: 4
    wildcards: slim_name=nix, method=cabsdock, PDB=4WAA, chain_protein=a, chain_peptide=b, aa_protein=1-120, aa_peptide=34-39, model_name=modelX, scan=ala_scan, restraints=blind

[Wed Oct 27 12:10:36 2021]
Finished job 1.
7 of 9 steps (78%) done
