Wildcard constraints in inputs are ignored.
Wildcard constraints in inputs are ignored.
Wildcard constraints in inputs are ignored.
Wildcard constraints in inputs are ignored.
Wildcard constraints in inputs are ignored.
Wildcard constraints in inputs are ignored.
Wildcard constraints in inputs are ignored.
Building DAG of jobs...
File path output_folder/cabsdock_ankb_5YISab_1-120_1588-1613/modelX//self_scan/mutations.tar.gz contains double '/'. This is likely unintended. It can also lead to inconsistent results of the file-matching approach used by Snakemake.
File path output_folder/cabsdock_nix_4WAAab_1-120_33-39/modelX//self_scan/mutations.tar.gz contains double '/'. This is likely unintended. It can also lead to inconsistent results of the file-matching approach used by Snakemake.
File path output_folder/cabsdock_ankb_5YISab_1-120_1588-1613/modelX//self_scan/ankb_5YIS.pdb contains double '/'. This is likely unintended. It can also lead to inconsistent results of the file-matching approach used by Snakemake.
File path output_folder/cabsdock_ankb_5YISab_1-120_1588-1613/modelX//self_scan/mutate_runfile_template.txt contains double '/'. This is likely unintended. It can also lead to inconsistent results of the file-matching approach used by Snakemake.
File path output_folder/cabsdock_ankb_5YISab_1-120_1588-1613/modelX//self_scan/interface_runfile_template.txt contains double '/'. This is likely unintended. It can also lead to inconsistent results of the file-matching approach used by Snakemake.
File path output_folder/cabsdock_ankb_5YISab_1-120_1588-1613/modelX//self_scan/repair_runfile_template.txt contains double '/'. This is likely unintended. It can also lead to inconsistent results of the file-matching approach used by Snakemake.
File path output_folder/cabsdock_ankb_5YISab_1-120_1588-1613/modelX//self_scan/mutation_list.txt contains double '/'. This is likely unintended. It can also lead to inconsistent results of the file-matching approach used by Snakemake.
File path output_folder/cabsdock_ankb_5YISab_1-120_1588-1613/modelX//self_scan/poslist.txt contains double '/'. This is likely unintended. It can also lead to inconsistent results of the file-matching approach used by Snakemake.
File path output_folder/cabsdock_ankb_5YISab_1-120_1588-1613/modelX//self_scan/README_mutatex_run contains double '/'. This is likely unintended. It can also lead to inconsistent results of the file-matching approach used by Snakemake.
File path output_folder/cabsdock_ankb_5YISab_1-120_1588-1613/modelX//self_scan/mutations.tar.gz contains double '/'. This is likely unintended. It can also lead to inconsistent results of the file-matching approach used by Snakemake.
File path output_folder/cabsdock_nix_4WAAab_1-120_33-39/modelX//self_scan/nix_4WAA.pdb contains double '/'. This is likely unintended. It can also lead to inconsistent results of the file-matching approach used by Snakemake.
File path output_folder/cabsdock_nix_4WAAab_1-120_33-39/modelX//self_scan/mutate_runfile_template.txt contains double '/'. This is likely unintended. It can also lead to inconsistent results of the file-matching approach used by Snakemake.
File path output_folder/cabsdock_nix_4WAAab_1-120_33-39/modelX//self_scan/interface_runfile_template.txt contains double '/'. This is likely unintended. It can also lead to inconsistent results of the file-matching approach used by Snakemake.
File path output_folder/cabsdock_nix_4WAAab_1-120_33-39/modelX//self_scan/repair_runfile_template.txt contains double '/'. This is likely unintended. It can also lead to inconsistent results of the file-matching approach used by Snakemake.
File path output_folder/cabsdock_nix_4WAAab_1-120_33-39/modelX//self_scan/mutation_list.txt contains double '/'. This is likely unintended. It can also lead to inconsistent results of the file-matching approach used by Snakemake.
File path output_folder/cabsdock_nix_4WAAab_1-120_33-39/modelX//self_scan/poslist.txt contains double '/'. This is likely unintended. It can also lead to inconsistent results of the file-matching approach used by Snakemake.
File path output_folder/cabsdock_nix_4WAAab_1-120_33-39/modelX//self_scan/README_mutatex_run contains double '/'. This is likely unintended. It can also lead to inconsistent results of the file-matching approach used by Snakemake.
File path output_folder/cabsdock_nix_4WAAab_1-120_33-39/modelX//self_scan/mutations.tar.gz contains double '/'. This is likely unintended. It can also lead to inconsistent results of the file-matching approach used by Snakemake.
File path output_folder/cabsdock_ankb_5YISab_1-120_1588-1613/modelX//self_scan/ankb_5YIS.pdb contains double '/'. This is likely unintended. It can also lead to inconsistent results of the file-matching approach used by Snakemake.
File path output_folder/cabsdock_ankb_5YISab_1-120_1588-1613/modelX//self_scan/mutate_runfile_template.txt contains double '/'. This is likely unintended. It can also lead to inconsistent results of the file-matching approach used by Snakemake.
File path output_folder/cabsdock_ankb_5YISab_1-120_1588-1613/modelX//self_scan/interface_runfile_template.txt contains double '/'. This is likely unintended. It can also lead to inconsistent results of the file-matching approach used by Snakemake.
File path output_folder/cabsdock_ankb_5YISab_1-120_1588-1613/modelX//self_scan/repair_runfile_template.txt contains double '/'. This is likely unintended. It can also lead to inconsistent results of the file-matching approach used by Snakemake.
File path output_folder/cabsdock_ankb_5YISab_1-120_1588-1613/modelX//self_scan/mutation_list.txt contains double '/'. This is likely unintended. It can also lead to inconsistent results of the file-matching approach used by Snakemake.
File path output_folder/cabsdock_ankb_5YISab_1-120_1588-1613/modelX//self_scan/poslist.txt contains double '/'. This is likely unintended. It can also lead to inconsistent results of the file-matching approach used by Snakemake.
File path output_folder/cabsdock_ankb_5YISab_1-120_1588-1613/modelX//self_scan/README_mutatex_run contains double '/'. This is likely unintended. It can also lead to inconsistent results of the file-matching approach used by Snakemake.
MissingInputException in line 28 of /data/user/morlandi/mutatex_pipeline/SLIM-modeling/alanine_scanning/Snakefile:
Missing input files for rule input_files:
input_folder/ankbac.pdb
