Wildcard constraints in inputs are ignored.
Wildcard constraints in inputs are ignored.
Wildcard constraints in inputs are ignored.
Wildcard constraints in inputs are ignored.
Wildcard constraints in inputs are ignored.
Wildcard constraints in inputs are ignored.
Wildcard constraints in inputs are ignored.
Building DAG of jobs...
File path test/ss_ankb_5YISab_1-120_1588-1613/modelX/self_scan//mutations.tar.gz contains double '/'. This is likely unintended. It can also lead to inconsistent results of the file-matching approach used by Snakemake.
File path test/cabsdock_ankb_5YISab_1-120_1590-1602//ala_scan/blind/mutations.tar.gz contains double '/'. This is likely unintended. It can also lead to inconsistent results of the file-matching approach used by Snakemake.
File path test/cabsdock_ankb_5YISab_1-120_1590-1602//ala_scan/blind/ankb_5YIS.pdb contains double '/'. This is likely unintended. It can also lead to inconsistent results of the file-matching approach used by Snakemake.
File path test/cabsdock_ankb_5YISab_1-120_1590-1602//ala_scan/blind/mutate_runfile_template.txt contains double '/'. This is likely unintended. It can also lead to inconsistent results of the file-matching approach used by Snakemake.
File path test/cabsdock_ankb_5YISab_1-120_1590-1602//ala_scan/blind/interface_runfile_template.txt contains double '/'. This is likely unintended. It can also lead to inconsistent results of the file-matching approach used by Snakemake.
File path test/cabsdock_ankb_5YISab_1-120_1590-1602//ala_scan/blind/repair_runfile_template.txt contains double '/'. This is likely unintended. It can also lead to inconsistent results of the file-matching approach used by Snakemake.
File path test/cabsdock_ankb_5YISab_1-120_1590-1602//ala_scan/blind/mutation_list.txt contains double '/'. This is likely unintended. It can also lead to inconsistent results of the file-matching approach used by Snakemake.
File path test/cabsdock_ankb_5YISab_1-120_1590-1602//ala_scan/blind/poslist.txt contains double '/'. This is likely unintended. It can also lead to inconsistent results of the file-matching approach used by Snakemake.
File path test/cabsdock_ankb_5YISab_1-120_1590-1602//ala_scan/blind/README_mutatex_run contains double '/'. This is likely unintended. It can also lead to inconsistent results of the file-matching approach used by Snakemake.
File path test/cabsdock_ankb_5YISab_1-120_1590-1602//ala_scan/blind/mutations.tar.gz contains double '/'. This is likely unintended. It can also lead to inconsistent results of the file-matching approach used by Snakemake.
File path test/cabsdock_ankb_5YISab_1-120_1590-1602//ala_scan/blind/ankb_5YIS.pdb contains double '/'. This is likely unintended. It can also lead to inconsistent results of the file-matching approach used by Snakemake.
File path test/cabsdock_ankb_5YISab_1-120_1590-1602//ala_scan/blind/mutate_runfile_template.txt contains double '/'. This is likely unintended. It can also lead to inconsistent results of the file-matching approach used by Snakemake.
File path test/cabsdock_ankb_5YISab_1-120_1590-1602//ala_scan/blind/interface_runfile_template.txt contains double '/'. This is likely unintended. It can also lead to inconsistent results of the file-matching approach used by Snakemake.
File path test/cabsdock_ankb_5YISab_1-120_1590-1602//ala_scan/blind/repair_runfile_template.txt contains double '/'. This is likely unintended. It can also lead to inconsistent results of the file-matching approach used by Snakemake.
File path test/cabsdock_ankb_5YISab_1-120_1590-1602//ala_scan/blind/mutation_list.txt contains double '/'. This is likely unintended. It can also lead to inconsistent results of the file-matching approach used by Snakemake.
File path test/cabsdock_ankb_5YISab_1-120_1590-1602//ala_scan/blind/poslist.txt contains double '/'. This is likely unintended. It can also lead to inconsistent results of the file-matching approach used by Snakemake.
File path test/cabsdock_ankb_5YISab_1-120_1590-1602//ala_scan/blind/README_mutatex_run contains double '/'. This is likely unintended. It can also lead to inconsistent results of the file-matching approach used by Snakemake.
MissingInputException in line 13 of /data/user/morlandi/mutatex_pipeline/SLIM-modeling/alanine_scanning/Snakefile:
Missing input files for rule all:
test/ss_ankb_5YISab_1-120_1588-1613/modelX/self_scan//mutations.tar.gz
