Building DAG of jobs...
Relative file path './lc3b/lir_complexes/nix/nix_4WAAaa_1-120_33-39/models_curation/self_scan/results/interface_ddgs/final_averages/A-B/' starts with './'. This is redundant and strongly discouraged. It can also lead to inconsistent results of the file-matching approach used by Snakemake. You can simply omit the './' for relative file paths.
Relative file path './lc3b/lir_complexes/nix/nix_4WAAbb_1-120_34-39/models_curation/self_scan/results/interface_ddgs/final_averages/A-B/' starts with './'. This is redundant and strongly discouraged. It can also lead to inconsistent results of the file-matching approach used by Snakemake. You can simply omit the './' for relative file paths.
Relative file path './lc3b/lir_complexes/nix/nix_4WAAaa_1-120_33-39/models_curation/self_scan/nixaa.pdb' starts with './'. This is redundant and strongly discouraged. It can also lead to inconsistent results of the file-matching approach used by Snakemake. You can simply omit the './' for relative file paths.
Relative file path './lc3b/lir_complexes/nix/nix_4WAAaa_1-120_33-39/models_curation/self_scan/mutation_list.txt' starts with './'. This is redundant and strongly discouraged. It can also lead to inconsistent results of the file-matching approach used by Snakemake. You can simply omit the './' for relative file paths.
Relative file path './lc3b/lir_complexes/nix/nix_4WAAaa_1-120_33-39/models_curation/self_scan/mutate_runfile_template.txt' starts with './'. This is redundant and strongly discouraged. It can also lead to inconsistent results of the file-matching approach used by Snakemake. You can simply omit the './' for relative file paths.
Relative file path './lc3b/lir_complexes/nix/nix_4WAAaa_1-120_33-39/models_curation/self_scan/interface_runfile_template.txt' starts with './'. This is redundant and strongly discouraged. It can also lead to inconsistent results of the file-matching approach used by Snakemake. You can simply omit the './' for relative file paths.
Relative file path './lc3b/lir_complexes/nix/nix_4WAAaa_1-120_33-39/models_curation/self_scan/repair_runfile_template.txt' starts with './'. This is redundant and strongly discouraged. It can also lead to inconsistent results of the file-matching approach used by Snakemake. You can simply omit the './' for relative file paths.
Relative file path './lc3b/lir_complexes/nix/nix_4WAAaa_1-120_33-39/models_curation/self_scan/poslist.txt' starts with './'. This is redundant and strongly discouraged. It can also lead to inconsistent results of the file-matching approach used by Snakemake. You can simply omit the './' for relative file paths.
Relative file path './lc3b/lir_complexes/nix/nix_4WAAaa_1-120_33-39/models_curation/self_scan/README_mutatex_run' starts with './'. This is redundant and strongly discouraged. It can also lead to inconsistent results of the file-matching approach used by Snakemake. You can simply omit the './' for relative file paths.
Relative file path './lc3b/lir_complexes/nix/nix_4WAAaa_1-120_33-39/models_curation/self_scan/results/interface_ddgs/final_averages/A-B/' starts with './'. This is redundant and strongly discouraged. It can also lead to inconsistent results of the file-matching approach used by Snakemake. You can simply omit the './' for relative file paths.
Relative file path './lc3b/lir_complexes/nix/nix_4WAAbb_1-120_34-39/models_curation/self_scan/nixbb.pdb' starts with './'. This is redundant and strongly discouraged. It can also lead to inconsistent results of the file-matching approach used by Snakemake. You can simply omit the './' for relative file paths.
Relative file path './lc3b/lir_complexes/nix/nix_4WAAbb_1-120_34-39/models_curation/self_scan/mutation_list.txt' starts with './'. This is redundant and strongly discouraged. It can also lead to inconsistent results of the file-matching approach used by Snakemake. You can simply omit the './' for relative file paths.
Relative file path './lc3b/lir_complexes/nix/nix_4WAAbb_1-120_34-39/models_curation/self_scan/mutate_runfile_template.txt' starts with './'. This is redundant and strongly discouraged. It can also lead to inconsistent results of the file-matching approach used by Snakemake. You can simply omit the './' for relative file paths.
Relative file path './lc3b/lir_complexes/nix/nix_4WAAbb_1-120_34-39/models_curation/self_scan/interface_runfile_template.txt' starts with './'. This is redundant and strongly discouraged. It can also lead to inconsistent results of the file-matching approach used by Snakemake. You can simply omit the './' for relative file paths.
Relative file path './lc3b/lir_complexes/nix/nix_4WAAbb_1-120_34-39/models_curation/self_scan/repair_runfile_template.txt' starts with './'. This is redundant and strongly discouraged. It can also lead to inconsistent results of the file-matching approach used by Snakemake. You can simply omit the './' for relative file paths.
Relative file path './lc3b/lir_complexes/nix/nix_4WAAbb_1-120_34-39/models_curation/self_scan/poslist.txt' starts with './'. This is redundant and strongly discouraged. It can also lead to inconsistent results of the file-matching approach used by Snakemake. You can simply omit the './' for relative file paths.
Relative file path './lc3b/lir_complexes/nix/nix_4WAAbb_1-120_34-39/models_curation/self_scan/README_mutatex_run' starts with './'. This is redundant and strongly discouraged. It can also lead to inconsistent results of the file-matching approach used by Snakemake. You can simply omit the './' for relative file paths.
Relative file path './lc3b/lir_complexes/nix/nix_4WAAbb_1-120_34-39/models_curation/self_scan/results/interface_ddgs/final_averages/A-B/' starts with './'. This is redundant and strongly discouraged. It can also lead to inconsistent results of the file-matching approach used by Snakemake. You can simply omit the './' for relative file paths.
Relative file path './lc3b/lir_complexes/nix/nix_4WAAaa_1-120_33-39/models_curation/self_scan/nixaa.pdb' starts with './'. This is redundant and strongly discouraged. It can also lead to inconsistent results of the file-matching approach used by Snakemake. You can simply omit the './' for relative file paths.
Relative file path './lc3b/lir_complexes/nix/nix_4WAAaa_1-120_33-39/models_curation/self_scan/mutate_runfile_template.txt' starts with './'. This is redundant and strongly discouraged. It can also lead to inconsistent results of the file-matching approach used by Snakemake. You can simply omit the './' for relative file paths.
Relative file path './lc3b/lir_complexes/nix/nix_4WAAaa_1-120_33-39/models_curation/self_scan/interface_runfile_template.txt' starts with './'. This is redundant and strongly discouraged. It can also lead to inconsistent results of the file-matching approach used by Snakemake. You can simply omit the './' for relative file paths.
Relative file path './lc3b/lir_complexes/nix/nix_4WAAaa_1-120_33-39/models_curation/self_scan/repair_runfile_template.txt' starts with './'. This is redundant and strongly discouraged. It can also lead to inconsistent results of the file-matching approach used by Snakemake. You can simply omit the './' for relative file paths.
Relative file path './lc3b/lir_complexes/nix/nix_4WAAaa_1-120_33-39/models_curation/self_scan/mutation_list.txt' starts with './'. This is redundant and strongly discouraged. It can also lead to inconsistent results of the file-matching approach used by Snakemake. You can simply omit the './' for relative file paths.
Relative file path './lc3b/lir_complexes/nix/nix_4WAAaa_1-120_33-39/models_curation/self_scan/poslist.txt' starts with './'. This is redundant and strongly discouraged. It can also lead to inconsistent results of the file-matching approach used by Snakemake. You can simply omit the './' for relative file paths.
Relative file path './lc3b/lir_complexes/nix/nix_4WAAaa_1-120_33-39/models_curation/self_scan/README_mutatex_run' starts with './'. This is redundant and strongly discouraged. It can also lead to inconsistent results of the file-matching approach used by Snakemake. You can simply omit the './' for relative file paths.
Relative file path './lc3b/lir_complexes/nix/nix_4WAAbb_1-120_34-39/models_curation/self_scan/nixbb.pdb' starts with './'. This is redundant and strongly discouraged. It can also lead to inconsistent results of the file-matching approach used by Snakemake. You can simply omit the './' for relative file paths.
Relative file path './lc3b/lir_complexes/nix/nix_4WAAbb_1-120_34-39/models_curation/self_scan/mutate_runfile_template.txt' starts with './'. This is redundant and strongly discouraged. It can also lead to inconsistent results of the file-matching approach used by Snakemake. You can simply omit the './' for relative file paths.
Relative file path './lc3b/lir_complexes/nix/nix_4WAAbb_1-120_34-39/models_curation/self_scan/interface_runfile_template.txt' starts with './'. This is redundant and strongly discouraged. It can also lead to inconsistent results of the file-matching approach used by Snakemake. You can simply omit the './' for relative file paths.
Relative file path './lc3b/lir_complexes/nix/nix_4WAAbb_1-120_34-39/models_curation/self_scan/repair_runfile_template.txt' starts with './'. This is redundant and strongly discouraged. It can also lead to inconsistent results of the file-matching approach used by Snakemake. You can simply omit the './' for relative file paths.
Relative file path './lc3b/lir_complexes/nix/nix_4WAAbb_1-120_34-39/models_curation/self_scan/mutation_list.txt' starts with './'. This is redundant and strongly discouraged. It can also lead to inconsistent results of the file-matching approach used by Snakemake. You can simply omit the './' for relative file paths.
Relative file path './lc3b/lir_complexes/nix/nix_4WAAbb_1-120_34-39/models_curation/self_scan/poslist.txt' starts with './'. This is redundant and strongly discouraged. It can also lead to inconsistent results of the file-matching approach used by Snakemake. You can simply omit the './' for relative file paths.
Relative file path './lc3b/lir_complexes/nix/nix_4WAAbb_1-120_34-39/models_curation/self_scan/README_mutatex_run' starts with './'. This is redundant and strongly discouraged. It can also lead to inconsistent results of the file-matching approach used by Snakemake. You can simply omit the './' for relative file paths.
Using shell: /bin/bash
Provided cores: 2
Rules claiming more threads will be scaled down.
Job counts:
	count	jobs
	2	ala_scan
	1	all
	2	input_files
	5

[Mon Oct 25 15:07:01 2021]
rule input_files:
    input: ../../../../../raw_data/computational_data/curations_data/lir_atg8/lc3b/complexes/extracted_complexes/nix/nix_4WAAaa_1-120_33-39/models_curation/
    output: ./lc3b/lir_complexes/nix/nix_4WAAaa_1-120_33-39/models_curation/self_scan/nixaa.pdb, ./lc3b/lir_complexes/nix/nix_4WAAaa_1-120_33-39/models_curation/self_scan/mutate_runfile_template.txt, ./lc3b/lir_complexes/nix/nix_4WAAaa_1-120_33-39/models_curation/self_scan/interface_runfile_template.txt, ./lc3b/lir_complexes/nix/nix_4WAAaa_1-120_33-39/models_curation/self_scan/repair_runfile_template.txt, ./lc3b/lir_complexes/nix/nix_4WAAaa_1-120_33-39/models_curation/self_scan/mutation_list.txt, ./lc3b/lir_complexes/nix/nix_4WAAaa_1-120_33-39/models_curation/self_scan/poslist.txt, ./lc3b/lir_complexes/nix/nix_4WAAaa_1-120_33-39/models_curation/self_scan/README_mutatex_run
    jobid: 3
    wildcards: peptide_name=nix, PDB=4WAA, chain_protein_original_pdb=a, chain_peptide_original_pdb=a, aa_protein=1-120, aa_peptide=33-39, method=self_scan

[Mon Oct 25 15:07:01 2021]
rule input_files:
    input: ../../../../../raw_data/computational_data/curations_data/lir_atg8/lc3b/complexes/extracted_complexes/nix/nix_4WAAbb_1-120_34-39/models_curation/
    output: ./lc3b/lir_complexes/nix/nix_4WAAbb_1-120_34-39/models_curation/self_scan/nixbb.pdb, ./lc3b/lir_complexes/nix/nix_4WAAbb_1-120_34-39/models_curation/self_scan/mutate_runfile_template.txt, ./lc3b/lir_complexes/nix/nix_4WAAbb_1-120_34-39/models_curation/self_scan/interface_runfile_template.txt, ./lc3b/lir_complexes/nix/nix_4WAAbb_1-120_34-39/models_curation/self_scan/repair_runfile_template.txt, ./lc3b/lir_complexes/nix/nix_4WAAbb_1-120_34-39/models_curation/self_scan/mutation_list.txt, ./lc3b/lir_complexes/nix/nix_4WAAbb_1-120_34-39/models_curation/self_scan/poslist.txt, ./lc3b/lir_complexes/nix/nix_4WAAbb_1-120_34-39/models_curation/self_scan/README_mutatex_run
    jobid: 4
    wildcards: peptide_name=nix, PDB=4WAA, chain_protein_original_pdb=b, chain_peptide_original_pdb=b, aa_protein=1-120, aa_peptide=34-39, method=self_scan

[Mon Oct 25 15:07:02 2021]
Finished job 3.
1 of 5 steps (20%) done

[Mon Oct 25 15:07:02 2021]
rule ala_scan:
    input: ./lc3b/lir_complexes/nix/nix_4WAAaa_1-120_33-39/models_curation/self_scan/nixaa.pdb, ./lc3b/lir_complexes/nix/nix_4WAAaa_1-120_33-39/models_curation/self_scan/mutation_list.txt, ./lc3b/lir_complexes/nix/nix_4WAAaa_1-120_33-39/models_curation/self_scan/mutate_runfile_template.txt, ./lc3b/lir_complexes/nix/nix_4WAAaa_1-120_33-39/models_curation/self_scan/interface_runfile_template.txt, ./lc3b/lir_complexes/nix/nix_4WAAaa_1-120_33-39/models_curation/self_scan/repair_runfile_template.txt, ./lc3b/lir_complexes/nix/nix_4WAAaa_1-120_33-39/models_curation/self_scan/poslist.txt, ./lc3b/lir_complexes/nix/nix_4WAAaa_1-120_33-39/models_curation/self_scan/README_mutatex_run
    output: ./lc3b/lir_complexes/nix/nix_4WAAaa_1-120_33-39/models_curation/self_scan/results/interface_ddgs/final_averages/A-B/
    jobid: 1
    wildcards: peptide_name=nix, PDB=4WAA, chain_protein_original_pdb=a, chain_peptide_original_pdb=a, aa_protein=1-120, aa_peptide=33-39, method=self_scan, chain_protein_model_pdb=A, chain_peptide_model_pdb=B

[Mon Oct 25 15:07:02 2021]
Finished job 4.
2 of 5 steps (40%) done

[Mon Oct 25 15:07:02 2021]
rule ala_scan:
    input: ./lc3b/lir_complexes/nix/nix_4WAAbb_1-120_34-39/models_curation/self_scan/nixbb.pdb, ./lc3b/lir_complexes/nix/nix_4WAAbb_1-120_34-39/models_curation/self_scan/mutation_list.txt, ./lc3b/lir_complexes/nix/nix_4WAAbb_1-120_34-39/models_curation/self_scan/mutate_runfile_template.txt, ./lc3b/lir_complexes/nix/nix_4WAAbb_1-120_34-39/models_curation/self_scan/interface_runfile_template.txt, ./lc3b/lir_complexes/nix/nix_4WAAbb_1-120_34-39/models_curation/self_scan/repair_runfile_template.txt, ./lc3b/lir_complexes/nix/nix_4WAAbb_1-120_34-39/models_curation/self_scan/poslist.txt, ./lc3b/lir_complexes/nix/nix_4WAAbb_1-120_34-39/models_curation/self_scan/README_mutatex_run
    output: ./lc3b/lir_complexes/nix/nix_4WAAbb_1-120_34-39/models_curation/self_scan/results/interface_ddgs/final_averages/A-B/
    jobid: 2
    wildcards: peptide_name=nix, PDB=4WAA, chain_protein_original_pdb=b, chain_peptide_original_pdb=b, aa_protein=1-120, aa_peptide=34-39, method=self_scan, chain_protein_model_pdb=A, chain_peptide_model_pdb=B

