Building DAG of jobs...
Relative file path './testankb/cabsdock/ankb_5YISab_1-120_1588-1613/modelX/self_scan/blind/results' starts with './'. This is redundant and strongly discouraged. It can also lead to inconsistent results of the file-matching approach used by Snakemake. You can simply omit the './' for relative file paths.
Relative file path './testankb/cabsdock/ankb_5YISab_1-120_1590-1602/modelX/ala_scan/blind/results' starts with './'. This is redundant and strongly discouraged. It can also lead to inconsistent results of the file-matching approach used by Snakemake. You can simply omit the './' for relative file paths.
Relative file path './testnix/cabsdock/nix_4WAAab_1-120_33-39/modelX/self_scan/blind/results' starts with './'. This is redundant and strongly discouraged. It can also lead to inconsistent results of the file-matching approach used by Snakemake. You can simply omit the './' for relative file paths.
Relative file path './testnix/cabsdock/nix_4WAAab_1-120_34-39/modelX/ala_scan/blind/results' starts with './'. This is redundant and strongly discouraged. It can also lead to inconsistent results of the file-matching approach used by Snakemake. You can simply omit the './' for relative file paths.
Relative file path './testankb/cabsdock/ankb_5YISab_1-120_1588-1613/modelX/self_scan/blind/ankb_5YIS.pdb' starts with './'. This is redundant and strongly discouraged. It can also lead to inconsistent results of the file-matching approach used by Snakemake. You can simply omit the './' for relative file paths.
Relative file path './testankb/cabsdock/ankb_5YISab_1-120_1588-1613/modelX/self_scan/blind/results' starts with './'. This is redundant and strongly discouraged. It can also lead to inconsistent results of the file-matching approach used by Snakemake. You can simply omit the './' for relative file paths.
Relative file path './testankb/cabsdock/ankb_5YISab_1-120_1590-1602/modelX/ala_scan/blind/ankb_5YIS.pdb' starts with './'. This is redundant and strongly discouraged. It can also lead to inconsistent results of the file-matching approach used by Snakemake. You can simply omit the './' for relative file paths.
Relative file path './testankb/cabsdock/ankb_5YISab_1-120_1590-1602/modelX/ala_scan/blind/results' starts with './'. This is redundant and strongly discouraged. It can also lead to inconsistent results of the file-matching approach used by Snakemake. You can simply omit the './' for relative file paths.
Relative file path './testnix/cabsdock/nix_4WAAab_1-120_33-39/modelX/self_scan/blind/nix_4WAA.pdb' starts with './'. This is redundant and strongly discouraged. It can also lead to inconsistent results of the file-matching approach used by Snakemake. You can simply omit the './' for relative file paths.
Relative file path './testnix/cabsdock/nix_4WAAab_1-120_33-39/modelX/self_scan/blind/results' starts with './'. This is redundant and strongly discouraged. It can also lead to inconsistent results of the file-matching approach used by Snakemake. You can simply omit the './' for relative file paths.
Relative file path './testnix/cabsdock/nix_4WAAab_1-120_34-39/modelX/ala_scan/blind/nix_4WAA.pdb' starts with './'. This is redundant and strongly discouraged. It can also lead to inconsistent results of the file-matching approach used by Snakemake. You can simply omit the './' for relative file paths.
Relative file path './testnix/cabsdock/nix_4WAAab_1-120_34-39/modelX/ala_scan/blind/results' starts with './'. This is redundant and strongly discouraged. It can also lead to inconsistent results of the file-matching approach used by Snakemake. You can simply omit the './' for relative file paths.
Relative file path './testankb/cabsdock/ankb_5YISab_1-120_1588-1613/modelX/self_scan/blind/ankb_5YIS.pdb' starts with './'. This is redundant and strongly discouraged. It can also lead to inconsistent results of the file-matching approach used by Snakemake. You can simply omit the './' for relative file paths.
Relative file path './testankb/cabsdock/ankb_5YISab_1-120_1590-1602/modelX/ala_scan/blind/ankb_5YIS.pdb' starts with './'. This is redundant and strongly discouraged. It can also lead to inconsistent results of the file-matching approach used by Snakemake. You can simply omit the './' for relative file paths.
Relative file path './testnix/cabsdock/nix_4WAAab_1-120_33-39/modelX/self_scan/blind/nix_4WAA.pdb' starts with './'. This is redundant and strongly discouraged. It can also lead to inconsistent results of the file-matching approach used by Snakemake. You can simply omit the './' for relative file paths.
Relative file path './testnix/cabsdock/nix_4WAAab_1-120_34-39/modelX/ala_scan/blind/nix_4WAA.pdb' starts with './'. This is redundant and strongly discouraged. It can also lead to inconsistent results of the file-matching approach used by Snakemake. You can simply omit the './' for relative file paths.
Job counts:
	count	jobs
	4	ala_scan
	1	all
	4	input_files
	9

[Tue Oct 26 11:16:48 2021]
rule input_files:
    input: ../../input_pdb/ankbac.pdb, ../../input_pdb/ankbbd.pdb, ../../input_pdb/nixaa.pdb, ../../input_pdb/nixbb.pdb
    output: ./testankb/cabsdock/ankb_5YISab_1-120_1588-1613/modelX/self_scan/blind/ankb_5YIS.pdb
    jobid: 5
    wildcards: slim_name=ankb, method=cabsdock, PDB=5YIS, chain_protein=a, chain_peptide=b, aa_protein=1-120, aa_peptide=1588-1613, model_name=modelX, scan=self_scan, restraints=blind

[Tue Oct 26 11:16:48 2021]
rule input_files:
    input: ../../input_pdb/ankbac.pdb, ../../input_pdb/ankbbd.pdb, ../../input_pdb/nixaa.pdb, ../../input_pdb/nixbb.pdb
    output: ./testankb/cabsdock/ankb_5YISab_1-120_1590-1602/modelX/ala_scan/blind/ankb_5YIS.pdb
    jobid: 6
    wildcards: slim_name=ankb, method=cabsdock, PDB=5YIS, chain_protein=a, chain_peptide=b, aa_protein=1-120, aa_peptide=1590-1602, model_name=modelX, scan=ala_scan, restraints=blind

[Tue Oct 26 11:16:48 2021]
rule input_files:
    input: ../../input_pdb/ankbac.pdb, ../../input_pdb/ankbbd.pdb, ../../input_pdb/nixaa.pdb, ../../input_pdb/nixbb.pdb
    output: ./testnix/cabsdock/nix_4WAAab_1-120_33-39/modelX/self_scan/blind/nix_4WAA.pdb
    jobid: 7
    wildcards: slim_name=nix, method=cabsdock, PDB=4WAA, chain_protein=a, chain_peptide=b, aa_protein=1-120, aa_peptide=33-39, model_name=modelX, scan=self_scan, restraints=blind

[Tue Oct 26 11:16:48 2021]
rule input_files:
    input: ../../input_pdb/ankbac.pdb, ../../input_pdb/ankbbd.pdb, ../../input_pdb/nixaa.pdb, ../../input_pdb/nixbb.pdb
    output: ./testnix/cabsdock/nix_4WAAab_1-120_34-39/modelX/ala_scan/blind/nix_4WAA.pdb
    jobid: 8
    wildcards: slim_name=nix, method=cabsdock, PDB=4WAA, chain_protein=a, chain_peptide=b, aa_protein=1-120, aa_peptide=34-39, model_name=modelX, scan=ala_scan, restraints=blind

[Tue Oct 26 11:16:48 2021]
rule ala_scan:
    input: ./testnix/cabsdock/nix_4WAAab_1-120_34-39/modelX/ala_scan/blind/nix_4WAA.pdb
    output: ./testnix/cabsdock/nix_4WAAab_1-120_34-39/modelX/ala_scan/blind/results
    jobid: 4
    wildcards: slim_name=nix, method=cabsdock, PDB=4WAA, chain_protein=a, chain_peptide=b, aa_protein=1-120, aa_peptide=34-39, model_name=modelX, scan=ala_scan, restraints=blind

RuleException in line 41 of /data/user/morlandi/mutatex_pipeline/SLIM-modeling/alanine_scanning/Snakefile:
'InputFiles' object has no attribute 'poslist'
  File "/usr/local/envs/py37/lib/python3.7/site-packages/snakemake/executors/__init__.py", line 115, in run_jobs
  File "/usr/local/envs/py37/lib/python3.7/site-packages/snakemake/executors/__init__.py", line 120, in run
  File "/usr/local/envs/py37/lib/python3.7/site-packages/snakemake/executors/__init__.py", line 131, in _run
  File "/usr/local/envs/py37/lib/python3.7/site-packages/snakemake/executors/__init__.py", line 151, in printjob
  File "/usr/local/envs/py37/lib/python3.7/site-packages/snakemake/executors/__init__.py", line 137, in printjob
