Building DAG of jobs...
Using shell: /bin/bash
Provided cores: 1 (use --cores to define parallelism)
Rules claiming more threads will be scaled down.
Job counts:
	count	jobs
	4	ala_scan
	1	all
	4	input_files
	9

[Wed Oct 27 10:12:51 2021]
rule input_files:
    input: ../../input_pdb/nixaa.pdb
    output: test/nix/cabsdock/nix_4WAAab_1-120_33-39/modelX/self_scan/blind/nix_4WAA.pdb, test/nix/cabsdock/nix_4WAAab_1-120_33-39/modelX/self_scan/blind/mutate_runfile_template.txt, test/nix/cabsdock/nix_4WAAab_1-120_33-39/modelX/self_scan/blind/interface_runfile_template.txt, test/nix/cabsdock/nix_4WAAab_1-120_33-39/modelX/self_scan/blind/repair_runfile_template.txt, test/nix/cabsdock/nix_4WAAab_1-120_33-39/modelX/self_scan/blind/mutation_list.txt, test/nix/cabsdock/nix_4WAAab_1-120_33-39/modelX/self_scan/blind/poslist.txt, test/nix/cabsdock/nix_4WAAab_1-120_33-39/modelX/self_scan/blind/README_mutatex_run
    jobid: 7
    wildcards: slim_name=nix, method=cabsdock, PDB=4WAA, chain_protein=a, chain_peptide=b, aa_protein=1-120, aa_peptide=33-39, model_name=modelX, scan=self_scan, restraints=blind

[Wed Oct 27 10:12:52 2021]
Finished job 7.
1 of 9 steps (11%) done

[Wed Oct 27 10:12:52 2021]
rule ala_scan:
    input: test/nix/cabsdock/nix_4WAAab_1-120_33-39/modelX/self_scan/blind/nix_4WAA.pdb, test/nix/cabsdock/nix_4WAAab_1-120_33-39/modelX/self_scan/blind/mutate_runfile_template.txt, test/nix/cabsdock/nix_4WAAab_1-120_33-39/modelX/self_scan/blind/interface_runfile_template.txt, test/nix/cabsdock/nix_4WAAab_1-120_33-39/modelX/self_scan/blind/repair_runfile_template.txt, test/nix/cabsdock/nix_4WAAab_1-120_33-39/modelX/self_scan/blind/mutation_list.txt, test/nix/cabsdock/nix_4WAAab_1-120_33-39/modelX/self_scan/blind/poslist.txt, test/nix/cabsdock/nix_4WAAab_1-120_33-39/modelX/self_scan/blind/README_mutatex_run
    output: test/nix/cabsdock/nix_4WAAab_1-120_33-39/modelX/self_scan/blind/results<function <lambda> at 0x7f3c2c227b90>
    jobid: 3
    wildcards: slim_name=nix, method=cabsdock, PDB=4WAA, chain_protein=a, chain_peptide=b, aa_protein=1-120, aa_peptide=33-39, model_name=modelX, scan=self_scan, restraints=blind, _selfmutation=<function <lambda> at 0x7f3c2c227b90>

