Wildcard constraints in inputs are ignored.
Wildcard constraints in inputs are ignored.
Wildcard constraints in inputs are ignored.
Wildcard constraints in inputs are ignored.
Wildcard constraints in inputs are ignored.
Wildcard constraints in inputs are ignored.
Wildcard constraints in inputs are ignored.
Building DAG of jobs...
File path test/cabsdock__ankb_5YISab_1-120_1590-1602_blind_//ala_scan/mutations.tar.gz contains double '/'. This is likely unintended. It can also lead to inconsistent results of the file-matching approach used by Snakemake.
File path test/cabsdock__ankb_5YISab_1-120_1590-1602_blind_//ala_scan/5YISab_1-1.pdb contains double '/'. This is likely unintended. It can also lead to inconsistent results of the file-matching approach used by Snakemake.
File path test/cabsdock__ankb_5YISab_1-120_1590-1602_blind_//ala_scan/mutate_runfile_template.txt contains double '/'. This is likely unintended. It can also lead to inconsistent results of the file-matching approach used by Snakemake.
File path test/cabsdock__ankb_5YISab_1-120_1590-1602_blind_//ala_scan/interface_runfile_template.txt contains double '/'. This is likely unintended. It can also lead to inconsistent results of the file-matching approach used by Snakemake.
File path test/cabsdock__ankb_5YISab_1-120_1590-1602_blind_//ala_scan/repair_runfile_template.txt contains double '/'. This is likely unintended. It can also lead to inconsistent results of the file-matching approach used by Snakemake.
File path test/cabsdock__ankb_5YISab_1-120_1590-1602_blind_//ala_scan/mutation_list.txt contains double '/'. This is likely unintended. It can also lead to inconsistent results of the file-matching approach used by Snakemake.
File path test/cabsdock__ankb_5YISab_1-120_1590-1602_blind_//ala_scan/poslist.txt contains double '/'. This is likely unintended. It can also lead to inconsistent results of the file-matching approach used by Snakemake.
File path test/cabsdock__ankb_5YISab_1-120_1590-1602_blind_//ala_scan/README_mutatex_run contains double '/'. This is likely unintended. It can also lead to inconsistent results of the file-matching approach used by Snakemake.
File path test/cabsdock__ankb_5YISab_1-120_1590-1602_blind_//ala_scan/mutations.tar.gz contains double '/'. This is likely unintended. It can also lead to inconsistent results of the file-matching approach used by Snakemake.
InputFunctionException in line 30 of /data/user/morlandi/mutatex_pipeline/SLIM-modeling/alanine_scanning/Snakefile:
KeyError: ('5YISab', 'cabsdock__ankb', '1-1', '2', '1590-1602', 'blind', '', '', 'ala_scan')
Wildcards:
method=cabsdock__ankb
slim_name=5YISab
PDB=1-1
chain_protein=2
chain_peptide=0
aa_protein=1590-1602
aa_peptide=blind
restraints=
model_name=
scan=ala_scan
