Building DAG of jobs...
Using shell: /bin/bash
Provided cores: 2
Rules claiming more threads will be scaled down.
Job counts:
	count	jobs
	4	ala_scan
	1	all
	4	input_files
	9

[Tue Oct 26 15:26:37 2021]
rule input_files:
    input: ../../input_pdb/nixaa.pdb
    output: test/nix/cabsdock/nix_4WAAab_1-120_33-39/modelX/self_scan/blind/nix_4WAA.pdb, test/nix/cabsdock/nix_4WAAab_1-120_33-39/modelX/self_scan/blind/mutate_runfile_template.txt, test/nix/cabsdock/nix_4WAAab_1-120_33-39/modelX/self_scan/blind/interface_runfile_template.txt, test/nix/cabsdock/nix_4WAAab_1-120_33-39/modelX/self_scan/blind/repair_runfile_template.txt, test/nix/cabsdock/nix_4WAAab_1-120_33-39/modelX/self_scan/blind/mutation_list.txt, test/nix/cabsdock/nix_4WAAab_1-120_33-39/modelX/self_scan/blind/poslist.txt, test/nix/cabsdock/nix_4WAAab_1-120_33-39/modelX/self_scan/blind/README_mutatex_run
    jobid: 7
    wildcards: slim_name=nix, method=cabsdock, PDB=4WAA, chain_protein=a, chain_peptide=b, aa_protein=1-120, aa_peptide=33-39, model_name=modelX, scan=self_scan, restraints=blind

[Tue Oct 26 15:26:37 2021]
rule input_files:
    input: ../../input_pdb/nixbb.pdb
    output: test/nix/cabsdock/nix_4WAAab_1-120_34-39/modelX/ala_scan/blind/nix_4WAA.pdb, test/nix/cabsdock/nix_4WAAab_1-120_34-39/modelX/ala_scan/blind/mutate_runfile_template.txt, test/nix/cabsdock/nix_4WAAab_1-120_34-39/modelX/ala_scan/blind/interface_runfile_template.txt, test/nix/cabsdock/nix_4WAAab_1-120_34-39/modelX/ala_scan/blind/repair_runfile_template.txt, test/nix/cabsdock/nix_4WAAab_1-120_34-39/modelX/ala_scan/blind/mutation_list.txt, test/nix/cabsdock/nix_4WAAab_1-120_34-39/modelX/ala_scan/blind/poslist.txt, test/nix/cabsdock/nix_4WAAab_1-120_34-39/modelX/ala_scan/blind/README_mutatex_run
    jobid: 8
    wildcards: slim_name=nix, method=cabsdock, PDB=4WAA, chain_protein=a, chain_peptide=b, aa_protein=1-120, aa_peptide=34-39, model_name=modelX, scan=ala_scan, restraints=blind

Shutting down, this might take some time.
Exiting because a job execution failed. Look above for error message
Complete log: /data/user/morlandi/mutatex_pipeline/SLIM-modeling/alanine_scanning/.snakemake/log/2021-10-26T152636.946800.snakemake.log
