Building DAG of jobs...
Job counts:
	count	jobs
	4	ala_scan
	1	all
	4	input_files
	9

[Sat Oct 30 15:08:46 2021]
rule input_files:
    input: ../../input_pdb/ankbac.pdb, ../../input_pdb/ankbbd.pdb, ../../input_pdb/nixaa.pdb, ../../input_pdb/nixbb.pdb
    output: test/cabsdockankb_5YISab_1-120_1590-1602_blind/modelX/ala_scan/b_5YIS.pdb, test/cabsdockankb_5YISab_1-120_1590-1602_blind/modelX/ala_scan/mutate_runfile_template.txt, test/cabsdockankb_5YISab_1-120_1590-1602_blind/modelX/ala_scan/interface_runfile_template.txt, test/cabsdockankb_5YISab_1-120_1590-1602_blind/modelX/ala_scan/repair_runfile_template.txt, test/cabsdockankb_5YISab_1-120_1590-1602_blind/modelX/ala_scan/mutation_list.txt, test/cabsdockankb_5YISab_1-120_1590-1602_blind/modelX/ala_scan/poslist.txt, test/cabsdockankb_5YISab_1-120_1590-1602_blind/modelX/ala_scan/README_mutatex_run
    jobid: 6
    wildcards: method=cabsdockank, slim_name=b, PDB=5YIS, chain_protein=a, chain_peptide=b, aa_protein=1-120, aa_peptide=1590-1602, restraints=blind, model_name=modelX, scan=ala_scan

[Sat Oct 30 15:08:46 2021]
rule input_files:
    input: ../../input_pdb/ankbac.pdb, ../../input_pdb/ankbbd.pdb, ../../input_pdb/nixaa.pdb, ../../input_pdb/nixbb.pdb
    output: test/cabsdocknix_4WAAab_1-120_33-39_blind/modelX/self_scan/x_4WAA.pdb, test/cabsdocknix_4WAAab_1-120_33-39_blind/modelX/self_scan/mutate_runfile_template.txt, test/cabsdocknix_4WAAab_1-120_33-39_blind/modelX/self_scan/interface_runfile_template.txt, test/cabsdocknix_4WAAab_1-120_33-39_blind/modelX/self_scan/repair_runfile_template.txt, test/cabsdocknix_4WAAab_1-120_33-39_blind/modelX/self_scan/mutation_list.txt, test/cabsdocknix_4WAAab_1-120_33-39_blind/modelX/self_scan/poslist.txt, test/cabsdocknix_4WAAab_1-120_33-39_blind/modelX/self_scan/README_mutatex_run
    jobid: 7
    wildcards: method=cabsdockni, slim_name=x, PDB=4WAA, chain_protein=a, chain_peptide=b, aa_protein=1-120, aa_peptide=33-39, restraints=blind, model_name=modelX, scan=self_scan

[Sat Oct 30 15:08:46 2021]
rule input_files:
    input: ../../input_pdb/ankbac.pdb, ../../input_pdb/ankbbd.pdb, ../../input_pdb/nixaa.pdb, ../../input_pdb/nixbb.pdb
    output: test/cabsdocknix_4WAAab_1-120_34-39_blind/modelX/ala_scan/x_4WAA.pdb, test/cabsdocknix_4WAAab_1-120_34-39_blind/modelX/ala_scan/mutate_runfile_template.txt, test/cabsdocknix_4WAAab_1-120_34-39_blind/modelX/ala_scan/interface_runfile_template.txt, test/cabsdocknix_4WAAab_1-120_34-39_blind/modelX/ala_scan/repair_runfile_template.txt, test/cabsdocknix_4WAAab_1-120_34-39_blind/modelX/ala_scan/mutation_list.txt, test/cabsdocknix_4WAAab_1-120_34-39_blind/modelX/ala_scan/poslist.txt, test/cabsdocknix_4WAAab_1-120_34-39_blind/modelX/ala_scan/README_mutatex_run
    jobid: 8
    wildcards: method=cabsdockni, slim_name=x, PDB=4WAA, chain_protein=a, chain_peptide=b, aa_protein=1-120, aa_peptide=34-39, restraints=blind, model_name=modelX, scan=ala_scan

[Sat Oct 30 15:08:46 2021]
rule input_files:
    input: ../../input_pdb/ankbac.pdb, ../../input_pdb/ankbbd.pdb, ../../input_pdb/nixaa.pdb, ../../input_pdb/nixbb.pdb
    output: test/ssankb_5YISab_1-120_1588-1613_blind/modelX/self_scan/b_5YIS.pdb, test/ssankb_5YISab_1-120_1588-1613_blind/modelX/self_scan/mutate_runfile_template.txt, test/ssankb_5YISab_1-120_1588-1613_blind/modelX/self_scan/interface_runfile_template.txt, test/ssankb_5YISab_1-120_1588-1613_blind/modelX/self_scan/repair_runfile_template.txt, test/ssankb_5YISab_1-120_1588-1613_blind/modelX/self_scan/mutation_list.txt, test/ssankb_5YISab_1-120_1588-1613_blind/modelX/self_scan/poslist.txt, test/ssankb_5YISab_1-120_1588-1613_blind/modelX/self_scan/README_mutatex_run
    jobid: 5
    wildcards: method=ssank, slim_name=b, PDB=5YIS, chain_protein=a, chain_peptide=b, aa_protein=1-120, aa_peptide=1588-1613, restraints=blind, model_name=modelX, scan=self_scan

[Sat Oct 30 15:08:46 2021]
rule ala_scan:
    input: test/cabsdocknix_4WAAab_1-120_34-39_blind/modelX/ala_scan/x_4WAA.pdb, test/cabsdocknix_4WAAab_1-120_34-39_blind/modelX/ala_scan/mutate_runfile_template.txt, test/cabsdocknix_4WAAab_1-120_34-39_blind/modelX/ala_scan/interface_runfile_template.txt, test/cabsdocknix_4WAAab_1-120_34-39_blind/modelX/ala_scan/repair_runfile_template.txt, test/cabsdocknix_4WAAab_1-120_34-39_blind/modelX/ala_scan/mutation_list.txt, test/cabsdocknix_4WAAab_1-120_34-39_blind/modelX/ala_scan/poslist.txt, test/cabsdocknix_4WAAab_1-120_34-39_blind/modelX/ala_scan/README_mutatex_run
    output: test/cabsdocknix_4WAAab_1-120_34-39_blind/modelX/ala_scan/mutations.tar.gz
    jobid: 4
    wildcards: method=cabsdockni, slim_name=x, PDB=4WAA, chain_protein=a, chain_peptide=b, aa_protein=1-120, aa_peptide=34-39, restraints=blind, model_name=modelX, scan=ala_scan

InputFunctionException in line 83 of /data/user/morlandi/mutatex_pipeline/SLIM-modeling/alanine_scanning/Snakefile:
KeyError: ('x', 'cabsdockni', '4WAA', 'a', 'b', '1-120', '34-39', 'blind', 'modelX')
Wildcards:
method=cabsdockni
slim_name=x
PDB=4WAA
chain_protein=a
chain_peptide=b
aa_protein=1-120
aa_peptide=34-39
restraints=blind
model_name=modelX
scan=ala_scan
  File "/usr/local/envs/py37/lib/python3.7/site-packages/snakemake/executors/__init__.py", line 115, in run_jobs
  File "/usr/local/envs/py37/lib/python3.7/site-packages/snakemake/executors/__init__.py", line 120, in run
  File "/usr/local/envs/py37/lib/python3.7/site-packages/snakemake/executors/__init__.py", line 131, in _run
  File "/usr/local/envs/py37/lib/python3.7/site-packages/snakemake/executors/__init__.py", line 151, in printjob
  File "/usr/local/envs/py37/lib/python3.7/site-packages/snakemake/executors/__init__.py", line 137, in printjob
