Wildcard constraints in inputs are ignored.
Wildcard constraints in inputs are ignored.
Wildcard constraints in inputs are ignored.
Wildcard constraints in inputs are ignored.
Wildcard constraints in inputs are ignored.
Wildcard constraints in inputs are ignored.
Wildcard constraints in inputs are ignored.
Building DAG of jobs...
File path test/cabsdock_ankb_5YISab_1-120_1590-1602blind//ala_scan/mutations.tar.gz contains double '/'. This is likely unintended. It can also lead to inconsistent results of the file-matching approach used by Snakemake.
File path test/cabsdock_ankb_5YISab_1-120_1590-1602blind//ala_scan.pdb contains double '/'. This is likely unintended. It can also lead to inconsistent results of the file-matching approach used by Snakemake.
File path test/cabsdock_ankb_5YISab_1-120_1590-1602blind//ala_scan/mutate_runfile_template.txt contains double '/'. This is likely unintended. It can also lead to inconsistent results of the file-matching approach used by Snakemake.
File path test/cabsdock_ankb_5YISab_1-120_1590-1602blind//ala_scan/interface_runfile_template.txt contains double '/'. This is likely unintended. It can also lead to inconsistent results of the file-matching approach used by Snakemake.
File path test/cabsdock_ankb_5YISab_1-120_1590-1602blind//ala_scan/repair_runfile_template.txt contains double '/'. This is likely unintended. It can also lead to inconsistent results of the file-matching approach used by Snakemake.
File path test/cabsdock_ankb_5YISab_1-120_1590-1602blind//ala_scan/mutation_list.txt contains double '/'. This is likely unintended. It can also lead to inconsistent results of the file-matching approach used by Snakemake.
File path test/cabsdock_ankb_5YISab_1-120_1590-1602blind//ala_scan/poslist.txt contains double '/'. This is likely unintended. It can also lead to inconsistent results of the file-matching approach used by Snakemake.
File path test/cabsdock_ankb_5YISab_1-120_1590-1602blind//ala_scan/README_mutatex_run contains double '/'. This is likely unintended. It can also lead to inconsistent results of the file-matching approach used by Snakemake.
File path test/cabsdock_ankb_5YISab_1-120_1590-1602blind//ala_scan/mutations.tar.gz contains double '/'. This is likely unintended. It can also lead to inconsistent results of the file-matching approach used by Snakemake.
InputFunctionException in line 30 of /data/user/morlandi/mutatex_pipeline/SLIM-modeling/alanine_scanning/Snakefile:
AttributeError: 'Wildcards' object has no attribute 'model_name'
Wildcards:
method=ss_ankb
slim_name=5YISab
PDB=1-1
chain_protein=2
chain_peptide=0
aa_protein=1588-1613/modelX/self
aa_peptide=scan
restraints=
