Building DAG of jobs...
Relative file path './testankb/cabsdock/ankb_5YISab_1-120_1588-1613/modelX/self_scan/blind/results' starts with './'. This is redundant and strongly discouraged. It can also lead to inconsistent results of the file-matching approach used by Snakemake. You can simply omit the './' for relative file paths.
Relative file path './testankb/cabsdock/ankb_5YISab_1-120_1588-1613/modelX/self_scan/blind/ankb_5YIS.pdb' starts with './'. This is redundant and strongly discouraged. It can also lead to inconsistent results of the file-matching approach used by Snakemake. You can simply omit the './' for relative file paths.
Relative file path './testankb/cabsdock/ankb_5YISab_1-120_1588-1613/modelX/self_scan/blind/results' starts with './'. This is redundant and strongly discouraged. It can also lead to inconsistent results of the file-matching approach used by Snakemake. You can simply omit the './' for relative file paths.
Relative file path './testankb/cabsdock/ankb_5YISab_1-120_1588-1613/modelX/self_scan/blind/ankb_5YIS.pdb' starts with './'. This is redundant and strongly discouraged. It can also lead to inconsistent results of the file-matching approach used by Snakemake. You can simply omit the './' for relative file paths.
Using shell: /bin/bash
Provided cores: 1 (use --cores to define parallelism)
Rules claiming more threads will be scaled down.
Job counts:
	count	jobs
	1	ala_scan
	1	all
	1	input_files
	3

[Tue Oct 26 11:51:35 2021]
rule input_files:
    input: ../../input_pdb/ankbab.pdb
    output: ./testankb/cabsdock/ankb_5YISab_1-120_1588-1613/modelX/self_scan/blind/ankb_5YIS.pdb
    jobid: 2
    wildcards: slim_name=ankb, method=cabsdock, PDB=5YIS, chain_protein=a, chain_peptide=b, aa_protein=1-120, aa_peptide=1588-1613, model_name=modelX, scan=self_scan, restraints=blind

Shutting down, this might take some time.
Exiting because a job execution failed. Look above for error message
Complete log: /data/user/morlandi/mutatex_pipeline/SLIM-modeling/alanine_scanning/.snakemake/log/2021-10-26T115135.471452.snakemake.log
