Building DAG of jobs...
Relative file path './lc3b/lir_complexes/ankb/ankb_5YISac_1-120_1588-1613/models_curation/self_scan/results/interface_ddgs/final_averages/A-B/' starts with './'. This is redundant and strongly discouraged. It can also lead to inconsistent results of the file-matching approach used by Snakemake. You can simply omit the './' for relative file paths.
Relative file path './lc3b/lir_complexes/ankb/ankb_5YISbd_1-120_1590-1602/models_curation/ala_scan/results/interface_ddgs/final_averages/A-B/' starts with './'. This is redundant and strongly discouraged. It can also lead to inconsistent results of the file-matching approach used by Snakemake. You can simply omit the './' for relative file paths.
Relative file path './lc3b/lir_complexes/nix/nix_4WAAaa_1-120_33-39/models_curation/self_scan/results/interface_ddgs/final_averages/A-B/' starts with './'. This is redundant and strongly discouraged. It can also lead to inconsistent results of the file-matching approach used by Snakemake. You can simply omit the './' for relative file paths.
Relative file path './lc3b/lir_complexes/nix/nix_4WAAbb_1-120_34-39/models_curation/ala_scan/results/interface_ddgs/final_averages/A-B/' starts with './'. This is redundant and strongly discouraged. It can also lead to inconsistent results of the file-matching approach used by Snakemake. You can simply omit the './' for relative file paths.
Relative file path './lc3b/lir_complexes/ankb/ankb_5YISac_1-120_1588-1613/models_curation/self_scan/ankbac.pdb' starts with './'. This is redundant and strongly discouraged. It can also lead to inconsistent results of the file-matching approach used by Snakemake. You can simply omit the './' for relative file paths.
Relative file path './lc3b/lir_complexes/ankb/ankb_5YISac_1-120_1588-1613/models_curation/self_scan/mutation_list.txt' starts with './'. This is redundant and strongly discouraged. It can also lead to inconsistent results of the file-matching approach used by Snakemake. You can simply omit the './' for relative file paths.
Relative file path './lc3b/lir_complexes/ankb/ankb_5YISac_1-120_1588-1613/models_curation/self_scan/mutate_runfile_template.txt' starts with './'. This is redundant and strongly discouraged. It can also lead to inconsistent results of the file-matching approach used by Snakemake. You can simply omit the './' for relative file paths.
Relative file path './lc3b/lir_complexes/ankb/ankb_5YISac_1-120_1588-1613/models_curation/self_scan/interface_runfile_template.txt' starts with './'. This is redundant and strongly discouraged. It can also lead to inconsistent results of the file-matching approach used by Snakemake. You can simply omit the './' for relative file paths.
Relative file path './lc3b/lir_complexes/ankb/ankb_5YISac_1-120_1588-1613/models_curation/self_scan/repair_runfile_template.txt' starts with './'. This is redundant and strongly discouraged. It can also lead to inconsistent results of the file-matching approach used by Snakemake. You can simply omit the './' for relative file paths.
Relative file path './lc3b/lir_complexes/ankb/ankb_5YISac_1-120_1588-1613/models_curation/self_scan/poslist.txt' starts with './'. This is redundant and strongly discouraged. It can also lead to inconsistent results of the file-matching approach used by Snakemake. You can simply omit the './' for relative file paths.
Relative file path './lc3b/lir_complexes/ankb/ankb_5YISac_1-120_1588-1613/models_curation/self_scan/README_mutatex_run' starts with './'. This is redundant and strongly discouraged. It can also lead to inconsistent results of the file-matching approach used by Snakemake. You can simply omit the './' for relative file paths.
Relative file path './lc3b/lir_complexes/ankb/ankb_5YISac_1-120_1588-1613/models_curation/self_scan/results/interface_ddgs/final_averages/A-B/' starts with './'. This is redundant and strongly discouraged. It can also lead to inconsistent results of the file-matching approach used by Snakemake. You can simply omit the './' for relative file paths.
Relative file path './lc3b/lir_complexes/ankb/ankb_5YISbd_1-120_1590-1602/models_curation/ala_scan/ankbbd.pdb' starts with './'. This is redundant and strongly discouraged. It can also lead to inconsistent results of the file-matching approach used by Snakemake. You can simply omit the './' for relative file paths.
Relative file path './lc3b/lir_complexes/ankb/ankb_5YISbd_1-120_1590-1602/models_curation/ala_scan/mutation_list.txt' starts with './'. This is redundant and strongly discouraged. It can also lead to inconsistent results of the file-matching approach used by Snakemake. You can simply omit the './' for relative file paths.
Relative file path './lc3b/lir_complexes/ankb/ankb_5YISbd_1-120_1590-1602/models_curation/ala_scan/mutate_runfile_template.txt' starts with './'. This is redundant and strongly discouraged. It can also lead to inconsistent results of the file-matching approach used by Snakemake. You can simply omit the './' for relative file paths.
Relative file path './lc3b/lir_complexes/ankb/ankb_5YISbd_1-120_1590-1602/models_curation/ala_scan/interface_runfile_template.txt' starts with './'. This is redundant and strongly discouraged. It can also lead to inconsistent results of the file-matching approach used by Snakemake. You can simply omit the './' for relative file paths.
Relative file path './lc3b/lir_complexes/ankb/ankb_5YISbd_1-120_1590-1602/models_curation/ala_scan/repair_runfile_template.txt' starts with './'. This is redundant and strongly discouraged. It can also lead to inconsistent results of the file-matching approach used by Snakemake. You can simply omit the './' for relative file paths.
Relative file path './lc3b/lir_complexes/ankb/ankb_5YISbd_1-120_1590-1602/models_curation/ala_scan/poslist.txt' starts with './'. This is redundant and strongly discouraged. It can also lead to inconsistent results of the file-matching approach used by Snakemake. You can simply omit the './' for relative file paths.
Relative file path './lc3b/lir_complexes/ankb/ankb_5YISbd_1-120_1590-1602/models_curation/ala_scan/README_mutatex_run' starts with './'. This is redundant and strongly discouraged. It can also lead to inconsistent results of the file-matching approach used by Snakemake. You can simply omit the './' for relative file paths.
Relative file path './lc3b/lir_complexes/ankb/ankb_5YISbd_1-120_1590-1602/models_curation/ala_scan/results/interface_ddgs/final_averages/A-B/' starts with './'. This is redundant and strongly discouraged. It can also lead to inconsistent results of the file-matching approach used by Snakemake. You can simply omit the './' for relative file paths.
Relative file path './lc3b/lir_complexes/nix/nix_4WAAaa_1-120_33-39/models_curation/self_scan/nixaa.pdb' starts with './'. This is redundant and strongly discouraged. It can also lead to inconsistent results of the file-matching approach used by Snakemake. You can simply omit the './' for relative file paths.
Relative file path './lc3b/lir_complexes/nix/nix_4WAAaa_1-120_33-39/models_curation/self_scan/mutation_list.txt' starts with './'. This is redundant and strongly discouraged. It can also lead to inconsistent results of the file-matching approach used by Snakemake. You can simply omit the './' for relative file paths.
Relative file path './lc3b/lir_complexes/nix/nix_4WAAaa_1-120_33-39/models_curation/self_scan/mutate_runfile_template.txt' starts with './'. This is redundant and strongly discouraged. It can also lead to inconsistent results of the file-matching approach used by Snakemake. You can simply omit the './' for relative file paths.
Relative file path './lc3b/lir_complexes/nix/nix_4WAAaa_1-120_33-39/models_curation/self_scan/interface_runfile_template.txt' starts with './'. This is redundant and strongly discouraged. It can also lead to inconsistent results of the file-matching approach used by Snakemake. You can simply omit the './' for relative file paths.
Relative file path './lc3b/lir_complexes/nix/nix_4WAAaa_1-120_33-39/models_curation/self_scan/repair_runfile_template.txt' starts with './'. This is redundant and strongly discouraged. It can also lead to inconsistent results of the file-matching approach used by Snakemake. You can simply omit the './' for relative file paths.
Relative file path './lc3b/lir_complexes/nix/nix_4WAAaa_1-120_33-39/models_curation/self_scan/poslist.txt' starts with './'. This is redundant and strongly discouraged. It can also lead to inconsistent results of the file-matching approach used by Snakemake. You can simply omit the './' for relative file paths.
Relative file path './lc3b/lir_complexes/nix/nix_4WAAaa_1-120_33-39/models_curation/self_scan/README_mutatex_run' starts with './'. This is redundant and strongly discouraged. It can also lead to inconsistent results of the file-matching approach used by Snakemake. You can simply omit the './' for relative file paths.
Relative file path './lc3b/lir_complexes/nix/nix_4WAAaa_1-120_33-39/models_curation/self_scan/results/interface_ddgs/final_averages/A-B/' starts with './'. This is redundant and strongly discouraged. It can also lead to inconsistent results of the file-matching approach used by Snakemake. You can simply omit the './' for relative file paths.
Relative file path './lc3b/lir_complexes/nix/nix_4WAAbb_1-120_34-39/models_curation/ala_scan/nixbb.pdb' starts with './'. This is redundant and strongly discouraged. It can also lead to inconsistent results of the file-matching approach used by Snakemake. You can simply omit the './' for relative file paths.
Relative file path './lc3b/lir_complexes/nix/nix_4WAAbb_1-120_34-39/models_curation/ala_scan/mutation_list.txt' starts with './'. This is redundant and strongly discouraged. It can also lead to inconsistent results of the file-matching approach used by Snakemake. You can simply omit the './' for relative file paths.
Relative file path './lc3b/lir_complexes/nix/nix_4WAAbb_1-120_34-39/models_curation/ala_scan/mutate_runfile_template.txt' starts with './'. This is redundant and strongly discouraged. It can also lead to inconsistent results of the file-matching approach used by Snakemake. You can simply omit the './' for relative file paths.
Relative file path './lc3b/lir_complexes/nix/nix_4WAAbb_1-120_34-39/models_curation/ala_scan/interface_runfile_template.txt' starts with './'. This is redundant and strongly discouraged. It can also lead to inconsistent results of the file-matching approach used by Snakemake. You can simply omit the './' for relative file paths.
Relative file path './lc3b/lir_complexes/nix/nix_4WAAbb_1-120_34-39/models_curation/ala_scan/repair_runfile_template.txt' starts with './'. This is redundant and strongly discouraged. It can also lead to inconsistent results of the file-matching approach used by Snakemake. You can simply omit the './' for relative file paths.
Relative file path './lc3b/lir_complexes/nix/nix_4WAAbb_1-120_34-39/models_curation/ala_scan/poslist.txt' starts with './'. This is redundant and strongly discouraged. It can also lead to inconsistent results of the file-matching approach used by Snakemake. You can simply omit the './' for relative file paths.
Relative file path './lc3b/lir_complexes/nix/nix_4WAAbb_1-120_34-39/models_curation/ala_scan/README_mutatex_run' starts with './'. This is redundant and strongly discouraged. It can also lead to inconsistent results of the file-matching approach used by Snakemake. You can simply omit the './' for relative file paths.
Relative file path './lc3b/lir_complexes/nix/nix_4WAAbb_1-120_34-39/models_curation/ala_scan/results/interface_ddgs/final_averages/A-B/' starts with './'. This is redundant and strongly discouraged. It can also lead to inconsistent results of the file-matching approach used by Snakemake. You can simply omit the './' for relative file paths.
Relative file path './lc3b/lir_complexes/ankb/ankb_5YISac_1-120_1588-1613/models_curation/self_scan/ankbac.pdb' starts with './'. This is redundant and strongly discouraged. It can also lead to inconsistent results of the file-matching approach used by Snakemake. You can simply omit the './' for relative file paths.
Relative file path './lc3b/lir_complexes/ankb/ankb_5YISac_1-120_1588-1613/models_curation/self_scan/mutate_runfile_template.txt' starts with './'. This is redundant and strongly discouraged. It can also lead to inconsistent results of the file-matching approach used by Snakemake. You can simply omit the './' for relative file paths.
Relative file path './lc3b/lir_complexes/ankb/ankb_5YISac_1-120_1588-1613/models_curation/self_scan/interface_runfile_template.txt' starts with './'. This is redundant and strongly discouraged. It can also lead to inconsistent results of the file-matching approach used by Snakemake. You can simply omit the './' for relative file paths.
Relative file path './lc3b/lir_complexes/ankb/ankb_5YISac_1-120_1588-1613/models_curation/self_scan/repair_runfile_template.txt' starts with './'. This is redundant and strongly discouraged. It can also lead to inconsistent results of the file-matching approach used by Snakemake. You can simply omit the './' for relative file paths.
Relative file path './lc3b/lir_complexes/ankb/ankb_5YISac_1-120_1588-1613/models_curation/self_scan/mutation_list.txt' starts with './'. This is redundant and strongly discouraged. It can also lead to inconsistent results of the file-matching approach used by Snakemake. You can simply omit the './' for relative file paths.
Relative file path './lc3b/lir_complexes/ankb/ankb_5YISac_1-120_1588-1613/models_curation/self_scan/poslist.txt' starts with './'. This is redundant and strongly discouraged. It can also lead to inconsistent results of the file-matching approach used by Snakemake. You can simply omit the './' for relative file paths.
Relative file path './lc3b/lir_complexes/ankb/ankb_5YISac_1-120_1588-1613/models_curation/self_scan/README_mutatex_run' starts with './'. This is redundant and strongly discouraged. It can also lead to inconsistent results of the file-matching approach used by Snakemake. You can simply omit the './' for relative file paths.
Relative file path './lc3b/lir_complexes/ankb/ankb_5YISbd_1-120_1590-1602/models_curation/ala_scan/ankbbd.pdb' starts with './'. This is redundant and strongly discouraged. It can also lead to inconsistent results of the file-matching approach used by Snakemake. You can simply omit the './' for relative file paths.
Relative file path './lc3b/lir_complexes/ankb/ankb_5YISbd_1-120_1590-1602/models_curation/ala_scan/mutate_runfile_template.txt' starts with './'. This is redundant and strongly discouraged. It can also lead to inconsistent results of the file-matching approach used by Snakemake. You can simply omit the './' for relative file paths.
Relative file path './lc3b/lir_complexes/ankb/ankb_5YISbd_1-120_1590-1602/models_curation/ala_scan/interface_runfile_template.txt' starts with './'. This is redundant and strongly discouraged. It can also lead to inconsistent results of the file-matching approach used by Snakemake. You can simply omit the './' for relative file paths.
Relative file path './lc3b/lir_complexes/ankb/ankb_5YISbd_1-120_1590-1602/models_curation/ala_scan/repair_runfile_template.txt' starts with './'. This is redundant and strongly discouraged. It can also lead to inconsistent results of the file-matching approach used by Snakemake. You can simply omit the './' for relative file paths.
Relative file path './lc3b/lir_complexes/ankb/ankb_5YISbd_1-120_1590-1602/models_curation/ala_scan/mutation_list.txt' starts with './'. This is redundant and strongly discouraged. It can also lead to inconsistent results of the file-matching approach used by Snakemake. You can simply omit the './' for relative file paths.
Relative file path './lc3b/lir_complexes/ankb/ankb_5YISbd_1-120_1590-1602/models_curation/ala_scan/poslist.txt' starts with './'. This is redundant and strongly discouraged. It can also lead to inconsistent results of the file-matching approach used by Snakemake. You can simply omit the './' for relative file paths.
Relative file path './lc3b/lir_complexes/ankb/ankb_5YISbd_1-120_1590-1602/models_curation/ala_scan/README_mutatex_run' starts with './'. This is redundant and strongly discouraged. It can also lead to inconsistent results of the file-matching approach used by Snakemake. You can simply omit the './' for relative file paths.
Relative file path './lc3b/lir_complexes/nix/nix_4WAAaa_1-120_33-39/models_curation/self_scan/nixaa.pdb' starts with './'. This is redundant and strongly discouraged. It can also lead to inconsistent results of the file-matching approach used by Snakemake. You can simply omit the './' for relative file paths.
Relative file path './lc3b/lir_complexes/nix/nix_4WAAaa_1-120_33-39/models_curation/self_scan/mutate_runfile_template.txt' starts with './'. This is redundant and strongly discouraged. It can also lead to inconsistent results of the file-matching approach used by Snakemake. You can simply omit the './' for relative file paths.
Relative file path './lc3b/lir_complexes/nix/nix_4WAAaa_1-120_33-39/models_curation/self_scan/interface_runfile_template.txt' starts with './'. This is redundant and strongly discouraged. It can also lead to inconsistent results of the file-matching approach used by Snakemake. You can simply omit the './' for relative file paths.
Relative file path './lc3b/lir_complexes/nix/nix_4WAAaa_1-120_33-39/models_curation/self_scan/repair_runfile_template.txt' starts with './'. This is redundant and strongly discouraged. It can also lead to inconsistent results of the file-matching approach used by Snakemake. You can simply omit the './' for relative file paths.
Relative file path './lc3b/lir_complexes/nix/nix_4WAAaa_1-120_33-39/models_curation/self_scan/mutation_list.txt' starts with './'. This is redundant and strongly discouraged. It can also lead to inconsistent results of the file-matching approach used by Snakemake. You can simply omit the './' for relative file paths.
Relative file path './lc3b/lir_complexes/nix/nix_4WAAaa_1-120_33-39/models_curation/self_scan/poslist.txt' starts with './'. This is redundant and strongly discouraged. It can also lead to inconsistent results of the file-matching approach used by Snakemake. You can simply omit the './' for relative file paths.
Relative file path './lc3b/lir_complexes/nix/nix_4WAAaa_1-120_33-39/models_curation/self_scan/README_mutatex_run' starts with './'. This is redundant and strongly discouraged. It can also lead to inconsistent results of the file-matching approach used by Snakemake. You can simply omit the './' for relative file paths.
Relative file path './lc3b/lir_complexes/nix/nix_4WAAbb_1-120_34-39/models_curation/ala_scan/nixbb.pdb' starts with './'. This is redundant and strongly discouraged. It can also lead to inconsistent results of the file-matching approach used by Snakemake. You can simply omit the './' for relative file paths.
Relative file path './lc3b/lir_complexes/nix/nix_4WAAbb_1-120_34-39/models_curation/ala_scan/mutate_runfile_template.txt' starts with './'. This is redundant and strongly discouraged. It can also lead to inconsistent results of the file-matching approach used by Snakemake. You can simply omit the './' for relative file paths.
Relative file path './lc3b/lir_complexes/nix/nix_4WAAbb_1-120_34-39/models_curation/ala_scan/interface_runfile_template.txt' starts with './'. This is redundant and strongly discouraged. It can also lead to inconsistent results of the file-matching approach used by Snakemake. You can simply omit the './' for relative file paths.
Relative file path './lc3b/lir_complexes/nix/nix_4WAAbb_1-120_34-39/models_curation/ala_scan/repair_runfile_template.txt' starts with './'. This is redundant and strongly discouraged. It can also lead to inconsistent results of the file-matching approach used by Snakemake. You can simply omit the './' for relative file paths.
Relative file path './lc3b/lir_complexes/nix/nix_4WAAbb_1-120_34-39/models_curation/ala_scan/mutation_list.txt' starts with './'. This is redundant and strongly discouraged. It can also lead to inconsistent results of the file-matching approach used by Snakemake. You can simply omit the './' for relative file paths.
Relative file path './lc3b/lir_complexes/nix/nix_4WAAbb_1-120_34-39/models_curation/ala_scan/poslist.txt' starts with './'. This is redundant and strongly discouraged. It can also lead to inconsistent results of the file-matching approach used by Snakemake. You can simply omit the './' for relative file paths.
Relative file path './lc3b/lir_complexes/nix/nix_4WAAbb_1-120_34-39/models_curation/ala_scan/README_mutatex_run' starts with './'. This is redundant and strongly discouraged. It can also lead to inconsistent results of the file-matching approach used by Snakemake. You can simply omit the './' for relative file paths.
Using shell: /bin/bash
Provided cores: 2
Rules claiming more threads will be scaled down.
Job counts:
	count	jobs
	4	ala_scan
	1	all
	4	input_files
	9

[Mon Oct 25 09:55:01 2021]
rule input_files:
    input: ../../../../../raw_data/computational_data/curations_data/lir_atg8/lc3b/complexes/extracted_complexes/ankb/ankb_5YISac_1-120_1588-1613/models_curation/
    output: ./lc3b/lir_complexes/ankb/ankb_5YISac_1-120_1588-1613/models_curation/self_scan/ankbac.pdb, ./lc3b/lir_complexes/ankb/ankb_5YISac_1-120_1588-1613/models_curation/self_scan/mutate_runfile_template.txt, ./lc3b/lir_complexes/ankb/ankb_5YISac_1-120_1588-1613/models_curation/self_scan/interface_runfile_template.txt, ./lc3b/lir_complexes/ankb/ankb_5YISac_1-120_1588-1613/models_curation/self_scan/repair_runfile_template.txt, ./lc3b/lir_complexes/ankb/ankb_5YISac_1-120_1588-1613/models_curation/self_scan/mutation_list.txt, ./lc3b/lir_complexes/ankb/ankb_5YISac_1-120_1588-1613/models_curation/self_scan/poslist.txt, ./lc3b/lir_complexes/ankb/ankb_5YISac_1-120_1588-1613/models_curation/self_scan/README_mutatex_run
    jobid: 5
    wildcards: peptide_name=ankb, PDB=5YIS, chain_protein_original_pdb=a, chain_peptide_original_pdb=c, aa_protein=1-120, aa_peptide=1588-1613, method=self_scan

[Mon Oct 25 09:55:01 2021]
rule input_files:
    input: ../../../../../raw_data/computational_data/curations_data/lir_atg8/lc3b/complexes/extracted_complexes/ankb/ankb_5YISbd_1-120_1590-1602/models_curation/
    output: ./lc3b/lir_complexes/ankb/ankb_5YISbd_1-120_1590-1602/models_curation/ala_scan/ankbbd.pdb, ./lc3b/lir_complexes/ankb/ankb_5YISbd_1-120_1590-1602/models_curation/ala_scan/mutate_runfile_template.txt, ./lc3b/lir_complexes/ankb/ankb_5YISbd_1-120_1590-1602/models_curation/ala_scan/interface_runfile_template.txt, ./lc3b/lir_complexes/ankb/ankb_5YISbd_1-120_1590-1602/models_curation/ala_scan/repair_runfile_template.txt, ./lc3b/lir_complexes/ankb/ankb_5YISbd_1-120_1590-1602/models_curation/ala_scan/mutation_list.txt, ./lc3b/lir_complexes/ankb/ankb_5YISbd_1-120_1590-1602/models_curation/ala_scan/poslist.txt, ./lc3b/lir_complexes/ankb/ankb_5YISbd_1-120_1590-1602/models_curation/ala_scan/README_mutatex_run
    jobid: 6
    wildcards: peptide_name=ankb, PDB=5YIS, chain_protein_original_pdb=b, chain_peptide_original_pdb=d, aa_protein=1-120, aa_peptide=1590-1602, method=ala_scan

[Mon Oct 25 09:55:02 2021]
Finished job 5.
1 of 9 steps (11%) done

[Mon Oct 25 09:55:02 2021]
rule ala_scan:
    input: ./lc3b/lir_complexes/ankb/ankb_5YISac_1-120_1588-1613/models_curation/self_scan/ankbac.pdb, ./lc3b/lir_complexes/ankb/ankb_5YISac_1-120_1588-1613/models_curation/self_scan/mutation_list.txt, ./lc3b/lir_complexes/ankb/ankb_5YISac_1-120_1588-1613/models_curation/self_scan/mutate_runfile_template.txt, ./lc3b/lir_complexes/ankb/ankb_5YISac_1-120_1588-1613/models_curation/self_scan/interface_runfile_template.txt, ./lc3b/lir_complexes/ankb/ankb_5YISac_1-120_1588-1613/models_curation/self_scan/repair_runfile_template.txt, ./lc3b/lir_complexes/ankb/ankb_5YISac_1-120_1588-1613/models_curation/self_scan/poslist.txt, ./lc3b/lir_complexes/ankb/ankb_5YISac_1-120_1588-1613/models_curation/self_scan/README_mutatex_run
    output: ./lc3b/lir_complexes/ankb/ankb_5YISac_1-120_1588-1613/models_curation/self_scan/results/interface_ddgs/final_averages/A-B/
    jobid: 1
    wildcards: peptide_name=ankb, PDB=5YIS, chain_protein_original_pdb=a, chain_peptide_original_pdb=c, aa_protein=1-120, aa_peptide=1588-1613, method=self_scan, chain_protein_model_pdb=A, chain_peptide_model_pdb=B

[Mon Oct 25 09:55:02 2021]
Finished job 6.
2 of 9 steps (22%) done
InputFunctionException in line 92 of /data/user/morlandi/mutatex_pipeline/SLIM-modeling/alanine_scanning/Snakefile:
KeyError: 'method'
Wildcards:
peptide_name=ankb
PDB=5YIS
chain_protein_original_pdb=a
chain_peptide_original_pdb=c
aa_protein=1-120
aa_peptide=1588-1613
method=self_scan
chain_protein_model_pdb=A
chain_peptide_model_pdb=B
  File "/usr/local/envs/py37/lib/python3.7/site-packages/snakemake/executors/__init__.py", line 115, in run_jobs
  File "/usr/local/envs/py37/lib/python3.7/site-packages/snakemake/executors/__init__.py", line 402, in run
  File "/usr/local/envs/py37/lib/python3.7/site-packages/snakemake/executors/__init__.py", line 203, in _run
  File "/usr/local/envs/py37/lib/python3.7/site-packages/snakemake/executors/__init__.py", line 131, in _run
  File "/usr/local/envs/py37/lib/python3.7/site-packages/snakemake/executors/__init__.py", line 137, in printjob
