Wildcard constraints in inputs are ignored.
Wildcard constraints in inputs are ignored.
Wildcard constraints in inputs are ignored.
Wildcard constraints in inputs are ignored.
Wildcard constraints in inputs are ignored.
Wildcard constraints in inputs are ignored.
Wildcard constraints in inputs are ignored.
Building DAG of jobs...
File path output_folder/cabsdock_ankb_5YISab_1-120_1588-1613/modelX//pep_scan/mutations.tar.gz contains double '/'. This is likely unintended. It can also lead to inconsistent results of the file-matching approach used by Snakemake.
File path output_folder/cabsdock_ankb_5YISab_1-120_1588-1613/modelX//pep_scan/ankb_5YIS.pdb contains double '/'. This is likely unintended. It can also lead to inconsistent results of the file-matching approach used by Snakemake.
File path output_folder/cabsdock_ankb_5YISab_1-120_1588-1613/modelX//pep_scan/mutate_runfile_template.txt contains double '/'. This is likely unintended. It can also lead to inconsistent results of the file-matching approach used by Snakemake.
File path output_folder/cabsdock_ankb_5YISab_1-120_1588-1613/modelX//pep_scan/interface_runfile_template.txt contains double '/'. This is likely unintended. It can also lead to inconsistent results of the file-matching approach used by Snakemake.
File path output_folder/cabsdock_ankb_5YISab_1-120_1588-1613/modelX//pep_scan/repair_runfile_template.txt contains double '/'. This is likely unintended. It can also lead to inconsistent results of the file-matching approach used by Snakemake.
File path output_folder/cabsdock_ankb_5YISab_1-120_1588-1613/modelX//pep_scan/mutation_list.txt contains double '/'. This is likely unintended. It can also lead to inconsistent results of the file-matching approach used by Snakemake.
File path output_folder/cabsdock_ankb_5YISab_1-120_1588-1613/modelX//pep_scan/poslist.txt contains double '/'. This is likely unintended. It can also lead to inconsistent results of the file-matching approach used by Snakemake.
File path output_folder/cabsdock_ankb_5YISab_1-120_1588-1613/modelX//pep_scan/README_mutatex_run contains double '/'. This is likely unintended. It can also lead to inconsistent results of the file-matching approach used by Snakemake.
File path output_folder/cabsdock_ankb_5YISab_1-120_1588-1613/modelX//pep_scan/mutations.tar.gz contains double '/'. This is likely unintended. It can also lead to inconsistent results of the file-matching approach used by Snakemake.
File path output_folder/cabsdock_ankb_5YISab_1-120_1588-1613/modelX//pep_scan/ankb_5YIS.pdb contains double '/'. This is likely unintended. It can also lead to inconsistent results of the file-matching approach used by Snakemake.
File path output_folder/cabsdock_ankb_5YISab_1-120_1588-1613/modelX//pep_scan/mutate_runfile_template.txt contains double '/'. This is likely unintended. It can also lead to inconsistent results of the file-matching approach used by Snakemake.
File path output_folder/cabsdock_ankb_5YISab_1-120_1588-1613/modelX//pep_scan/interface_runfile_template.txt contains double '/'. This is likely unintended. It can also lead to inconsistent results of the file-matching approach used by Snakemake.
File path output_folder/cabsdock_ankb_5YISab_1-120_1588-1613/modelX//pep_scan/repair_runfile_template.txt contains double '/'. This is likely unintended. It can also lead to inconsistent results of the file-matching approach used by Snakemake.
File path output_folder/cabsdock_ankb_5YISab_1-120_1588-1613/modelX//pep_scan/mutation_list.txt contains double '/'. This is likely unintended. It can also lead to inconsistent results of the file-matching approach used by Snakemake.
File path output_folder/cabsdock_ankb_5YISab_1-120_1588-1613/modelX//pep_scan/poslist.txt contains double '/'. This is likely unintended. It can also lead to inconsistent results of the file-matching approach used by Snakemake.
File path output_folder/cabsdock_ankb_5YISab_1-120_1588-1613/modelX//pep_scan/README_mutatex_run contains double '/'. This is likely unintended. It can also lead to inconsistent results of the file-matching approach used by Snakemake.
Using shell: /bin/bash
Provided cores: 1 (use --cores to define parallelism)
Rules claiming more threads will be scaled down.
Job counts:
	count	jobs
	1	all
	1	input_files
	1	mutatex_scan
	3

[Wed Nov  3 14:34:22 2021]
rule input_files:
    input: ../input_pdb/ankbac.pdb
    output: output_folder/cabsdock_ankb_5YISab_1-120_1588-1613/modelX//pep_scan/ankb_5YIS.pdb, output_folder/cabsdock_ankb_5YISab_1-120_1588-1613/modelX//pep_scan/mutate_runfile_template.txt, output_folder/cabsdock_ankb_5YISab_1-120_1588-1613/modelX//pep_scan/interface_runfile_template.txt, output_folder/cabsdock_ankb_5YISab_1-120_1588-1613/modelX//pep_scan/repair_runfile_template.txt, output_folder/cabsdock_ankb_5YISab_1-120_1588-1613/modelX//pep_scan/mutation_list.txt, output_folder/cabsdock_ankb_5YISab_1-120_1588-1613/modelX//pep_scan/poslist.txt, output_folder/cabsdock_ankb_5YISab_1-120_1588-1613/modelX//pep_scan/README_mutatex_run
    jobid: 2
    wildcards: method=cabsdock, slim_name=ankb, PDB=5YIS, chain_protein=a, chain_peptide=b, aa_protein=1-120, aa_peptide=1588-1613, model_name=modelX, restraints=, scan=pep_scan

Shutting down, this might take some time.
Exiting because a job execution failed. Look above for error message
Complete log: /data/user/morlandi/mutatex_pipeline/pep_scan/.snakemake/log/2021-11-03T143421.455911.snakemake.log
