Building DAG of jobs...
Relative file path './test/ankb/cabsdock/ankb_5YISab_1-120_1588-1613/modelX/self_scan/blind/test' starts with './'. This is redundant and strongly discouraged. It can also lead to inconsistent results of the file-matching approach used by Snakemake. You can simply omit the './' for relative file paths.
Relative file path './test/ankb/cabsdock/ankb_5YISab_1-120_1590-1602/modelX/ala_scan/blind/test' starts with './'. This is redundant and strongly discouraged. It can also lead to inconsistent results of the file-matching approach used by Snakemake. You can simply omit the './' for relative file paths.
Relative file path './test/ankb/cabsdock/ankb_5YISab_1-120_1588-1613/modelX/self_scan/blind/ankb_5YIS.pdb' starts with './'. This is redundant and strongly discouraged. It can also lead to inconsistent results of the file-matching approach used by Snakemake. You can simply omit the './' for relative file paths.
Relative file path './test/ankb/cabsdock/ankb_5YISab_1-120_1588-1613/modelX/self_scan/blind/test' starts with './'. This is redundant and strongly discouraged. It can also lead to inconsistent results of the file-matching approach used by Snakemake. You can simply omit the './' for relative file paths.
Relative file path './test/ankb/cabsdock/ankb_5YISab_1-120_1590-1602/modelX/ala_scan/blind/ankb_5YIS.pdb' starts with './'. This is redundant and strongly discouraged. It can also lead to inconsistent results of the file-matching approach used by Snakemake. You can simply omit the './' for relative file paths.
Relative file path './test/ankb/cabsdock/ankb_5YISab_1-120_1590-1602/modelX/ala_scan/blind/test' starts with './'. This is redundant and strongly discouraged. It can also lead to inconsistent results of the file-matching approach used by Snakemake. You can simply omit the './' for relative file paths.
Relative file path './test/ankb/cabsdock/ankb_5YISab_1-120_1588-1613/modelX/self_scan/blind/ankb_5YIS.pdb' starts with './'. This is redundant and strongly discouraged. It can also lead to inconsistent results of the file-matching approach used by Snakemake. You can simply omit the './' for relative file paths.
Relative file path './test/ankb/cabsdock/ankb_5YISab_1-120_1590-1602/modelX/ala_scan/blind/ankb_5YIS.pdb' starts with './'. This is redundant and strongly discouraged. It can also lead to inconsistent results of the file-matching approach used by Snakemake. You can simply omit the './' for relative file paths.
Using shell: /bin/bash
Provided cores: 1 (use --cores to define parallelism)
Rules claiming more threads will be scaled down.
Job counts:
	count	jobs
	2	ala_scan
	1	all
	2	input_files
	5

[Tue Oct 26 13:31:20 2021]
rule input_files:
    input: ../../input_pdb/ankbbd.pdb
    output: ./test/ankb/cabsdock/ankb_5YISab_1-120_1590-1602/modelX/ala_scan/blind/ankb_5YIS.pdb
    jobid: 4
    wildcards: slim_name=ankb, method=cabsdock, PDB=5YIS, chain_protein=a, chain_peptide=b, aa_protein=1-120, aa_peptide=1590-1602, model_name=modelX, scan=ala_scan, restraints=blind

[Tue Oct 26 13:31:21 2021]
Finished job 4.
1 of 5 steps (20%) done

[Tue Oct 26 13:31:21 2021]
rule ala_scan:
    input: ./test/ankb/cabsdock/ankb_5YISab_1-120_1590-1602/modelX/ala_scan/blind/ankb_5YIS.pdb
    output: ./test/ankb/cabsdock/ankb_5YISab_1-120_1590-1602/modelX/ala_scan/blind/test
    jobid: 2
    wildcards: slim_name=ankb, method=cabsdock, PDB=5YIS, chain_protein=a, chain_peptide=b, aa_protein=1-120, aa_peptide=1590-1602, model_name=modelX, scan=ala_scan, restraints=blind

[Tue Oct 26 13:31:21 2021]
Finished job 2.
2 of 5 steps (40%) done

[Tue Oct 26 13:31:21 2021]
rule input_files:
    input: ../../input_pdb/ankbac.pdb
    output: ./test/ankb/cabsdock/ankb_5YISab_1-120_1588-1613/modelX/self_scan/blind/ankb_5YIS.pdb
    jobid: 3
    wildcards: slim_name=ankb, method=cabsdock, PDB=5YIS, chain_protein=a, chain_peptide=b, aa_protein=1-120, aa_peptide=1588-1613, model_name=modelX, scan=self_scan, restraints=blind

[Tue Oct 26 13:31:21 2021]
Finished job 3.
3 of 5 steps (60%) done

[Tue Oct 26 13:31:21 2021]
rule ala_scan:
    input: ./test/ankb/cabsdock/ankb_5YISab_1-120_1588-1613/modelX/self_scan/blind/ankb_5YIS.pdb
    output: ./test/ankb/cabsdock/ankb_5YISab_1-120_1588-1613/modelX/self_scan/blind/test
    jobid: 1
    wildcards: slim_name=ankb, method=cabsdock, PDB=5YIS, chain_protein=a, chain_peptide=b, aa_protein=1-120, aa_peptide=1588-1613, model_name=modelX, scan=self_scan, restraints=blind

[Tue Oct 26 13:31:21 2021]
Finished job 1.
4 of 5 steps (80%) done

[Tue Oct 26 13:31:21 2021]
localrule all:
    input: ./test/ankb/cabsdock/ankb_5YISab_1-120_1588-1613/modelX/self_scan/blind/test, ./test/ankb/cabsdock/ankb_5YISab_1-120_1590-1602/modelX/ala_scan/blind/test
    jobid: 0

[Tue Oct 26 13:31:21 2021]
Finished job 0.
5 of 5 steps (100%) done
Complete log: /data/user/morlandi/mutatex_pipeline/SLIM-modeling/alanine_scanning/.snakemake/log/2021-10-26T133120.019298.snakemake.log
