Building DAG of jobs...
Relative file path './lc3b/lir_complexes/ankb/ankb_5YISac_1-120_1588-1613/models_curation/ala_slim/results/interface_ddgs/final_averages/A-B/' starts with './'. This is redundant and strongly discouraged. It can also lead to inconsistent results of the file-matching approach used by Snakemake. You can simply omit the './' for relative file paths.
Relative file path './lc3b/lir_complexes/ankb/ankb_5YISbd_1-120_1590-1602/models_curation/ala_slim/results/interface_ddgs/final_averages/A-B/' starts with './'. This is redundant and strongly discouraged. It can also lead to inconsistent results of the file-matching approach used by Snakemake. You can simply omit the './' for relative file paths.
Relative file path './lc3b/lir_complexes/nix/nix_4WAAaa_1-120_33-39/models_curation/ala_slim/results/interface_ddgs/final_averages/A-ALA_SCAN/' starts with './'. This is redundant and strongly discouraged. It can also lead to inconsistent results of the file-matching approach used by Snakemake. You can simply omit the './' for relative file paths.
Relative file path './lc3b/lir_complexes/nix/nix_4WAAbb_1-120_34-39/models_curation/ala_slim/results/interface_ddgs/final_averages/A-B/' starts with './'. This is redundant and strongly discouraged. It can also lead to inconsistent results of the file-matching approach used by Snakemake. You can simply omit the './' for relative file paths.
Relative file path './lc3b/lir_complexes/ankb/ankb_5YISac_1-120_1588-1613/models_curation/ala_slim/ankbac.pdb' starts with './'. This is redundant and strongly discouraged. It can also lead to inconsistent results of the file-matching approach used by Snakemake. You can simply omit the './' for relative file paths.
Relative file path './lc3b/lir_complexes/ankb/ankb_5YISac_1-120_1588-1613/models_curation/ala_slim/mutation_list.txt' starts with './'. This is redundant and strongly discouraged. It can also lead to inconsistent results of the file-matching approach used by Snakemake. You can simply omit the './' for relative file paths.
Relative file path './lc3b/lir_complexes/ankb/ankb_5YISac_1-120_1588-1613/models_curation/ala_slim/mutate_runfile_template.txt' starts with './'. This is redundant and strongly discouraged. It can also lead to inconsistent results of the file-matching approach used by Snakemake. You can simply omit the './' for relative file paths.
Relative file path './lc3b/lir_complexes/ankb/ankb_5YISac_1-120_1588-1613/models_curation/ala_slim/interface_runfile_template.txt' starts with './'. This is redundant and strongly discouraged. It can also lead to inconsistent results of the file-matching approach used by Snakemake. You can simply omit the './' for relative file paths.
Relative file path './lc3b/lir_complexes/ankb/ankb_5YISac_1-120_1588-1613/models_curation/ala_slim/repair_runfile_template.txt' starts with './'. This is redundant and strongly discouraged. It can also lead to inconsistent results of the file-matching approach used by Snakemake. You can simply omit the './' for relative file paths.
Relative file path './lc3b/lir_complexes/ankb/ankb_5YISac_1-120_1588-1613/models_curation/ala_slim/poslist.txt' starts with './'. This is redundant and strongly discouraged. It can also lead to inconsistent results of the file-matching approach used by Snakemake. You can simply omit the './' for relative file paths.
Relative file path './lc3b/lir_complexes/ankb/ankb_5YISac_1-120_1588-1613/models_curation/ala_slim/README_mutatex_run' starts with './'. This is redundant and strongly discouraged. It can also lead to inconsistent results of the file-matching approach used by Snakemake. You can simply omit the './' for relative file paths.
Relative file path './lc3b/lir_complexes/ankb/ankb_5YISac_1-120_1588-1613/models_curation/ala_slim/results/interface_ddgs/final_averages/A-B/' starts with './'. This is redundant and strongly discouraged. It can also lead to inconsistent results of the file-matching approach used by Snakemake. You can simply omit the './' for relative file paths.
Relative file path './lc3b/lir_complexes/ankb/ankb_5YISbd_1-120_1590-1602/models_curation/ala_slim/ankbbd.pdb' starts with './'. This is redundant and strongly discouraged. It can also lead to inconsistent results of the file-matching approach used by Snakemake. You can simply omit the './' for relative file paths.
Relative file path './lc3b/lir_complexes/ankb/ankb_5YISbd_1-120_1590-1602/models_curation/ala_slim/mutation_list.txt' starts with './'. This is redundant and strongly discouraged. It can also lead to inconsistent results of the file-matching approach used by Snakemake. You can simply omit the './' for relative file paths.
Relative file path './lc3b/lir_complexes/ankb/ankb_5YISbd_1-120_1590-1602/models_curation/ala_slim/mutate_runfile_template.txt' starts with './'. This is redundant and strongly discouraged. It can also lead to inconsistent results of the file-matching approach used by Snakemake. You can simply omit the './' for relative file paths.
Relative file path './lc3b/lir_complexes/ankb/ankb_5YISbd_1-120_1590-1602/models_curation/ala_slim/interface_runfile_template.txt' starts with './'. This is redundant and strongly discouraged. It can also lead to inconsistent results of the file-matching approach used by Snakemake. You can simply omit the './' for relative file paths.
Relative file path './lc3b/lir_complexes/ankb/ankb_5YISbd_1-120_1590-1602/models_curation/ala_slim/repair_runfile_template.txt' starts with './'. This is redundant and strongly discouraged. It can also lead to inconsistent results of the file-matching approach used by Snakemake. You can simply omit the './' for relative file paths.
Relative file path './lc3b/lir_complexes/ankb/ankb_5YISbd_1-120_1590-1602/models_curation/ala_slim/poslist.txt' starts with './'. This is redundant and strongly discouraged. It can also lead to inconsistent results of the file-matching approach used by Snakemake. You can simply omit the './' for relative file paths.
Relative file path './lc3b/lir_complexes/ankb/ankb_5YISbd_1-120_1590-1602/models_curation/ala_slim/README_mutatex_run' starts with './'. This is redundant and strongly discouraged. It can also lead to inconsistent results of the file-matching approach used by Snakemake. You can simply omit the './' for relative file paths.
Relative file path './lc3b/lir_complexes/ankb/ankb_5YISbd_1-120_1590-1602/models_curation/ala_slim/results/interface_ddgs/final_averages/A-B/' starts with './'. This is redundant and strongly discouraged. It can also lead to inconsistent results of the file-matching approach used by Snakemake. You can simply omit the './' for relative file paths.
Relative file path './lc3b/lir_complexes/nix/nix_4WAAaa_1-120_33-39/models_curation/ala_slim/nixaa.pdb' starts with './'. This is redundant and strongly discouraged. It can also lead to inconsistent results of the file-matching approach used by Snakemake. You can simply omit the './' for relative file paths.
Relative file path './lc3b/lir_complexes/nix/nix_4WAAaa_1-120_33-39/models_curation/ala_slim/mutation_list.txt' starts with './'. This is redundant and strongly discouraged. It can also lead to inconsistent results of the file-matching approach used by Snakemake. You can simply omit the './' for relative file paths.
Relative file path './lc3b/lir_complexes/nix/nix_4WAAaa_1-120_33-39/models_curation/ala_slim/mutate_runfile_template.txt' starts with './'. This is redundant and strongly discouraged. It can also lead to inconsistent results of the file-matching approach used by Snakemake. You can simply omit the './' for relative file paths.
Relative file path './lc3b/lir_complexes/nix/nix_4WAAaa_1-120_33-39/models_curation/ala_slim/interface_runfile_template.txt' starts with './'. This is redundant and strongly discouraged. It can also lead to inconsistent results of the file-matching approach used by Snakemake. You can simply omit the './' for relative file paths.
Relative file path './lc3b/lir_complexes/nix/nix_4WAAaa_1-120_33-39/models_curation/ala_slim/repair_runfile_template.txt' starts with './'. This is redundant and strongly discouraged. It can also lead to inconsistent results of the file-matching approach used by Snakemake. You can simply omit the './' for relative file paths.
Relative file path './lc3b/lir_complexes/nix/nix_4WAAaa_1-120_33-39/models_curation/ala_slim/poslist.txt' starts with './'. This is redundant and strongly discouraged. It can also lead to inconsistent results of the file-matching approach used by Snakemake. You can simply omit the './' for relative file paths.
Relative file path './lc3b/lir_complexes/nix/nix_4WAAaa_1-120_33-39/models_curation/ala_slim/README_mutatex_run' starts with './'. This is redundant and strongly discouraged. It can also lead to inconsistent results of the file-matching approach used by Snakemake. You can simply omit the './' for relative file paths.
Relative file path './lc3b/lir_complexes/nix/nix_4WAAaa_1-120_33-39/models_curation/ala_slim/results/interface_ddgs/final_averages/A-ALA_SCAN/' starts with './'. This is redundant and strongly discouraged. It can also lead to inconsistent results of the file-matching approach used by Snakemake. You can simply omit the './' for relative file paths.
Relative file path './lc3b/lir_complexes/nix/nix_4WAAbb_1-120_34-39/models_curation/ala_slim/nixbb.pdb' starts with './'. This is redundant and strongly discouraged. It can also lead to inconsistent results of the file-matching approach used by Snakemake. You can simply omit the './' for relative file paths.
Relative file path './lc3b/lir_complexes/nix/nix_4WAAbb_1-120_34-39/models_curation/ala_slim/mutation_list.txt' starts with './'. This is redundant and strongly discouraged. It can also lead to inconsistent results of the file-matching approach used by Snakemake. You can simply omit the './' for relative file paths.
Relative file path './lc3b/lir_complexes/nix/nix_4WAAbb_1-120_34-39/models_curation/ala_slim/mutate_runfile_template.txt' starts with './'. This is redundant and strongly discouraged. It can also lead to inconsistent results of the file-matching approach used by Snakemake. You can simply omit the './' for relative file paths.
Relative file path './lc3b/lir_complexes/nix/nix_4WAAbb_1-120_34-39/models_curation/ala_slim/interface_runfile_template.txt' starts with './'. This is redundant and strongly discouraged. It can also lead to inconsistent results of the file-matching approach used by Snakemake. You can simply omit the './' for relative file paths.
Relative file path './lc3b/lir_complexes/nix/nix_4WAAbb_1-120_34-39/models_curation/ala_slim/repair_runfile_template.txt' starts with './'. This is redundant and strongly discouraged. It can also lead to inconsistent results of the file-matching approach used by Snakemake. You can simply omit the './' for relative file paths.
Relative file path './lc3b/lir_complexes/nix/nix_4WAAbb_1-120_34-39/models_curation/ala_slim/poslist.txt' starts with './'. This is redundant and strongly discouraged. It can also lead to inconsistent results of the file-matching approach used by Snakemake. You can simply omit the './' for relative file paths.
Relative file path './lc3b/lir_complexes/nix/nix_4WAAbb_1-120_34-39/models_curation/ala_slim/README_mutatex_run' starts with './'. This is redundant and strongly discouraged. It can also lead to inconsistent results of the file-matching approach used by Snakemake. You can simply omit the './' for relative file paths.
Relative file path './lc3b/lir_complexes/nix/nix_4WAAbb_1-120_34-39/models_curation/ala_slim/results/interface_ddgs/final_averages/A-B/' starts with './'. This is redundant and strongly discouraged. It can also lead to inconsistent results of the file-matching approach used by Snakemake. You can simply omit the './' for relative file paths.
Relative file path './lc3b/lir_complexes/ankb/ankb_5YISac_1-120_1588-1613/models_curation/ala_slim/ankbac.pdb' starts with './'. This is redundant and strongly discouraged. It can also lead to inconsistent results of the file-matching approach used by Snakemake. You can simply omit the './' for relative file paths.
Relative file path './lc3b/lir_complexes/ankb/ankb_5YISac_1-120_1588-1613/models_curation/ala_slim/mutate_runfile_template.txt' starts with './'. This is redundant and strongly discouraged. It can also lead to inconsistent results of the file-matching approach used by Snakemake. You can simply omit the './' for relative file paths.
Relative file path './lc3b/lir_complexes/ankb/ankb_5YISac_1-120_1588-1613/models_curation/ala_slim/interface_runfile_template.txt' starts with './'. This is redundant and strongly discouraged. It can also lead to inconsistent results of the file-matching approach used by Snakemake. You can simply omit the './' for relative file paths.
Relative file path './lc3b/lir_complexes/ankb/ankb_5YISac_1-120_1588-1613/models_curation/ala_slim/repair_runfile_template.txt' starts with './'. This is redundant and strongly discouraged. It can also lead to inconsistent results of the file-matching approach used by Snakemake. You can simply omit the './' for relative file paths.
Relative file path './lc3b/lir_complexes/ankb/ankb_5YISac_1-120_1588-1613/models_curation/ala_slim/mutation_list.txt' starts with './'. This is redundant and strongly discouraged. It can also lead to inconsistent results of the file-matching approach used by Snakemake. You can simply omit the './' for relative file paths.
Relative file path './lc3b/lir_complexes/ankb/ankb_5YISac_1-120_1588-1613/models_curation/ala_slim/poslist.txt' starts with './'. This is redundant and strongly discouraged. It can also lead to inconsistent results of the file-matching approach used by Snakemake. You can simply omit the './' for relative file paths.
Relative file path './lc3b/lir_complexes/ankb/ankb_5YISac_1-120_1588-1613/models_curation/ala_slim/README_mutatex_run' starts with './'. This is redundant and strongly discouraged. It can also lead to inconsistent results of the file-matching approach used by Snakemake. You can simply omit the './' for relative file paths.
Relative file path './lc3b/lir_complexes/ankb/ankb_5YISbd_1-120_1590-1602/models_curation/ala_slim/ankbbd.pdb' starts with './'. This is redundant and strongly discouraged. It can also lead to inconsistent results of the file-matching approach used by Snakemake. You can simply omit the './' for relative file paths.
Relative file path './lc3b/lir_complexes/ankb/ankb_5YISbd_1-120_1590-1602/models_curation/ala_slim/mutate_runfile_template.txt' starts with './'. This is redundant and strongly discouraged. It can also lead to inconsistent results of the file-matching approach used by Snakemake. You can simply omit the './' for relative file paths.
Relative file path './lc3b/lir_complexes/ankb/ankb_5YISbd_1-120_1590-1602/models_curation/ala_slim/interface_runfile_template.txt' starts with './'. This is redundant and strongly discouraged. It can also lead to inconsistent results of the file-matching approach used by Snakemake. You can simply omit the './' for relative file paths.
Relative file path './lc3b/lir_complexes/ankb/ankb_5YISbd_1-120_1590-1602/models_curation/ala_slim/repair_runfile_template.txt' starts with './'. This is redundant and strongly discouraged. It can also lead to inconsistent results of the file-matching approach used by Snakemake. You can simply omit the './' for relative file paths.
Relative file path './lc3b/lir_complexes/ankb/ankb_5YISbd_1-120_1590-1602/models_curation/ala_slim/mutation_list.txt' starts with './'. This is redundant and strongly discouraged. It can also lead to inconsistent results of the file-matching approach used by Snakemake. You can simply omit the './' for relative file paths.
Relative file path './lc3b/lir_complexes/ankb/ankb_5YISbd_1-120_1590-1602/models_curation/ala_slim/poslist.txt' starts with './'. This is redundant and strongly discouraged. It can also lead to inconsistent results of the file-matching approach used by Snakemake. You can simply omit the './' for relative file paths.
Relative file path './lc3b/lir_complexes/ankb/ankb_5YISbd_1-120_1590-1602/models_curation/ala_slim/README_mutatex_run' starts with './'. This is redundant and strongly discouraged. It can also lead to inconsistent results of the file-matching approach used by Snakemake. You can simply omit the './' for relative file paths.
Relative file path './lc3b/lir_complexes/nix/nix_4WAAaa_1-120_33-39/models_curation/ala_slim/nixaa.pdb' starts with './'. This is redundant and strongly discouraged. It can also lead to inconsistent results of the file-matching approach used by Snakemake. You can simply omit the './' for relative file paths.
Relative file path './lc3b/lir_complexes/nix/nix_4WAAaa_1-120_33-39/models_curation/ala_slim/mutate_runfile_template.txt' starts with './'. This is redundant and strongly discouraged. It can also lead to inconsistent results of the file-matching approach used by Snakemake. You can simply omit the './' for relative file paths.
Relative file path './lc3b/lir_complexes/nix/nix_4WAAaa_1-120_33-39/models_curation/ala_slim/interface_runfile_template.txt' starts with './'. This is redundant and strongly discouraged. It can also lead to inconsistent results of the file-matching approach used by Snakemake. You can simply omit the './' for relative file paths.
Relative file path './lc3b/lir_complexes/nix/nix_4WAAaa_1-120_33-39/models_curation/ala_slim/repair_runfile_template.txt' starts with './'. This is redundant and strongly discouraged. It can also lead to inconsistent results of the file-matching approach used by Snakemake. You can simply omit the './' for relative file paths.
Relative file path './lc3b/lir_complexes/nix/nix_4WAAaa_1-120_33-39/models_curation/ala_slim/mutation_list.txt' starts with './'. This is redundant and strongly discouraged. It can also lead to inconsistent results of the file-matching approach used by Snakemake. You can simply omit the './' for relative file paths.
Relative file path './lc3b/lir_complexes/nix/nix_4WAAaa_1-120_33-39/models_curation/ala_slim/poslist.txt' starts with './'. This is redundant and strongly discouraged. It can also lead to inconsistent results of the file-matching approach used by Snakemake. You can simply omit the './' for relative file paths.
Relative file path './lc3b/lir_complexes/nix/nix_4WAAaa_1-120_33-39/models_curation/ala_slim/README_mutatex_run' starts with './'. This is redundant and strongly discouraged. It can also lead to inconsistent results of the file-matching approach used by Snakemake. You can simply omit the './' for relative file paths.
Relative file path './lc3b/lir_complexes/nix/nix_4WAAbb_1-120_34-39/models_curation/ala_slim/nixbb.pdb' starts with './'. This is redundant and strongly discouraged. It can also lead to inconsistent results of the file-matching approach used by Snakemake. You can simply omit the './' for relative file paths.
Relative file path './lc3b/lir_complexes/nix/nix_4WAAbb_1-120_34-39/models_curation/ala_slim/mutate_runfile_template.txt' starts with './'. This is redundant and strongly discouraged. It can also lead to inconsistent results of the file-matching approach used by Snakemake. You can simply omit the './' for relative file paths.
Relative file path './lc3b/lir_complexes/nix/nix_4WAAbb_1-120_34-39/models_curation/ala_slim/interface_runfile_template.txt' starts with './'. This is redundant and strongly discouraged. It can also lead to inconsistent results of the file-matching approach used by Snakemake. You can simply omit the './' for relative file paths.
Relative file path './lc3b/lir_complexes/nix/nix_4WAAbb_1-120_34-39/models_curation/ala_slim/repair_runfile_template.txt' starts with './'. This is redundant and strongly discouraged. It can also lead to inconsistent results of the file-matching approach used by Snakemake. You can simply omit the './' for relative file paths.
Relative file path './lc3b/lir_complexes/nix/nix_4WAAbb_1-120_34-39/models_curation/ala_slim/mutation_list.txt' starts with './'. This is redundant and strongly discouraged. It can also lead to inconsistent results of the file-matching approach used by Snakemake. You can simply omit the './' for relative file paths.
Relative file path './lc3b/lir_complexes/nix/nix_4WAAbb_1-120_34-39/models_curation/ala_slim/poslist.txt' starts with './'. This is redundant and strongly discouraged. It can also lead to inconsistent results of the file-matching approach used by Snakemake. You can simply omit the './' for relative file paths.
Relative file path './lc3b/lir_complexes/nix/nix_4WAAbb_1-120_34-39/models_curation/ala_slim/README_mutatex_run' starts with './'. This is redundant and strongly discouraged. It can also lead to inconsistent results of the file-matching approach used by Snakemake. You can simply omit the './' for relative file paths.
Using shell: /bin/bash
Provided cores: 2
Rules claiming more threads will be scaled down.
Job counts:
	count	jobs
	4	ala_scan
	1	all
	4	input_files
	9

[Sun Oct 24 16:52:08 2021]
rule input_files:
    input: ../../../../../raw_data/computational_data/curations_data/lir_atg8/lc3b/complexes/extracted_complexes/nix/nix_4WAAaa_1-120_33-39/models_curation/
    output: ./lc3b/lir_complexes/nix/nix_4WAAaa_1-120_33-39/models_curation/ala_slim/nixaa.pdb, ./lc3b/lir_complexes/nix/nix_4WAAaa_1-120_33-39/models_curation/ala_slim/mutate_runfile_template.txt, ./lc3b/lir_complexes/nix/nix_4WAAaa_1-120_33-39/models_curation/ala_slim/interface_runfile_template.txt, ./lc3b/lir_complexes/nix/nix_4WAAaa_1-120_33-39/models_curation/ala_slim/repair_runfile_template.txt, ./lc3b/lir_complexes/nix/nix_4WAAaa_1-120_33-39/models_curation/ala_slim/mutation_list.txt, ./lc3b/lir_complexes/nix/nix_4WAAaa_1-120_33-39/models_curation/ala_slim/poslist.txt, ./lc3b/lir_complexes/nix/nix_4WAAaa_1-120_33-39/models_curation/ala_slim/README_mutatex_run
    jobid: 7
    wildcards: peptide_name=nix, PDB=4WAA, chain_protein_original_pdb=a, chain_peptide_original_pdb=a, aa_protein=1-120, aa_peptide=33-39

[Sun Oct 24 16:52:08 2021]
rule input_files:
    input: ../../../../../raw_data/computational_data/curations_data/lir_atg8/lc3b/complexes/extracted_complexes/nix/nix_4WAAbb_1-120_34-39/models_curation/
    output: ./lc3b/lir_complexes/nix/nix_4WAAbb_1-120_34-39/models_curation/ala_slim/nixbb.pdb, ./lc3b/lir_complexes/nix/nix_4WAAbb_1-120_34-39/models_curation/ala_slim/mutate_runfile_template.txt, ./lc3b/lir_complexes/nix/nix_4WAAbb_1-120_34-39/models_curation/ala_slim/interface_runfile_template.txt, ./lc3b/lir_complexes/nix/nix_4WAAbb_1-120_34-39/models_curation/ala_slim/repair_runfile_template.txt, ./lc3b/lir_complexes/nix/nix_4WAAbb_1-120_34-39/models_curation/ala_slim/mutation_list.txt, ./lc3b/lir_complexes/nix/nix_4WAAbb_1-120_34-39/models_curation/ala_slim/poslist.txt, ./lc3b/lir_complexes/nix/nix_4WAAbb_1-120_34-39/models_curation/ala_slim/README_mutatex_run
    jobid: 8
    wildcards: peptide_name=nix, PDB=4WAA, chain_protein_original_pdb=b, chain_peptide_original_pdb=b, aa_protein=1-120, aa_peptide=34-39

[Sun Oct 24 16:52:09 2021]
Finished job 8.
1 of 9 steps (11%) done

[Sun Oct 24 16:52:09 2021]
rule ala_scan:
    input: ./lc3b/lir_complexes/nix/nix_4WAAbb_1-120_34-39/models_curation/ala_slim/nixbb.pdb, ./lc3b/lir_complexes/nix/nix_4WAAbb_1-120_34-39/models_curation/ala_slim/mutation_list.txt, ./lc3b/lir_complexes/nix/nix_4WAAbb_1-120_34-39/models_curation/ala_slim/mutate_runfile_template.txt, ./lc3b/lir_complexes/nix/nix_4WAAbb_1-120_34-39/models_curation/ala_slim/interface_runfile_template.txt, ./lc3b/lir_complexes/nix/nix_4WAAbb_1-120_34-39/models_curation/ala_slim/repair_runfile_template.txt, ./lc3b/lir_complexes/nix/nix_4WAAbb_1-120_34-39/models_curation/ala_slim/poslist.txt, ./lc3b/lir_complexes/nix/nix_4WAAbb_1-120_34-39/models_curation/ala_slim/README_mutatex_run
    output: ./lc3b/lir_complexes/nix/nix_4WAAbb_1-120_34-39/models_curation/ala_slim/results/interface_ddgs/final_averages/A-B/
    jobid: 4
    wildcards: peptide_name=nix, PDB=4WAA, chain_protein_original_pdb=b, chain_peptide_original_pdb=b, aa_protein=1-120, aa_peptide=34-39, chain_protein_model_pdb=A, chain_peptide_model_pdb=B

