Wildcard constraints in inputs are ignored.
Wildcard constraints in inputs are ignored.
Wildcard constraints in inputs are ignored.
Wildcard constraints in inputs are ignored.
Wildcard constraints in inputs are ignored.
Wildcard constraints in inputs are ignored.
Wildcard constraints in inputs are ignored.
Building DAG of jobs...
Using shell: /bin/bash
Provided cores: 1 (use --cores to define parallelism)
Rules claiming more threads will be scaled down.
Job counts:
	count	jobs
	4	ala_scan
	1	all
	4	input_files
	9

[Fri Oct 29 14:01:38 2021]
rule input_files:
    input: ../../input_pdb/ankbbd.pdb
    output: test/cabsdock_ankb_5YISab_1-120_1590-1602/modelX/ala_scan/blind/ankb_5YIS.pdb, test/cabsdock_ankb_5YISab_1-120_1590-1602/modelX/ala_scan/blind/mutate_runfile_template.txt, test/cabsdock_ankb_5YISab_1-120_1590-1602/modelX/ala_scan/blind/interface_runfile_template.txt, test/cabsdock_ankb_5YISab_1-120_1590-1602/modelX/ala_scan/blind/repair_runfile_template.txt, test/cabsdock_ankb_5YISab_1-120_1590-1602/modelX/ala_scan/blind/mutation_list.txt, test/cabsdock_ankb_5YISab_1-120_1590-1602/modelX/ala_scan/blind/poslist.txt, test/cabsdock_ankb_5YISab_1-120_1590-1602/modelX/ala_scan/blind/README_mutatex_run
    jobid: 6
    wildcards: method=cabsdock, slim_name=ankb, PDB=5YIS, chain_protein=a, chain_peptide=b, aa_protein=1-120, aa_peptide=1590-1602, model_name=modelX, scan=ala_scan, restraints=blind

[Fri Oct 29 14:01:39 2021]
Finished job 6.
1 of 9 steps (11%) done

[Fri Oct 29 14:01:39 2021]
rule ala_scan:
    input: test/cabsdock_ankb_5YISab_1-120_1590-1602/modelX/ala_scan/blind/ankb_5YIS.pdb, test/cabsdock_ankb_5YISab_1-120_1590-1602/modelX/ala_scan/blind/mutate_runfile_template.txt, test/cabsdock_ankb_5YISab_1-120_1590-1602/modelX/ala_scan/blind/interface_runfile_template.txt, test/cabsdock_ankb_5YISab_1-120_1590-1602/modelX/ala_scan/blind/repair_runfile_template.txt, test/cabsdock_ankb_5YISab_1-120_1590-1602/modelX/ala_scan/blind/mutation_list.txt, test/cabsdock_ankb_5YISab_1-120_1590-1602/modelX/ala_scan/blind/poslist.txt, test/cabsdock_ankb_5YISab_1-120_1590-1602/modelX/ala_scan/blind/README_mutatex_run
    output: test/cabsdock_ankb_5YISab_1-120_1590-1602/modelX/ala_scan/blind/mutations.tar.gz
    jobid: 2
    wildcards: method=cabsdock, slim_name=ankb, PDB=5YIS, chain_protein=a, chain_peptide=b, aa_protein=1-120, aa_peptide=1590-1602, model_name=modelX, scan=ala_scan, restraints=blind

[Fri Oct 29 14:01:39 2021]
Error in rule ala_scan:
    jobid: 2
    output: test/cabsdock_ankb_5YISab_1-120_1590-1602/modelX/ala_scan/blind/mutations.tar.gz
    shell:
        
        set +u; source /usr/local/envs/mutatex/bin/activate; set -u
        cd test//ankb/cabsdock/ankb_5YISab_1-120_1590-1602/modelX/ala_scan/blind/
        echo -e "# mutatex command
mutatex $(basename test/cabsdock_ankb_5YISab_1-120_1590-1602/modelX/ala_scan/blind/ankb_5YIS.pdb) -q $(basename test/cabsdock_ankb_5YISab_1-120_1590-1602/modelX/ala_scan/blind/poslist.txt)  -m $(basename test/cabsdock_ankb_5YISab_1-120_1590-1602/modelX/ala_scan/blind/mutation_list.txt) --foldx-version=suite5 --np 1 -x /usr/local/foldx5_2021/foldx -B -C deep -v -L -c -l >& log &" >> $(basename test/cabsdock_ankb_5YISab_1-120_1590-1602/modelX/ala_scan/blind/README_mutatex_run)
        mutatex $(basename test/cabsdock_ankb_5YISab_1-120_1590-1602/modelX/ala_scan/blind/ankb_5YIS.pdb) -q $(basename test/cabsdock_ankb_5YISab_1-120_1590-1602/modelX/ala_scan/blind/poslist.txt)  -m $(basename test/cabsdock_ankb_5YISab_1-120_1590-1602/modelX/ala_scan/blind/mutation_list.txt) --foldx-version=suite5 --np 1 -x /usr/local/foldx5_2021/foldx -B -C deep -v -L -c -l >& log 
        
        (one of the commands exited with non-zero exit code; note that snakemake uses bash strict mode!)

Shutting down, this might take some time.
Exiting because a job execution failed. Look above for error message
Complete log: /data/user/morlandi/mutatex_pipeline/SLIM-modeling/alanine_scanning/.snakemake/log/2021-10-29T140137.852085.snakemake.log
