Wildcard constraints in inputs are ignored.
Wildcard constraints in inputs are ignored.
Wildcard constraints in inputs are ignored.
Wildcard constraints in inputs are ignored.
Wildcard constraints in inputs are ignored.
Wildcard constraints in inputs are ignored.
Wildcard constraints in inputs are ignored.
Building DAG of jobs...
InputFunctionException in line 28 of /data/user/morlandi/mutatex_pipeline/SLIM-modeling/alanine_scanning/Snakefile:
KeyError: "['ank' 'b' '5YIS' 'a' '1-120' '1588-1613' 'blind' 'self_scan' 'modelX'] not in index"
Wildcards:
method=ank
slim_name=b
PDB=5YIS
chain_protein=a
chain_peptide=b
aa_protein=1-120
aa_peptide=1588-1613
model_name=blind
scan=self_scan
restraints=modelX
