Wildcard constraints in inputs are ignored.
Wildcard constraints in inputs are ignored.
Wildcard constraints in inputs are ignored.
Wildcard constraints in inputs are ignored.
Wildcard constraints in inputs are ignored.
Wildcard constraints in inputs are ignored.
Wildcard constraints in inputs are ignored.
Building DAG of jobs...
File path test/cabsdockankb_5YISab_1-120_1590-1602//ala_scan/blind/mutations.tar.gz contains double '/'. This is likely unintended. It can also lead to inconsistent results of the file-matching approach used by Snakemake.
File path test/cabsdockankb_5YISab_1-120_1590-1602//ala_scan/blind/b_5YIS.pdb contains double '/'. This is likely unintended. It can also lead to inconsistent results of the file-matching approach used by Snakemake.
File path test/cabsdockankb_5YISab_1-120_1590-1602//ala_scan/blind/mutate_runfile_template.txt contains double '/'. This is likely unintended. It can also lead to inconsistent results of the file-matching approach used by Snakemake.
File path test/cabsdockankb_5YISab_1-120_1590-1602//ala_scan/blind/interface_runfile_template.txt contains double '/'. This is likely unintended. It can also lead to inconsistent results of the file-matching approach used by Snakemake.
File path test/cabsdockankb_5YISab_1-120_1590-1602//ala_scan/blind/repair_runfile_template.txt contains double '/'. This is likely unintended. It can also lead to inconsistent results of the file-matching approach used by Snakemake.
File path test/cabsdockankb_5YISab_1-120_1590-1602//ala_scan/blind/mutation_list.txt contains double '/'. This is likely unintended. It can also lead to inconsistent results of the file-matching approach used by Snakemake.
File path test/cabsdockankb_5YISab_1-120_1590-1602//ala_scan/blind/poslist.txt contains double '/'. This is likely unintended. It can also lead to inconsistent results of the file-matching approach used by Snakemake.
File path test/cabsdockankb_5YISab_1-120_1590-1602//ala_scan/blind/README_mutatex_run contains double '/'. This is likely unintended. It can also lead to inconsistent results of the file-matching approach used by Snakemake.
File path test/cabsdockankb_5YISab_1-120_1590-1602//ala_scan/blind/mutations.tar.gz contains double '/'. This is likely unintended. It can also lead to inconsistent results of the file-matching approach used by Snakemake.
InputFunctionException in line 28 of /data/user/morlandi/mutatex_pipeline/SLIM-modeling/alanine_scanning/Snakefile:
KeyError: ('b', '5YIS', 'a', '1-120', '1588-1613', 'blind', 'modelX', 'self_scan')
Wildcards:
method=ank
slim_name=b
PDB=5YIS
chain_protein=a
chain_peptide=b
aa_protein=1-120
aa_peptide=1588-1613
model_name=modelX
scan=self_scan
restraints=blind
