Building DAG of jobs...
Relative file path './testankb/cabsdock/ankb_5YISab_1-120_1588-1613/modelX/self_scan/blind/results' starts with './'. This is redundant and strongly discouraged. It can also lead to inconsistent results of the file-matching approach used by Snakemake. You can simply omit the './' for relative file paths.
Relative file path './testankb/cabsdock/ankb_5YISab_1-120_1590-1602/modelX/ala_scan/blind/results' starts with './'. This is redundant and strongly discouraged. It can also lead to inconsistent results of the file-matching approach used by Snakemake. You can simply omit the './' for relative file paths.
Relative file path './testnix/cabsdock/nix_4WAAab_1-120_33-39/modelX/self_scan/blind/results' starts with './'. This is redundant and strongly discouraged. It can also lead to inconsistent results of the file-matching approach used by Snakemake. You can simply omit the './' for relative file paths.
Relative file path './testnix/cabsdock/nix_4WAAab_1-120_34-39/modelX/ala_scan/blind/results' starts with './'. This is redundant and strongly discouraged. It can also lead to inconsistent results of the file-matching approach used by Snakemake. You can simply omit the './' for relative file paths.
Relative file path './testankb/cabsdock/ankb_5YISab_1-120_1588-1613/modelX/self_scan/blind/ankb_5YIS.pdb' starts with './'. This is redundant and strongly discouraged. It can also lead to inconsistent results of the file-matching approach used by Snakemake. You can simply omit the './' for relative file paths.
Relative file path './testankb/cabsdock/ankb_5YISab_1-120_1588-1613/modelX/self_scan/blind/results' starts with './'. This is redundant and strongly discouraged. It can also lead to inconsistent results of the file-matching approach used by Snakemake. You can simply omit the './' for relative file paths.
Relative file path './testankb/cabsdock/ankb_5YISab_1-120_1590-1602/modelX/ala_scan/blind/ankb_5YIS.pdb' starts with './'. This is redundant and strongly discouraged. It can also lead to inconsistent results of the file-matching approach used by Snakemake. You can simply omit the './' for relative file paths.
Relative file path './testankb/cabsdock/ankb_5YISab_1-120_1590-1602/modelX/ala_scan/blind/results' starts with './'. This is redundant and strongly discouraged. It can also lead to inconsistent results of the file-matching approach used by Snakemake. You can simply omit the './' for relative file paths.
Relative file path './testnix/cabsdock/nix_4WAAab_1-120_33-39/modelX/self_scan/blind/nix_4WAA.pdb' starts with './'. This is redundant and strongly discouraged. It can also lead to inconsistent results of the file-matching approach used by Snakemake. You can simply omit the './' for relative file paths.
Relative file path './testnix/cabsdock/nix_4WAAab_1-120_33-39/modelX/self_scan/blind/results' starts with './'. This is redundant and strongly discouraged. It can also lead to inconsistent results of the file-matching approach used by Snakemake. You can simply omit the './' for relative file paths.
Relative file path './testnix/cabsdock/nix_4WAAab_1-120_34-39/modelX/ala_scan/blind/nix_4WAA.pdb' starts with './'. This is redundant and strongly discouraged. It can also lead to inconsistent results of the file-matching approach used by Snakemake. You can simply omit the './' for relative file paths.
Relative file path './testnix/cabsdock/nix_4WAAab_1-120_34-39/modelX/ala_scan/blind/results' starts with './'. This is redundant and strongly discouraged. It can also lead to inconsistent results of the file-matching approach used by Snakemake. You can simply omit the './' for relative file paths.
Relative file path './testankb/cabsdock/ankb_5YISab_1-120_1588-1613/modelX/self_scan/blind/ankb_5YIS.pdb' starts with './'. This is redundant and strongly discouraged. It can also lead to inconsistent results of the file-matching approach used by Snakemake. You can simply omit the './' for relative file paths.
Relative file path './testankb/cabsdock/ankb_5YISab_1-120_1590-1602/modelX/ala_scan/blind/ankb_5YIS.pdb' starts with './'. This is redundant and strongly discouraged. It can also lead to inconsistent results of the file-matching approach used by Snakemake. You can simply omit the './' for relative file paths.
Relative file path './testnix/cabsdock/nix_4WAAab_1-120_33-39/modelX/self_scan/blind/nix_4WAA.pdb' starts with './'. This is redundant and strongly discouraged. It can also lead to inconsistent results of the file-matching approach used by Snakemake. You can simply omit the './' for relative file paths.
Relative file path './testnix/cabsdock/nix_4WAAab_1-120_34-39/modelX/ala_scan/blind/nix_4WAA.pdb' starts with './'. This is redundant and strongly discouraged. It can also lead to inconsistent results of the file-matching approach used by Snakemake. You can simply omit the './' for relative file paths.
Using shell: /bin/bash
Provided cores: 2
Rules claiming more threads will be scaled down.
Job counts:
	count	jobs
	4	ala_scan
	1	all
	4	input_files
	9

[Tue Oct 26 11:30:17 2021]
rule input_files:
    input: ../../input_pdb/ankbac.pdb, ../../input_pdb/ankbbd.pdb, ../../input_pdb/nixaa.pdb, ../../input_pdb/nixbb.pdb
    output: ./testankb/cabsdock/ankb_5YISab_1-120_1588-1613/modelX/self_scan/blind/ankb_5YIS.pdb
    jobid: 5
    wildcards: slim_name=ankb, method=cabsdock, PDB=5YIS, chain_protein=a, chain_peptide=b, aa_protein=1-120, aa_peptide=1588-1613, model_name=modelX, scan=self_scan, restraints=blind

[Tue Oct 26 11:30:17 2021]
rule input_files:
    input: ../../input_pdb/ankbac.pdb, ../../input_pdb/ankbbd.pdb, ../../input_pdb/nixaa.pdb, ../../input_pdb/nixbb.pdb
    output: ./testankb/cabsdock/ankb_5YISab_1-120_1590-1602/modelX/ala_scan/blind/ankb_5YIS.pdb
    jobid: 6
    wildcards: slim_name=ankb, method=cabsdock, PDB=5YIS, chain_protein=a, chain_peptide=b, aa_protein=1-120, aa_peptide=1590-1602, model_name=modelX, scan=ala_scan, restraints=blind

Shutting down, this might take some time.
Exiting because a job execution failed. Look above for error message
Complete log: /data/user/morlandi/mutatex_pipeline/SLIM-modeling/alanine_scanning/.snakemake/log/2021-10-26T113017.076857.snakemake.log
