Building DAG of jobs...
Using shell: /bin/bash
Provided cores: 2
Rules claiming more threads will be scaled down.
Job counts:
	count	jobs
	4	ala_scan
	1	all
	4	input_files
	9

[Mon Nov  1 10:57:37 2021]
rule input_files:
    input: ../../input_pdb/ankbbd.pdb
    output: test/cabsdock_ankb_5YISab_1-120_1590-1602_blind/modelX/ala_scan/ankb_5YIS.pdb, test/cabsdock_ankb_5YISab_1-120_1590-1602_blind/modelX/ala_scan/mutate_runfile_template.txt, test/cabsdock_ankb_5YISab_1-120_1590-1602_blind/modelX/ala_scan/interface_runfile_template.txt, test/cabsdock_ankb_5YISab_1-120_1590-1602_blind/modelX/ala_scan/repair_runfile_template.txt, test/cabsdock_ankb_5YISab_1-120_1590-1602_blind/modelX/ala_scan/mutation_list.txt, test/cabsdock_ankb_5YISab_1-120_1590-1602_blind/modelX/ala_scan/poslist.txt, test/cabsdock_ankb_5YISab_1-120_1590-1602_blind/modelX/ala_scan/README_mutatex_run
    jobid: 6
    wildcards: method=cabsdock, slim_name=ankb, PDB=5YIS, chain_protein=a, chain_peptide=b, aa_protein=1-120, aa_peptide=1590-1602, restraints=blind, model_name=modelX, scan=ala_scan

[Mon Nov  1 10:57:37 2021]
rule input_files:
    input: ../../input_pdb/nixaa.pdb
    output: test/cabsdock_nix_4WAAab_1-120_33-39_blind/modelX/self_scan/nix_4WAA.pdb, test/cabsdock_nix_4WAAab_1-120_33-39_blind/modelX/self_scan/mutate_runfile_template.txt, test/cabsdock_nix_4WAAab_1-120_33-39_blind/modelX/self_scan/interface_runfile_template.txt, test/cabsdock_nix_4WAAab_1-120_33-39_blind/modelX/self_scan/repair_runfile_template.txt, test/cabsdock_nix_4WAAab_1-120_33-39_blind/modelX/self_scan/mutation_list.txt, test/cabsdock_nix_4WAAab_1-120_33-39_blind/modelX/self_scan/poslist.txt, test/cabsdock_nix_4WAAab_1-120_33-39_blind/modelX/self_scan/README_mutatex_run
    jobid: 7
    wildcards: method=cabsdock, slim_name=nix, PDB=4WAA, chain_protein=a, chain_peptide=b, aa_protein=1-120, aa_peptide=33-39, restraints=blind, model_name=modelX, scan=self_scan

Shutting down, this might take some time.
Exiting because a job execution failed. Look above for error message
Complete log: /data/user/morlandi/mutatex_pipeline/SLIM-modeling/alanine_scanning/.snakemake/log/2021-11-01T105735.921954.snakemake.log
