Building DAG of jobs...
Relative file path './testankb/cabsdock/ankb_5YISab_1-120_1588-1613/modelX/self_scan/blind/' starts with './'. This is redundant and strongly discouraged. It can also lead to inconsistent results of the file-matching approach used by Snakemake. You can simply omit the './' for relative file paths.
Relative file path './testankb/cabsdock/ankb_5YISab_1-120_1590-1602/modelX/ala_scan/blind/' starts with './'. This is redundant and strongly discouraged. It can also lead to inconsistent results of the file-matching approach used by Snakemake. You can simply omit the './' for relative file paths.
Relative file path './testnix/cabsdock/nix_4WAAab_1-120_33-39/modelX/self_scan/blind/' starts with './'. This is redundant and strongly discouraged. It can also lead to inconsistent results of the file-matching approach used by Snakemake. You can simply omit the './' for relative file paths.
Relative file path './testnix/cabsdock/nix_4WAAab_1-120_34-39/modelX/ala_scan/blind/' starts with './'. This is redundant and strongly discouraged. It can also lead to inconsistent results of the file-matching approach used by Snakemake. You can simply omit the './' for relative file paths.
Relative file path './testankb/cabsdock/ankb_5YISab_1-120_1588-1613/modelX/self_scan/blind/ankb_5YIS.pdb' starts with './'. This is redundant and strongly discouraged. It can also lead to inconsistent results of the file-matching approach used by Snakemake. You can simply omit the './' for relative file paths.
Relative file path './testankb/cabsdock/ankb_5YISab_1-120_1588-1613/modelX/self_scan/blind/mutate_runfile_template.txt' starts with './'. This is redundant and strongly discouraged. It can also lead to inconsistent results of the file-matching approach used by Snakemake. You can simply omit the './' for relative file paths.
Relative file path './testankb/cabsdock/ankb_5YISab_1-120_1588-1613/modelX/self_scan/blind/interface_runfile_template.txt' starts with './'. This is redundant and strongly discouraged. It can also lead to inconsistent results of the file-matching approach used by Snakemake. You can simply omit the './' for relative file paths.
Relative file path './testankb/cabsdock/ankb_5YISab_1-120_1588-1613/modelX/self_scan/blind/repair_runfile_template.txt' starts with './'. This is redundant and strongly discouraged. It can also lead to inconsistent results of the file-matching approach used by Snakemake. You can simply omit the './' for relative file paths.
Relative file path './testankb/cabsdock/ankb_5YISab_1-120_1588-1613/modelX/self_scan/blind/mutation_list.txt' starts with './'. This is redundant and strongly discouraged. It can also lead to inconsistent results of the file-matching approach used by Snakemake. You can simply omit the './' for relative file paths.
Relative file path './testankb/cabsdock/ankb_5YISab_1-120_1588-1613/modelX/self_scan/blind/poslist.txt' starts with './'. This is redundant and strongly discouraged. It can also lead to inconsistent results of the file-matching approach used by Snakemake. You can simply omit the './' for relative file paths.
Relative file path './testankb/cabsdock/ankb_5YISab_1-120_1588-1613/modelX/self_scan/blind/README_mutatex_run' starts with './'. This is redundant and strongly discouraged. It can also lead to inconsistent results of the file-matching approach used by Snakemake. You can simply omit the './' for relative file paths.
Relative file path './testankb/cabsdock/ankb_5YISab_1-120_1588-1613/modelX/self_scan/blind/' starts with './'. This is redundant and strongly discouraged. It can also lead to inconsistent results of the file-matching approach used by Snakemake. You can simply omit the './' for relative file paths.
Relative file path './testankb/cabsdock/ankb_5YISab_1-120_1590-1602/modelX/ala_scan/blind/ankb_5YIS.pdb' starts with './'. This is redundant and strongly discouraged. It can also lead to inconsistent results of the file-matching approach used by Snakemake. You can simply omit the './' for relative file paths.
Relative file path './testankb/cabsdock/ankb_5YISab_1-120_1590-1602/modelX/ala_scan/blind/mutate_runfile_template.txt' starts with './'. This is redundant and strongly discouraged. It can also lead to inconsistent results of the file-matching approach used by Snakemake. You can simply omit the './' for relative file paths.
Relative file path './testankb/cabsdock/ankb_5YISab_1-120_1590-1602/modelX/ala_scan/blind/interface_runfile_template.txt' starts with './'. This is redundant and strongly discouraged. It can also lead to inconsistent results of the file-matching approach used by Snakemake. You can simply omit the './' for relative file paths.
Relative file path './testankb/cabsdock/ankb_5YISab_1-120_1590-1602/modelX/ala_scan/blind/repair_runfile_template.txt' starts with './'. This is redundant and strongly discouraged. It can also lead to inconsistent results of the file-matching approach used by Snakemake. You can simply omit the './' for relative file paths.
Relative file path './testankb/cabsdock/ankb_5YISab_1-120_1590-1602/modelX/ala_scan/blind/mutation_list.txt' starts with './'. This is redundant and strongly discouraged. It can also lead to inconsistent results of the file-matching approach used by Snakemake. You can simply omit the './' for relative file paths.
Relative file path './testankb/cabsdock/ankb_5YISab_1-120_1590-1602/modelX/ala_scan/blind/poslist.txt' starts with './'. This is redundant and strongly discouraged. It can also lead to inconsistent results of the file-matching approach used by Snakemake. You can simply omit the './' for relative file paths.
Relative file path './testankb/cabsdock/ankb_5YISab_1-120_1590-1602/modelX/ala_scan/blind/README_mutatex_run' starts with './'. This is redundant and strongly discouraged. It can also lead to inconsistent results of the file-matching approach used by Snakemake. You can simply omit the './' for relative file paths.
Relative file path './testankb/cabsdock/ankb_5YISab_1-120_1590-1602/modelX/ala_scan/blind/' starts with './'. This is redundant and strongly discouraged. It can also lead to inconsistent results of the file-matching approach used by Snakemake. You can simply omit the './' for relative file paths.
Relative file path './testnix/cabsdock/nix_4WAAab_1-120_33-39/modelX/self_scan/blind/nix_4WAA.pdb' starts with './'. This is redundant and strongly discouraged. It can also lead to inconsistent results of the file-matching approach used by Snakemake. You can simply omit the './' for relative file paths.
Relative file path './testnix/cabsdock/nix_4WAAab_1-120_33-39/modelX/self_scan/blind/mutate_runfile_template.txt' starts with './'. This is redundant and strongly discouraged. It can also lead to inconsistent results of the file-matching approach used by Snakemake. You can simply omit the './' for relative file paths.
Relative file path './testnix/cabsdock/nix_4WAAab_1-120_33-39/modelX/self_scan/blind/interface_runfile_template.txt' starts with './'. This is redundant and strongly discouraged. It can also lead to inconsistent results of the file-matching approach used by Snakemake. You can simply omit the './' for relative file paths.
Relative file path './testnix/cabsdock/nix_4WAAab_1-120_33-39/modelX/self_scan/blind/repair_runfile_template.txt' starts with './'. This is redundant and strongly discouraged. It can also lead to inconsistent results of the file-matching approach used by Snakemake. You can simply omit the './' for relative file paths.
Relative file path './testnix/cabsdock/nix_4WAAab_1-120_33-39/modelX/self_scan/blind/mutation_list.txt' starts with './'. This is redundant and strongly discouraged. It can also lead to inconsistent results of the file-matching approach used by Snakemake. You can simply omit the './' for relative file paths.
Relative file path './testnix/cabsdock/nix_4WAAab_1-120_33-39/modelX/self_scan/blind/poslist.txt' starts with './'. This is redundant and strongly discouraged. It can also lead to inconsistent results of the file-matching approach used by Snakemake. You can simply omit the './' for relative file paths.
Relative file path './testnix/cabsdock/nix_4WAAab_1-120_33-39/modelX/self_scan/blind/README_mutatex_run' starts with './'. This is redundant and strongly discouraged. It can also lead to inconsistent results of the file-matching approach used by Snakemake. You can simply omit the './' for relative file paths.
Relative file path './testnix/cabsdock/nix_4WAAab_1-120_33-39/modelX/self_scan/blind/' starts with './'. This is redundant and strongly discouraged. It can also lead to inconsistent results of the file-matching approach used by Snakemake. You can simply omit the './' for relative file paths.
Relative file path './testnix/cabsdock/nix_4WAAab_1-120_34-39/modelX/ala_scan/blind/nix_4WAA.pdb' starts with './'. This is redundant and strongly discouraged. It can also lead to inconsistent results of the file-matching approach used by Snakemake. You can simply omit the './' for relative file paths.
Relative file path './testnix/cabsdock/nix_4WAAab_1-120_34-39/modelX/ala_scan/blind/mutate_runfile_template.txt' starts with './'. This is redundant and strongly discouraged. It can also lead to inconsistent results of the file-matching approach used by Snakemake. You can simply omit the './' for relative file paths.
Relative file path './testnix/cabsdock/nix_4WAAab_1-120_34-39/modelX/ala_scan/blind/interface_runfile_template.txt' starts with './'. This is redundant and strongly discouraged. It can also lead to inconsistent results of the file-matching approach used by Snakemake. You can simply omit the './' for relative file paths.
Relative file path './testnix/cabsdock/nix_4WAAab_1-120_34-39/modelX/ala_scan/blind/repair_runfile_template.txt' starts with './'. This is redundant and strongly discouraged. It can also lead to inconsistent results of the file-matching approach used by Snakemake. You can simply omit the './' for relative file paths.
Relative file path './testnix/cabsdock/nix_4WAAab_1-120_34-39/modelX/ala_scan/blind/mutation_list.txt' starts with './'. This is redundant and strongly discouraged. It can also lead to inconsistent results of the file-matching approach used by Snakemake. You can simply omit the './' for relative file paths.
Relative file path './testnix/cabsdock/nix_4WAAab_1-120_34-39/modelX/ala_scan/blind/poslist.txt' starts with './'. This is redundant and strongly discouraged. It can also lead to inconsistent results of the file-matching approach used by Snakemake. You can simply omit the './' for relative file paths.
Relative file path './testnix/cabsdock/nix_4WAAab_1-120_34-39/modelX/ala_scan/blind/README_mutatex_run' starts with './'. This is redundant and strongly discouraged. It can also lead to inconsistent results of the file-matching approach used by Snakemake. You can simply omit the './' for relative file paths.
Relative file path './testnix/cabsdock/nix_4WAAab_1-120_34-39/modelX/ala_scan/blind/' starts with './'. This is redundant and strongly discouraged. It can also lead to inconsistent results of the file-matching approach used by Snakemake. You can simply omit the './' for relative file paths.
Relative file path './testankb/cabsdock/ankb_5YISab_1-120_1588-1613/modelX/self_scan/blind/ankb_5YIS.pdb' starts with './'. This is redundant and strongly discouraged. It can also lead to inconsistent results of the file-matching approach used by Snakemake. You can simply omit the './' for relative file paths.
Relative file path './testankb/cabsdock/ankb_5YISab_1-120_1588-1613/modelX/self_scan/blind/mutate_runfile_template.txt' starts with './'. This is redundant and strongly discouraged. It can also lead to inconsistent results of the file-matching approach used by Snakemake. You can simply omit the './' for relative file paths.
Relative file path './testankb/cabsdock/ankb_5YISab_1-120_1588-1613/modelX/self_scan/blind/interface_runfile_template.txt' starts with './'. This is redundant and strongly discouraged. It can also lead to inconsistent results of the file-matching approach used by Snakemake. You can simply omit the './' for relative file paths.
Relative file path './testankb/cabsdock/ankb_5YISab_1-120_1588-1613/modelX/self_scan/blind/repair_runfile_template.txt' starts with './'. This is redundant and strongly discouraged. It can also lead to inconsistent results of the file-matching approach used by Snakemake. You can simply omit the './' for relative file paths.
Relative file path './testankb/cabsdock/ankb_5YISab_1-120_1588-1613/modelX/self_scan/blind/mutation_list.txt' starts with './'. This is redundant and strongly discouraged. It can also lead to inconsistent results of the file-matching approach used by Snakemake. You can simply omit the './' for relative file paths.
Relative file path './testankb/cabsdock/ankb_5YISab_1-120_1588-1613/modelX/self_scan/blind/poslist.txt' starts with './'. This is redundant and strongly discouraged. It can also lead to inconsistent results of the file-matching approach used by Snakemake. You can simply omit the './' for relative file paths.
Relative file path './testankb/cabsdock/ankb_5YISab_1-120_1588-1613/modelX/self_scan/blind/README_mutatex_run' starts with './'. This is redundant and strongly discouraged. It can also lead to inconsistent results of the file-matching approach used by Snakemake. You can simply omit the './' for relative file paths.
Relative file path './testankb/cabsdock/ankb_5YISab_1-120_1590-1602/modelX/ala_scan/blind/ankb_5YIS.pdb' starts with './'. This is redundant and strongly discouraged. It can also lead to inconsistent results of the file-matching approach used by Snakemake. You can simply omit the './' for relative file paths.
Relative file path './testankb/cabsdock/ankb_5YISab_1-120_1590-1602/modelX/ala_scan/blind/mutate_runfile_template.txt' starts with './'. This is redundant and strongly discouraged. It can also lead to inconsistent results of the file-matching approach used by Snakemake. You can simply omit the './' for relative file paths.
Relative file path './testankb/cabsdock/ankb_5YISab_1-120_1590-1602/modelX/ala_scan/blind/interface_runfile_template.txt' starts with './'. This is redundant and strongly discouraged. It can also lead to inconsistent results of the file-matching approach used by Snakemake. You can simply omit the './' for relative file paths.
Relative file path './testankb/cabsdock/ankb_5YISab_1-120_1590-1602/modelX/ala_scan/blind/repair_runfile_template.txt' starts with './'. This is redundant and strongly discouraged. It can also lead to inconsistent results of the file-matching approach used by Snakemake. You can simply omit the './' for relative file paths.
Relative file path './testankb/cabsdock/ankb_5YISab_1-120_1590-1602/modelX/ala_scan/blind/mutation_list.txt' starts with './'. This is redundant and strongly discouraged. It can also lead to inconsistent results of the file-matching approach used by Snakemake. You can simply omit the './' for relative file paths.
Relative file path './testankb/cabsdock/ankb_5YISab_1-120_1590-1602/modelX/ala_scan/blind/poslist.txt' starts with './'. This is redundant and strongly discouraged. It can also lead to inconsistent results of the file-matching approach used by Snakemake. You can simply omit the './' for relative file paths.
Relative file path './testankb/cabsdock/ankb_5YISab_1-120_1590-1602/modelX/ala_scan/blind/README_mutatex_run' starts with './'. This is redundant and strongly discouraged. It can also lead to inconsistent results of the file-matching approach used by Snakemake. You can simply omit the './' for relative file paths.
Relative file path './testnix/cabsdock/nix_4WAAab_1-120_33-39/modelX/self_scan/blind/nix_4WAA.pdb' starts with './'. This is redundant and strongly discouraged. It can also lead to inconsistent results of the file-matching approach used by Snakemake. You can simply omit the './' for relative file paths.
Relative file path './testnix/cabsdock/nix_4WAAab_1-120_33-39/modelX/self_scan/blind/mutate_runfile_template.txt' starts with './'. This is redundant and strongly discouraged. It can also lead to inconsistent results of the file-matching approach used by Snakemake. You can simply omit the './' for relative file paths.
Relative file path './testnix/cabsdock/nix_4WAAab_1-120_33-39/modelX/self_scan/blind/interface_runfile_template.txt' starts with './'. This is redundant and strongly discouraged. It can also lead to inconsistent results of the file-matching approach used by Snakemake. You can simply omit the './' for relative file paths.
Relative file path './testnix/cabsdock/nix_4WAAab_1-120_33-39/modelX/self_scan/blind/repair_runfile_template.txt' starts with './'. This is redundant and strongly discouraged. It can also lead to inconsistent results of the file-matching approach used by Snakemake. You can simply omit the './' for relative file paths.
Relative file path './testnix/cabsdock/nix_4WAAab_1-120_33-39/modelX/self_scan/blind/mutation_list.txt' starts with './'. This is redundant and strongly discouraged. It can also lead to inconsistent results of the file-matching approach used by Snakemake. You can simply omit the './' for relative file paths.
Relative file path './testnix/cabsdock/nix_4WAAab_1-120_33-39/modelX/self_scan/blind/poslist.txt' starts with './'. This is redundant and strongly discouraged. It can also lead to inconsistent results of the file-matching approach used by Snakemake. You can simply omit the './' for relative file paths.
Relative file path './testnix/cabsdock/nix_4WAAab_1-120_33-39/modelX/self_scan/blind/README_mutatex_run' starts with './'. This is redundant and strongly discouraged. It can also lead to inconsistent results of the file-matching approach used by Snakemake. You can simply omit the './' for relative file paths.
Relative file path './testnix/cabsdock/nix_4WAAab_1-120_34-39/modelX/ala_scan/blind/nix_4WAA.pdb' starts with './'. This is redundant and strongly discouraged. It can also lead to inconsistent results of the file-matching approach used by Snakemake. You can simply omit the './' for relative file paths.
Relative file path './testnix/cabsdock/nix_4WAAab_1-120_34-39/modelX/ala_scan/blind/mutate_runfile_template.txt' starts with './'. This is redundant and strongly discouraged. It can also lead to inconsistent results of the file-matching approach used by Snakemake. You can simply omit the './' for relative file paths.
Relative file path './testnix/cabsdock/nix_4WAAab_1-120_34-39/modelX/ala_scan/blind/interface_runfile_template.txt' starts with './'. This is redundant and strongly discouraged. It can also lead to inconsistent results of the file-matching approach used by Snakemake. You can simply omit the './' for relative file paths.
Relative file path './testnix/cabsdock/nix_4WAAab_1-120_34-39/modelX/ala_scan/blind/repair_runfile_template.txt' starts with './'. This is redundant and strongly discouraged. It can also lead to inconsistent results of the file-matching approach used by Snakemake. You can simply omit the './' for relative file paths.
Relative file path './testnix/cabsdock/nix_4WAAab_1-120_34-39/modelX/ala_scan/blind/mutation_list.txt' starts with './'. This is redundant and strongly discouraged. It can also lead to inconsistent results of the file-matching approach used by Snakemake. You can simply omit the './' for relative file paths.
Relative file path './testnix/cabsdock/nix_4WAAab_1-120_34-39/modelX/ala_scan/blind/poslist.txt' starts with './'. This is redundant and strongly discouraged. It can also lead to inconsistent results of the file-matching approach used by Snakemake. You can simply omit the './' for relative file paths.
Relative file path './testnix/cabsdock/nix_4WAAab_1-120_34-39/modelX/ala_scan/blind/README_mutatex_run' starts with './'. This is redundant and strongly discouraged. It can also lead to inconsistent results of the file-matching approach used by Snakemake. You can simply omit the './' for relative file paths.
ChildIOException:
File/directory is a child to another output:
('/data/user/morlandi/mutatex_pipeline/SLIM-modeling/alanine_scanning/testankb/cabsdock/ankb_5YISab_1-120_1588-1613/modelX/self_scan/blind', ala_scan)
('/data/user/morlandi/mutatex_pipeline/SLIM-modeling/alanine_scanning/testankb/cabsdock/ankb_5YISab_1-120_1588-1613/modelX/self_scan/blind/README_mutatex_run', input_files)
