Building DAG of jobs...
Relative file path './lc3b/lir_complexes/ankb/ankb_5YISac_1-120_1588-1613/models_curation/ala_slim/results/interface_ddgs/final_averages/A-B/' starts with './'. This is redundant and strongly discouraged. It can also lead to inconsistent results of the file-matching approach used by Snakemake. You can simply omit the './' for relative file paths.
Relative file path './lc3b/lir_complexes/ankb/ankb_5YISbd_1-120_1590-1602/models_curation/ala_slim/results/interface_ddgs/final_averages/A-B/' starts with './'. This is redundant and strongly discouraged. It can also lead to inconsistent results of the file-matching approach used by Snakemake. You can simply omit the './' for relative file paths.
Relative file path './lc3b/lir_complexes/nix/nix_4WAAaa_1-120_33-39/models_curation/ala_slim/results/interface_ddgs/final_averages/A-B/' starts with './'. This is redundant and strongly discouraged. It can also lead to inconsistent results of the file-matching approach used by Snakemake. You can simply omit the './' for relative file paths.
Relative file path './lc3b/lir_complexes/nix/nix_4WAAbb_1-120_34-39/models_curation/ala_slim/results/interface_ddgs/final_averages/A-B/' starts with './'. This is redundant and strongly discouraged. It can also lead to inconsistent results of the file-matching approach used by Snakemake. You can simply omit the './' for relative file paths.
Relative file path './lc3b/lir_complexes/ankb/ankb_5YISac_1-120_1588-1613/models_curation/ala_slim/ankbac.pdb' starts with './'. This is redundant and strongly discouraged. It can also lead to inconsistent results of the file-matching approach used by Snakemake. You can simply omit the './' for relative file paths.
Relative file path './lc3b/lir_complexes/ankb/ankb_5YISac_1-120_1588-1613/models_curation/ala_slim/mutation_list.txt' starts with './'. This is redundant and strongly discouraged. It can also lead to inconsistent results of the file-matching approach used by Snakemake. You can simply omit the './' for relative file paths.
Relative file path './lc3b/lir_complexes/ankb/ankb_5YISac_1-120_1588-1613/models_curation/ala_slim/mutate_runfile_template.txt' starts with './'. This is redundant and strongly discouraged. It can also lead to inconsistent results of the file-matching approach used by Snakemake. You can simply omit the './' for relative file paths.
Relative file path './lc3b/lir_complexes/ankb/ankb_5YISac_1-120_1588-1613/models_curation/ala_slim/interface_runfile_template.txt' starts with './'. This is redundant and strongly discouraged. It can also lead to inconsistent results of the file-matching approach used by Snakemake. You can simply omit the './' for relative file paths.
Relative file path './lc3b/lir_complexes/ankb/ankb_5YISac_1-120_1588-1613/models_curation/ala_slim/repair_runfile_template.txt' starts with './'. This is redundant and strongly discouraged. It can also lead to inconsistent results of the file-matching approach used by Snakemake. You can simply omit the './' for relative file paths.
Relative file path './lc3b/lir_complexes/ankb/ankb_5YISac_1-120_1588-1613/models_curation/ala_slim/poslist.txt' starts with './'. This is redundant and strongly discouraged. It can also lead to inconsistent results of the file-matching approach used by Snakemake. You can simply omit the './' for relative file paths.
Relative file path './lc3b/lir_complexes/ankb/ankb_5YISac_1-120_1588-1613/models_curation/ala_slim/README_mutatex_run' starts with './'. This is redundant and strongly discouraged. It can also lead to inconsistent results of the file-matching approach used by Snakemake. You can simply omit the './' for relative file paths.
Relative file path './lc3b/lir_complexes/ankb/ankb_5YISac_1-120_1588-1613/models_curation/ala_slim/results/interface_ddgs/final_averages/A-B/' starts with './'. This is redundant and strongly discouraged. It can also lead to inconsistent results of the file-matching approach used by Snakemake. You can simply omit the './' for relative file paths.
Relative file path './lc3b/lir_complexes/ankb/ankb_5YISbd_1-120_1590-1602/models_curation/ala_slim/ankbbd.pdb' starts with './'. This is redundant and strongly discouraged. It can also lead to inconsistent results of the file-matching approach used by Snakemake. You can simply omit the './' for relative file paths.
Relative file path './lc3b/lir_complexes/ankb/ankb_5YISbd_1-120_1590-1602/models_curation/ala_slim/mutation_list.txt' starts with './'. This is redundant and strongly discouraged. It can also lead to inconsistent results of the file-matching approach used by Snakemake. You can simply omit the './' for relative file paths.
Relative file path './lc3b/lir_complexes/ankb/ankb_5YISbd_1-120_1590-1602/models_curation/ala_slim/mutate_runfile_template.txt' starts with './'. This is redundant and strongly discouraged. It can also lead to inconsistent results of the file-matching approach used by Snakemake. You can simply omit the './' for relative file paths.
Relative file path './lc3b/lir_complexes/ankb/ankb_5YISbd_1-120_1590-1602/models_curation/ala_slim/interface_runfile_template.txt' starts with './'. This is redundant and strongly discouraged. It can also lead to inconsistent results of the file-matching approach used by Snakemake. You can simply omit the './' for relative file paths.
Relative file path './lc3b/lir_complexes/ankb/ankb_5YISbd_1-120_1590-1602/models_curation/ala_slim/repair_runfile_template.txt' starts with './'. This is redundant and strongly discouraged. It can also lead to inconsistent results of the file-matching approach used by Snakemake. You can simply omit the './' for relative file paths.
Relative file path './lc3b/lir_complexes/ankb/ankb_5YISbd_1-120_1590-1602/models_curation/ala_slim/poslist.txt' starts with './'. This is redundant and strongly discouraged. It can also lead to inconsistent results of the file-matching approach used by Snakemake. You can simply omit the './' for relative file paths.
Relative file path './lc3b/lir_complexes/ankb/ankb_5YISbd_1-120_1590-1602/models_curation/ala_slim/README_mutatex_run' starts with './'. This is redundant and strongly discouraged. It can also lead to inconsistent results of the file-matching approach used by Snakemake. You can simply omit the './' for relative file paths.
Relative file path './lc3b/lir_complexes/ankb/ankb_5YISbd_1-120_1590-1602/models_curation/ala_slim/results/interface_ddgs/final_averages/A-B/' starts with './'. This is redundant and strongly discouraged. It can also lead to inconsistent results of the file-matching approach used by Snakemake. You can simply omit the './' for relative file paths.
Relative file path './lc3b/lir_complexes/nix/nix_4WAAaa_1-120_33-39/models_curation/ala_slim/nixaa.pdb' starts with './'. This is redundant and strongly discouraged. It can also lead to inconsistent results of the file-matching approach used by Snakemake. You can simply omit the './' for relative file paths.
Relative file path './lc3b/lir_complexes/nix/nix_4WAAaa_1-120_33-39/models_curation/ala_slim/mutation_list.txt' starts with './'. This is redundant and strongly discouraged. It can also lead to inconsistent results of the file-matching approach used by Snakemake. You can simply omit the './' for relative file paths.
Relative file path './lc3b/lir_complexes/nix/nix_4WAAaa_1-120_33-39/models_curation/ala_slim/mutate_runfile_template.txt' starts with './'. This is redundant and strongly discouraged. It can also lead to inconsistent results of the file-matching approach used by Snakemake. You can simply omit the './' for relative file paths.
Relative file path './lc3b/lir_complexes/nix/nix_4WAAaa_1-120_33-39/models_curation/ala_slim/interface_runfile_template.txt' starts with './'. This is redundant and strongly discouraged. It can also lead to inconsistent results of the file-matching approach used by Snakemake. You can simply omit the './' for relative file paths.
Relative file path './lc3b/lir_complexes/nix/nix_4WAAaa_1-120_33-39/models_curation/ala_slim/repair_runfile_template.txt' starts with './'. This is redundant and strongly discouraged. It can also lead to inconsistent results of the file-matching approach used by Snakemake. You can simply omit the './' for relative file paths.
Relative file path './lc3b/lir_complexes/nix/nix_4WAAaa_1-120_33-39/models_curation/ala_slim/poslist.txt' starts with './'. This is redundant and strongly discouraged. It can also lead to inconsistent results of the file-matching approach used by Snakemake. You can simply omit the './' for relative file paths.
Relative file path './lc3b/lir_complexes/nix/nix_4WAAaa_1-120_33-39/models_curation/ala_slim/README_mutatex_run' starts with './'. This is redundant and strongly discouraged. It can also lead to inconsistent results of the file-matching approach used by Snakemake. You can simply omit the './' for relative file paths.
Relative file path './lc3b/lir_complexes/nix/nix_4WAAaa_1-120_33-39/models_curation/ala_slim/results/interface_ddgs/final_averages/A-B/' starts with './'. This is redundant and strongly discouraged. It can also lead to inconsistent results of the file-matching approach used by Snakemake. You can simply omit the './' for relative file paths.
Relative file path './lc3b/lir_complexes/nix/nix_4WAAbb_1-120_34-39/models_curation/ala_slim/nixbb.pdb' starts with './'. This is redundant and strongly discouraged. It can also lead to inconsistent results of the file-matching approach used by Snakemake. You can simply omit the './' for relative file paths.
Relative file path './lc3b/lir_complexes/nix/nix_4WAAbb_1-120_34-39/models_curation/ala_slim/mutation_list.txt' starts with './'. This is redundant and strongly discouraged. It can also lead to inconsistent results of the file-matching approach used by Snakemake. You can simply omit the './' for relative file paths.
Relative file path './lc3b/lir_complexes/nix/nix_4WAAbb_1-120_34-39/models_curation/ala_slim/mutate_runfile_template.txt' starts with './'. This is redundant and strongly discouraged. It can also lead to inconsistent results of the file-matching approach used by Snakemake. You can simply omit the './' for relative file paths.
Relative file path './lc3b/lir_complexes/nix/nix_4WAAbb_1-120_34-39/models_curation/ala_slim/interface_runfile_template.txt' starts with './'. This is redundant and strongly discouraged. It can also lead to inconsistent results of the file-matching approach used by Snakemake. You can simply omit the './' for relative file paths.
Relative file path './lc3b/lir_complexes/nix/nix_4WAAbb_1-120_34-39/models_curation/ala_slim/repair_runfile_template.txt' starts with './'. This is redundant and strongly discouraged. It can also lead to inconsistent results of the file-matching approach used by Snakemake. You can simply omit the './' for relative file paths.
Relative file path './lc3b/lir_complexes/nix/nix_4WAAbb_1-120_34-39/models_curation/ala_slim/poslist.txt' starts with './'. This is redundant and strongly discouraged. It can also lead to inconsistent results of the file-matching approach used by Snakemake. You can simply omit the './' for relative file paths.
Relative file path './lc3b/lir_complexes/nix/nix_4WAAbb_1-120_34-39/models_curation/ala_slim/README_mutatex_run' starts with './'. This is redundant and strongly discouraged. It can also lead to inconsistent results of the file-matching approach used by Snakemake. You can simply omit the './' for relative file paths.
Relative file path './lc3b/lir_complexes/nix/nix_4WAAbb_1-120_34-39/models_curation/ala_slim/results/interface_ddgs/final_averages/A-B/' starts with './'. This is redundant and strongly discouraged. It can also lead to inconsistent results of the file-matching approach used by Snakemake. You can simply omit the './' for relative file paths.
Relative file path './lc3b/lir_complexes/ankb/ankb_5YISac_1-120_1588-1613/models_curation/ala_slim/ankbac.pdb' starts with './'. This is redundant and strongly discouraged. It can also lead to inconsistent results of the file-matching approach used by Snakemake. You can simply omit the './' for relative file paths.
Relative file path './lc3b/lir_complexes/ankb/ankb_5YISac_1-120_1588-1613/models_curation/ala_slim/mutate_runfile_template.txt' starts with './'. This is redundant and strongly discouraged. It can also lead to inconsistent results of the file-matching approach used by Snakemake. You can simply omit the './' for relative file paths.
Relative file path './lc3b/lir_complexes/ankb/ankb_5YISac_1-120_1588-1613/models_curation/ala_slim/interface_runfile_template.txt' starts with './'. This is redundant and strongly discouraged. It can also lead to inconsistent results of the file-matching approach used by Snakemake. You can simply omit the './' for relative file paths.
Relative file path './lc3b/lir_complexes/ankb/ankb_5YISac_1-120_1588-1613/models_curation/ala_slim/repair_runfile_template.txt' starts with './'. This is redundant and strongly discouraged. It can also lead to inconsistent results of the file-matching approach used by Snakemake. You can simply omit the './' for relative file paths.
Relative file path './lc3b/lir_complexes/ankb/ankb_5YISac_1-120_1588-1613/models_curation/ala_slim/mutation_list.txt' starts with './'. This is redundant and strongly discouraged. It can also lead to inconsistent results of the file-matching approach used by Snakemake. You can simply omit the './' for relative file paths.
Relative file path './lc3b/lir_complexes/ankb/ankb_5YISac_1-120_1588-1613/models_curation/ala_slim/poslist.txt' starts with './'. This is redundant and strongly discouraged. It can also lead to inconsistent results of the file-matching approach used by Snakemake. You can simply omit the './' for relative file paths.
Relative file path './lc3b/lir_complexes/ankb/ankb_5YISac_1-120_1588-1613/models_curation/ala_slim/README_mutatex_run' starts with './'. This is redundant and strongly discouraged. It can also lead to inconsistent results of the file-matching approach used by Snakemake. You can simply omit the './' for relative file paths.
Relative file path './lc3b/lir_complexes/ankb/ankb_5YISbd_1-120_1590-1602/models_curation/ala_slim/ankbbd.pdb' starts with './'. This is redundant and strongly discouraged. It can also lead to inconsistent results of the file-matching approach used by Snakemake. You can simply omit the './' for relative file paths.
Relative file path './lc3b/lir_complexes/ankb/ankb_5YISbd_1-120_1590-1602/models_curation/ala_slim/mutate_runfile_template.txt' starts with './'. This is redundant and strongly discouraged. It can also lead to inconsistent results of the file-matching approach used by Snakemake. You can simply omit the './' for relative file paths.
Relative file path './lc3b/lir_complexes/ankb/ankb_5YISbd_1-120_1590-1602/models_curation/ala_slim/interface_runfile_template.txt' starts with './'. This is redundant and strongly discouraged. It can also lead to inconsistent results of the file-matching approach used by Snakemake. You can simply omit the './' for relative file paths.
Relative file path './lc3b/lir_complexes/ankb/ankb_5YISbd_1-120_1590-1602/models_curation/ala_slim/repair_runfile_template.txt' starts with './'. This is redundant and strongly discouraged. It can also lead to inconsistent results of the file-matching approach used by Snakemake. You can simply omit the './' for relative file paths.
Relative file path './lc3b/lir_complexes/ankb/ankb_5YISbd_1-120_1590-1602/models_curation/ala_slim/mutation_list.txt' starts with './'. This is redundant and strongly discouraged. It can also lead to inconsistent results of the file-matching approach used by Snakemake. You can simply omit the './' for relative file paths.
Relative file path './lc3b/lir_complexes/ankb/ankb_5YISbd_1-120_1590-1602/models_curation/ala_slim/poslist.txt' starts with './'. This is redundant and strongly discouraged. It can also lead to inconsistent results of the file-matching approach used by Snakemake. You can simply omit the './' for relative file paths.
Relative file path './lc3b/lir_complexes/ankb/ankb_5YISbd_1-120_1590-1602/models_curation/ala_slim/README_mutatex_run' starts with './'. This is redundant and strongly discouraged. It can also lead to inconsistent results of the file-matching approach used by Snakemake. You can simply omit the './' for relative file paths.
Relative file path './lc3b/lir_complexes/nix/nix_4WAAaa_1-120_33-39/models_curation/ala_slim/nixaa.pdb' starts with './'. This is redundant and strongly discouraged. It can also lead to inconsistent results of the file-matching approach used by Snakemake. You can simply omit the './' for relative file paths.
Relative file path './lc3b/lir_complexes/nix/nix_4WAAaa_1-120_33-39/models_curation/ala_slim/mutate_runfile_template.txt' starts with './'. This is redundant and strongly discouraged. It can also lead to inconsistent results of the file-matching approach used by Snakemake. You can simply omit the './' for relative file paths.
Relative file path './lc3b/lir_complexes/nix/nix_4WAAaa_1-120_33-39/models_curation/ala_slim/interface_runfile_template.txt' starts with './'. This is redundant and strongly discouraged. It can also lead to inconsistent results of the file-matching approach used by Snakemake. You can simply omit the './' for relative file paths.
Relative file path './lc3b/lir_complexes/nix/nix_4WAAaa_1-120_33-39/models_curation/ala_slim/repair_runfile_template.txt' starts with './'. This is redundant and strongly discouraged. It can also lead to inconsistent results of the file-matching approach used by Snakemake. You can simply omit the './' for relative file paths.
Relative file path './lc3b/lir_complexes/nix/nix_4WAAaa_1-120_33-39/models_curation/ala_slim/mutation_list.txt' starts with './'. This is redundant and strongly discouraged. It can also lead to inconsistent results of the file-matching approach used by Snakemake. You can simply omit the './' for relative file paths.
Relative file path './lc3b/lir_complexes/nix/nix_4WAAaa_1-120_33-39/models_curation/ala_slim/poslist.txt' starts with './'. This is redundant and strongly discouraged. It can also lead to inconsistent results of the file-matching approach used by Snakemake. You can simply omit the './' for relative file paths.
Relative file path './lc3b/lir_complexes/nix/nix_4WAAaa_1-120_33-39/models_curation/ala_slim/README_mutatex_run' starts with './'. This is redundant and strongly discouraged. It can also lead to inconsistent results of the file-matching approach used by Snakemake. You can simply omit the './' for relative file paths.
Relative file path './lc3b/lir_complexes/nix/nix_4WAAbb_1-120_34-39/models_curation/ala_slim/nixbb.pdb' starts with './'. This is redundant and strongly discouraged. It can also lead to inconsistent results of the file-matching approach used by Snakemake. You can simply omit the './' for relative file paths.
Relative file path './lc3b/lir_complexes/nix/nix_4WAAbb_1-120_34-39/models_curation/ala_slim/mutate_runfile_template.txt' starts with './'. This is redundant and strongly discouraged. It can also lead to inconsistent results of the file-matching approach used by Snakemake. You can simply omit the './' for relative file paths.
Relative file path './lc3b/lir_complexes/nix/nix_4WAAbb_1-120_34-39/models_curation/ala_slim/interface_runfile_template.txt' starts with './'. This is redundant and strongly discouraged. It can also lead to inconsistent results of the file-matching approach used by Snakemake. You can simply omit the './' for relative file paths.
Relative file path './lc3b/lir_complexes/nix/nix_4WAAbb_1-120_34-39/models_curation/ala_slim/repair_runfile_template.txt' starts with './'. This is redundant and strongly discouraged. It can also lead to inconsistent results of the file-matching approach used by Snakemake. You can simply omit the './' for relative file paths.
Relative file path './lc3b/lir_complexes/nix/nix_4WAAbb_1-120_34-39/models_curation/ala_slim/mutation_list.txt' starts with './'. This is redundant and strongly discouraged. It can also lead to inconsistent results of the file-matching approach used by Snakemake. You can simply omit the './' for relative file paths.
Relative file path './lc3b/lir_complexes/nix/nix_4WAAbb_1-120_34-39/models_curation/ala_slim/poslist.txt' starts with './'. This is redundant and strongly discouraged. It can also lead to inconsistent results of the file-matching approach used by Snakemake. You can simply omit the './' for relative file paths.
Relative file path './lc3b/lir_complexes/nix/nix_4WAAbb_1-120_34-39/models_curation/ala_slim/README_mutatex_run' starts with './'. This is redundant and strongly discouraged. It can also lead to inconsistent results of the file-matching approach used by Snakemake. You can simply omit the './' for relative file paths.
Using shell: /bin/bash
Provided cores: 2
Rules claiming more threads will be scaled down.
Job counts:
	count	jobs
	4	ala_scan
	1	all
	4	input_files
	9

[Mon Oct 25 09:49:27 2021]
rule input_files:
    input: ../../../../../raw_data/computational_data/curations_data/lir_atg8/lc3b/complexes/extracted_complexes/nix/nix_4WAAaa_1-120_33-39/models_curation/
    output: ./lc3b/lir_complexes/nix/nix_4WAAaa_1-120_33-39/models_curation/ala_slim/nixaa.pdb, ./lc3b/lir_complexes/nix/nix_4WAAaa_1-120_33-39/models_curation/ala_slim/mutate_runfile_template.txt, ./lc3b/lir_complexes/nix/nix_4WAAaa_1-120_33-39/models_curation/ala_slim/interface_runfile_template.txt, ./lc3b/lir_complexes/nix/nix_4WAAaa_1-120_33-39/models_curation/ala_slim/repair_runfile_template.txt, ./lc3b/lir_complexes/nix/nix_4WAAaa_1-120_33-39/models_curation/ala_slim/mutation_list.txt, ./lc3b/lir_complexes/nix/nix_4WAAaa_1-120_33-39/models_curation/ala_slim/poslist.txt, ./lc3b/lir_complexes/nix/nix_4WAAaa_1-120_33-39/models_curation/ala_slim/README_mutatex_run
    jobid: 7
    wildcards: peptide_name=nix, PDB=4WAA, chain_protein_original_pdb=a, chain_peptide_original_pdb=a, aa_protein=1-120, aa_peptide=33-39

[Mon Oct 25 09:49:27 2021]
rule input_files:
    input: ../../../../../raw_data/computational_data/curations_data/lir_atg8/lc3b/complexes/extracted_complexes/nix/nix_4WAAbb_1-120_34-39/models_curation/
    output: ./lc3b/lir_complexes/nix/nix_4WAAbb_1-120_34-39/models_curation/ala_slim/nixbb.pdb, ./lc3b/lir_complexes/nix/nix_4WAAbb_1-120_34-39/models_curation/ala_slim/mutate_runfile_template.txt, ./lc3b/lir_complexes/nix/nix_4WAAbb_1-120_34-39/models_curation/ala_slim/interface_runfile_template.txt, ./lc3b/lir_complexes/nix/nix_4WAAbb_1-120_34-39/models_curation/ala_slim/repair_runfile_template.txt, ./lc3b/lir_complexes/nix/nix_4WAAbb_1-120_34-39/models_curation/ala_slim/mutation_list.txt, ./lc3b/lir_complexes/nix/nix_4WAAbb_1-120_34-39/models_curation/ala_slim/poslist.txt, ./lc3b/lir_complexes/nix/nix_4WAAbb_1-120_34-39/models_curation/ala_slim/README_mutatex_run
    jobid: 8
    wildcards: peptide_name=nix, PDB=4WAA, chain_protein_original_pdb=b, chain_peptide_original_pdb=b, aa_protein=1-120, aa_peptide=34-39

[Mon Oct 25 09:49:28 2021]
Finished job 7.
1 of 9 steps (11%) done

[Mon Oct 25 09:49:28 2021]
rule ala_scan:
    input: ./lc3b/lir_complexes/nix/nix_4WAAaa_1-120_33-39/models_curation/ala_slim/nixaa.pdb, ./lc3b/lir_complexes/nix/nix_4WAAaa_1-120_33-39/models_curation/ala_slim/mutation_list.txt, ./lc3b/lir_complexes/nix/nix_4WAAaa_1-120_33-39/models_curation/ala_slim/mutate_runfile_template.txt, ./lc3b/lir_complexes/nix/nix_4WAAaa_1-120_33-39/models_curation/ala_slim/interface_runfile_template.txt, ./lc3b/lir_complexes/nix/nix_4WAAaa_1-120_33-39/models_curation/ala_slim/repair_runfile_template.txt, ./lc3b/lir_complexes/nix/nix_4WAAaa_1-120_33-39/models_curation/ala_slim/poslist.txt, ./lc3b/lir_complexes/nix/nix_4WAAaa_1-120_33-39/models_curation/ala_slim/README_mutatex_run
    output: ./lc3b/lir_complexes/nix/nix_4WAAaa_1-120_33-39/models_curation/ala_slim/results/interface_ddgs/final_averages/A-B/
    jobid: 3
    wildcards: peptide_name=nix, PDB=4WAA, chain_protein_original_pdb=a, chain_peptide_original_pdb=a, aa_protein=1-120, aa_peptide=33-39, chain_protein_model_pdb=A, chain_peptide_model_pdb=B

[Mon Oct 25 09:49:28 2021]
Finished job 8.
2 of 9 steps (22%) done
InputFunctionException in line 90 of /data/user/morlandi/mutatex_pipeline/SLIM-modeling/alanine_scanning/Snakefile:
AttributeError: 'Wildcards' object has no attribute 'method'
Wildcards:
peptide_name=nix
PDB=4WAA
chain_protein_original_pdb=a
chain_peptide_original_pdb=a
aa_protein=1-120
aa_peptide=33-39
chain_protein_model_pdb=A
chain_peptide_model_pdb=B
  File "/usr/local/envs/py37/lib/python3.7/site-packages/snakemake/executors/__init__.py", line 115, in run_jobs
  File "/usr/local/envs/py37/lib/python3.7/site-packages/snakemake/executors/__init__.py", line 402, in run
  File "/usr/local/envs/py37/lib/python3.7/site-packages/snakemake/executors/__init__.py", line 203, in _run
  File "/usr/local/envs/py37/lib/python3.7/site-packages/snakemake/executors/__init__.py", line 131, in _run
  File "/usr/local/envs/py37/lib/python3.7/site-packages/snakemake/executors/__init__.py", line 137, in printjob
