Building DAG of jobs...
Relative file path './test/ankb/cabsdock/ankb_5YISab_1-120_1588-1613/modelX/self_scan/blind/results' starts with './'. This is redundant and strongly discouraged. It can also lead to inconsistent results of the file-matching approach used by Snakemake. You can simply omit the './' for relative file paths.
Relative file path './test/ankb/cabsdock/ankb_5YISab_1-120_1588-1613/modelX/self_scan/blind/ankb_5YIS.pdb' starts with './'. This is redundant and strongly discouraged. It can also lead to inconsistent results of the file-matching approach used by Snakemake. You can simply omit the './' for relative file paths.
Relative file path './test/ankb/cabsdock/ankb_5YISab_1-120_1588-1613/modelX/self_scan/blind/results' starts with './'. This is redundant and strongly discouraged. It can also lead to inconsistent results of the file-matching approach used by Snakemake. You can simply omit the './' for relative file paths.
Relative file path './test/ankb/cabsdock/ankb_5YISab_1-120_1588-1613/modelX/self_scan/blind/ankb_5YIS.pdb' starts with './'. This is redundant and strongly discouraged. It can also lead to inconsistent results of the file-matching approach used by Snakemake. You can simply omit the './' for relative file paths.
Using shell: /bin/bash
Provided cores: 1 (use --cores to define parallelism)
Rules claiming more threads will be scaled down.
Job counts:
	count	jobs
	1	ala_scan
	1	all
	1	input_files
	3

[Tue Oct 26 13:27:44 2021]
rule input_files:
    input: ../../input_pdb/ankbac.pdb
    output: ./test/ankb/cabsdock/ankb_5YISab_1-120_1588-1613/modelX/self_scan/blind/ankb_5YIS.pdb
    jobid: 2
    wildcards: slim_name=ankb, method=cabsdock, PDB=5YIS, chain_protein=a, chain_peptide=b, aa_protein=1-120, aa_peptide=1588-1613, model_name=modelX, scan=self_scan, restraints=blind

[Tue Oct 26 13:27:44 2021]
Finished job 2.
1 of 3 steps (33%) done

[Tue Oct 26 13:27:44 2021]
rule ala_scan:
    input: ./test/ankb/cabsdock/ankb_5YISab_1-120_1588-1613/modelX/self_scan/blind/ankb_5YIS.pdb
    output: ./test/ankb/cabsdock/ankb_5YISab_1-120_1588-1613/modelX/self_scan/blind/results
    jobid: 1
    wildcards: slim_name=ankb, method=cabsdock, PDB=5YIS, chain_protein=a, chain_peptide=b, aa_protein=1-120, aa_peptide=1588-1613, model_name=modelX, scan=self_scan, restraints=blind

Waiting at most 5 seconds for missing files.
MissingOutputException in line 41 of /data/user/morlandi/mutatex_pipeline/SLIM-modeling/alanine_scanning/Snakefile:
Job completed successfully, but some output files are missing. Missing files after 5 seconds:
./test/ankb/cabsdock/ankb_5YISab_1-120_1588-1613/modelX/self_scan/blind/results
This might be due to filesystem latency. If that is the case, consider to increase the wait time with --latency-wait.
  File "/usr/local/envs/py37/lib/python3.7/site-packages/snakemake/executors/__init__.py", line 544, in handle_job_success
  File "/usr/local/envs/py37/lib/python3.7/site-packages/snakemake/executors/__init__.py", line 231, in handle_job_success
Shutting down, this might take some time.
Exiting because a job execution failed. Look above for error message
Complete log: /data/user/morlandi/mutatex_pipeline/SLIM-modeling/alanine_scanning/.snakemake/log/2021-10-26T132743.765408.snakemake.log
