Building DAG of jobs...
Using shell: /bin/bash
Provided cores: 2
Rules claiming more threads will be scaled down.
Job counts:
	count	jobs
	4	ala_scan
	1	all
	4	input_files
	9

[Mon Nov  1 10:59:03 2021]
rule input_files:
    input: ../../input_pdb/ankbbd.pdb
    output: test/cabsdock_ankb_5YISab_1-120_1590-1602_blind/modelX/ala_scan/ankb_5YIS.pdb, test/cabsdock_ankb_5YISab_1-120_1590-1602_blind/modelX/ala_scan/mutate_runfile_template.txt, test/cabsdock_ankb_5YISab_1-120_1590-1602_blind/modelX/ala_scan/interface_runfile_template.txt, test/cabsdock_ankb_5YISab_1-120_1590-1602_blind/modelX/ala_scan/repair_runfile_template.txt, test/cabsdock_ankb_5YISab_1-120_1590-1602_blind/modelX/ala_scan/mutation_list.txt, test/cabsdock_ankb_5YISab_1-120_1590-1602_blind/modelX/ala_scan/poslist.txt, test/cabsdock_ankb_5YISab_1-120_1590-1602_blind/modelX/ala_scan/README_mutatex_run
    jobid: 6
    wildcards: method=cabsdock, slim_name=ankb, PDB=5YIS, chain_protein=a, chain_peptide=b, aa_protein=1-120, aa_peptide=1590-1602, restraints=blind, model_name=modelX, scan=ala_scan

[Mon Nov  1 10:59:03 2021]
rule input_files:
    input: ../../input_pdb/nixaa.pdb
    output: test/cabsdock_nix_4WAAab_1-120_33-39_blind/modelX/self_scan/nix_4WAA.pdb, test/cabsdock_nix_4WAAab_1-120_33-39_blind/modelX/self_scan/mutate_runfile_template.txt, test/cabsdock_nix_4WAAab_1-120_33-39_blind/modelX/self_scan/interface_runfile_template.txt, test/cabsdock_nix_4WAAab_1-120_33-39_blind/modelX/self_scan/repair_runfile_template.txt, test/cabsdock_nix_4WAAab_1-120_33-39_blind/modelX/self_scan/mutation_list.txt, test/cabsdock_nix_4WAAab_1-120_33-39_blind/modelX/self_scan/poslist.txt, test/cabsdock_nix_4WAAab_1-120_33-39_blind/modelX/self_scan/README_mutatex_run
    jobid: 7
    wildcards: method=cabsdock, slim_name=nix, PDB=4WAA, chain_protein=a, chain_peptide=b, aa_protein=1-120, aa_peptide=33-39, restraints=blind, model_name=modelX, scan=self_scan

[Mon Nov  1 10:59:04 2021]
Finished job 6.
1 of 9 steps (11%) done
[Mon Nov  1 10:59:04 2021]
Finished job 7.
2 of 9 steps (22%) done

[Mon Nov  1 10:59:04 2021]
rule ala_scan:
    input: test/cabsdock_ankb_5YISab_1-120_1590-1602_blind/modelX/ala_scan/ankb_5YIS.pdb, test/cabsdock_ankb_5YISab_1-120_1590-1602_blind/modelX/ala_scan/mutate_runfile_template.txt, test/cabsdock_ankb_5YISab_1-120_1590-1602_blind/modelX/ala_scan/interface_runfile_template.txt, test/cabsdock_ankb_5YISab_1-120_1590-1602_blind/modelX/ala_scan/repair_runfile_template.txt, test/cabsdock_ankb_5YISab_1-120_1590-1602_blind/modelX/ala_scan/mutation_list.txt, test/cabsdock_ankb_5YISab_1-120_1590-1602_blind/modelX/ala_scan/poslist.txt, test/cabsdock_ankb_5YISab_1-120_1590-1602_blind/modelX/ala_scan/README_mutatex_run
    output: test/cabsdock_ankb_5YISab_1-120_1590-1602_blind/modelX/ala_scan/mutations.tar.gz
    jobid: 2
    wildcards: method=cabsdock, slim_name=ankb, PDB=5YIS, chain_protein=a, chain_peptide=b, aa_protein=1-120, aa_peptide=1590-1602, restraints=blind, model_name=modelX, scan=ala_scan


[Mon Nov  1 10:59:04 2021]
rule ala_scan:
    input: test/cabsdock_nix_4WAAab_1-120_33-39_blind/modelX/self_scan/nix_4WAA.pdb, test/cabsdock_nix_4WAAab_1-120_33-39_blind/modelX/self_scan/mutate_runfile_template.txt, test/cabsdock_nix_4WAAab_1-120_33-39_blind/modelX/self_scan/interface_runfile_template.txt, test/cabsdock_nix_4WAAab_1-120_33-39_blind/modelX/self_scan/repair_runfile_template.txt, test/cabsdock_nix_4WAAab_1-120_33-39_blind/modelX/self_scan/mutation_list.txt, test/cabsdock_nix_4WAAab_1-120_33-39_blind/modelX/self_scan/poslist.txt, test/cabsdock_nix_4WAAab_1-120_33-39_blind/modelX/self_scan/README_mutatex_run
    output: test/cabsdock_nix_4WAAab_1-120_33-39_blind/modelX/self_scan/mutations.tar.gz
    jobid: 3
    wildcards: method=cabsdock, slim_name=nix, PDB=4WAA, chain_protein=a, chain_peptide=b, aa_protein=1-120, aa_peptide=33-39, restraints=blind, model_name=modelX, scan=self_scan

[Mon Nov  1 10:59:04 2021]
Error in rule ala_scan:
    jobid: 2
[Mon Nov  1 10:59:04 2021]
    output: test/cabsdock_ankb_5YISab_1-120_1590-1602_blind/modelX/ala_scan/mutations.tar.gz
Error in rule ala_scan:
    shell:
        
        set +u; source /usr/local/envs/mutatex/bin/activate; set -u
        cd test/ankb/cabsdock/ankb_5YISab_1-120_1590-1602_blind/modelX/ala_scan/
        echo -e "# mutatex command
mutatex $(basename test/cabsdock_ankb_5YISab_1-120_1590-1602_blind/modelX/ala_scan/ankb_5YIS.pdb) -q $(basename test/cabsdock_ankb_5YISab_1-120_1590-1602_blind/modelX/ala_scan/poslist.txt)  -m $(basename test/cabsdock_ankb_5YISab_1-120_1590-1602_blind/modelX/ala_scan/mutation_list.txt) --foldx-version=suite5 --np 1 -x /usr/local/foldx5_2021/foldx -B -C deep -v -L -c -l >& log &" >> $(basename test/cabsdock_ankb_5YISab_1-120_1590-1602_blind/modelX/ala_scan/README_mutatex_run)
        mutatex $(basename test/cabsdock_ankb_5YISab_1-120_1590-1602_blind/modelX/ala_scan/ankb_5YIS.pdb) -q $(basename test/cabsdock_ankb_5YISab_1-120_1590-1602_blind/modelX/ala_scan/poslist.txt)  -m $(basename test/cabsdock_ankb_5YISab_1-120_1590-1602_blind/modelX/ala_scan/mutation_list.txt) --foldx-version=suite5 --np 1 -x /usr/local/foldx5_2021/foldx -B -C deep -v -L -c -l >& log 
        
        (one of the commands exited with non-zero exit code; note that snakemake uses bash strict mode!)
    jobid: 3

    output: test/cabsdock_nix_4WAAab_1-120_33-39_blind/modelX/self_scan/mutations.tar.gz
    shell:
        
        set +u; source /usr/local/envs/mutatex/bin/activate; set -u
        cd test/nix/cabsdock/nix_4WAAab_1-120_33-39_blind/modelX/self_scan/
        echo -e "# mutatex command
mutatex $(basename test/cabsdock_nix_4WAAab_1-120_33-39_blind/modelX/self_scan/nix_4WAA.pdb) -q $(basename test/cabsdock_nix_4WAAab_1-120_33-39_blind/modelX/self_scan/poslist.txt)  --self-mutate --foldx-version=suite5 --np 1 -x /usr/local/foldx5_2021/foldx -B -C deep -v -L -c -l >& log &" >> $(basename test/cabsdock_nix_4WAAab_1-120_33-39_blind/modelX/self_scan/README_mutatex_run)
        mutatex $(basename test/cabsdock_nix_4WAAab_1-120_33-39_blind/modelX/self_scan/nix_4WAA.pdb) -q $(basename test/cabsdock_nix_4WAAab_1-120_33-39_blind/modelX/self_scan/poslist.txt)  --self-mutate --foldx-version=suite5 --np 1 -x /usr/local/foldx5_2021/foldx -B -C deep -v -L -c -l >& log 
        
        (one of the commands exited with non-zero exit code; note that snakemake uses bash strict mode!)

Shutting down, this might take some time.
Exiting because a job execution failed. Look above for error message
Complete log: /data/user/morlandi/mutatex_pipeline/SLIM-modeling/alanine_scanning/.snakemake/log/2021-11-01T105901.934736.snakemake.log
