Wildcard constraints in inputs are ignored.
Wildcard constraints in inputs are ignored.
Wildcard constraints in inputs are ignored.
Wildcard constraints in inputs are ignored.
Wildcard constraints in inputs are ignored.
Wildcard constraints in inputs are ignored.
Wildcard constraints in inputs are ignored.
Building DAG of jobs...
File path test/cabsdock_ankb_5YISab_1-120_1590-1602blind//ala_scan/mutations.tar.gz contains double '/'. This is likely unintended. It can also lead to inconsistent results of the file-matching approach used by Snakemake.
InputFunctionException in line 30 of /data/user/morlandi/mutatex_pipeline/SLIM-modeling/alanine_scanning/Snakefile:
KeyError: ('ankb', 'ss', '5YIS', 'a', '1-120', '1588-1613blind', '', 'modelX', 'self_scan')
Wildcards:
method=ss
slim_name=ankb
PDB=5YIS
chain_protein=a
chain_peptide=b
aa_protein=1-120
aa_peptide=1588-1613blind
restraints=
model_name=modelX
scan=self_scan
