   ********************************************
   ***                                      ***
   ***             FoldX 5 (c)            ***
   ***                                      ***
   ***     code by the FoldX Consortium     ***
   ***                                      ***
   ***     Jesper Borg, Frederic Rousseau   ***
   ***    Joost Schymkowitz, Luis Serrano   ***
   ***    Peter Vanhee, Erik Verschueren    ***
   ***     Lies Baeten, Javier Delgado      ***
   ***       and Francois Stricher          ***
   *** and any other of the 9! permutations ***
   ***   based on an original concept by    ***
   ***   Raphael Guerois and Luis Serrano   ***
   ********************************************

Reading config file 'runfile.txt'
1 models read: O15297_trimmed_model0_checked_Repair.pdb
1 models read: O15297_trimmed_model0_checked_Repair.pdb
Output: ./O15297_trimmed_model0_checked_Repair.log

BackHbond       =               -250.86
SideHbond       =               -112.56
Energy_VdW      =               -366.22
Electro         =               -12.84
Energy_SolvP    =               485.17
Energy_SolvH    =               -477.90
Energy_vdwclash =               14.86
energy_torsion  =               9.85
backbone_vdwclash=              155.00
Entropy_sidec   =               209.14
Entropy_mainc   =               563.54
water bonds     =               0.00
helix dipole    =               -1.77
loop_entropy    =               0.00
cis_bond        =               0.10
disulfide       =               0.00
kn electrostatic=               0.00
partial covalent interactions = 0.00
Energy_Ionisation =             1.31
Entropy Complex =               0.00
-----------------------------------------------------------
Total          = 				  61.81


BackHbond       =               -250.86
SideHbond       =               -112.56
Energy_VdW      =               -366.22
Electro         =               -12.84
Energy_SolvP    =               485.17
Energy_SolvH    =               -477.90
Energy_vdwclash =               14.86
energy_torsion  =               9.85
backbone_vdwclash=              155.00
Entropy_sidec   =               209.14
Entropy_mainc   =               563.54
water bonds     =               0.00
helix dipole    =               -1.77
loop_entropy    =               0.00
cis_bond        =               0.10
disulfide       =               0.00
kn electrostatic=               0.00
partial covalent interactions = 0.00
Energy_Ionisation =             1.31
Entropy Complex =               0.00
-----------------------------------------------------------
Total          = 				  61.81

Starting BuildModel
Reading GA230G;
Reading GA230A;
Reading GA230V;
Reading GA230L;
Reading GA230I;
Reading GA230M;
Reading GA230F;
Reading GA230W;
Reading GA230P;
Reading GA230S;
Reading GA230T;
Reading GA230C;
Reading GA230Y;
Reading GA230N;
Reading GA230Q;
Reading GA230D;
Reading GA230E;
Reading GA230K;
Reading GA230R;
Reading GA230H;
Reading GA230s;
Reading GA230p;
Reading GA230y;
Residue to Mutate GLYA230 has residue index 225
Residue to Mutate GLYA230 has residue index 225
Residue to Mutate GLYA230 has residue index 225
Residue to Mutate GLYA230 has residue index 225
Residue to Mutate GLYA230 has residue index 225
Residue to Mutate GLYA230 has residue index 225
Residue to Mutate GLYA230 has residue index 225
Residue to Mutate GLYA230 has residue index 225
Residue to Mutate GLYA230 has residue index 225
Residue to Mutate GLYA230 has residue index 225
Residue to Mutate GLYA230 has residue index 225
Residue to Mutate GLYA230 has residue index 225
Residue to Mutate GLYA230 has residue index 225
Residue to Mutate GLYA230 has residue index 225
Residue to Mutate GLYA230 has residue index 225
Residue to Mutate GLYA230 has residue index 225
Residue to Mutate GLYA230 has residue index 225
Residue to Mutate GLYA230 has residue index 225
Residue to Mutate GLYA230 has residue index 225
Residue to Mutate GLYA230 has residue index 225
Residue to Mutate GLYA230 has residue index 225
Residue to Mutate GLYA230 has residue index 225
Residue to Mutate GLYA230 has residue index 225
Mutating residue = GLYA230 into GLY
Mutating residue = GLYA230 into GLY
Mutating residue = GLYA230 into GLY
Mutating residue = GLYA230 into GLY
Mutating residue = GLYA230 into GLY
Mutating residue = GLYA230 into ALA
Mutating residue = GLYA230 into ALA
Mutating residue = GLYA230 into ALA
Mutating residue = GLYA230 into ALA
Mutating residue = GLYA230 into ALA
Mutating residue = GLYA230 into VAL
Mutating residue = GLYA230 into VAL
Mutating residue = GLYA230 into VAL
Mutating residue = GLYA230 into VAL
Mutating residue = GLYA230 into VAL
Mutating residue = GLYA230 into LEU
Mutating residue = GLYA230 into LEU
Mutating residue = GLYA230 into LEU
Mutating residue = GLYA230 into LEU
Mutating residue = GLYA230 into LEU
Mutating residue = GLYA230 into ILE
Mutating residue = GLYA230 into ILE
Mutating residue = GLYA230 into ILE
Mutating residue = GLYA230 into ILE
Mutating residue = GLYA230 into ILE
Mutating residue = GLYA230 into MET
Mutating residue = GLYA230 into MET
Mutating residue = GLYA230 into MET
Mutating residue = GLYA230 into MET
Mutating residue = GLYA230 into MET
Mutating residue = GLYA230 into PHE
Mutating residue = GLYA230 into PHE
Mutating residue = GLYA230 into PHE
Mutating residue = GLYA230 into PHE
Mutating residue = GLYA230 into PHE
Mutating residue = GLYA230 into TRP
Mutating residue = GLYA230 into TRP
Mutating residue = GLYA230 into TRP
Mutating residue = GLYA230 into TRP
Mutating residue = GLYA230 into TRP
Mutating residue = GLYA230 into PRO
Mutating residue = GLYA230 into PRO
Mutating residue = GLYA230 into PRO
Mutating residue = GLYA230 into PRO
Mutating residue = GLYA230 into PRO
Mutating residue = GLYA230 into SER
