Building DAG of jobs...
Using shell: /bin/bash
Provided cores: 1 (use --cores to define parallelism)
Rules claiming more threads will be scaled down.
Job stats:
job             count    min threads    max threads
------------  -------  -------------  -------------
all                 1              1              1
input_pdb           1              1              1
mutatex_scan        1              1              1
write_table         1              1              1
total               4              1              1

Select jobs to execute...

[Mon Sep  5 13:36:08 2022]
rule input_pdb:
    input: Hspb1/free/stability/mutatex_input_preparation/AF_88-177/model_v3/saturation/mutate_runfile.txt, Hspb1/free/stability/mutatex_input_preparation/AF_88-177/model_v3/saturation/repair_runfile.txt, Hspb1/free/stability/mutatex_input_preparation/AF_88-177/model_v3/saturation/mutation_list.txt, Hspb1/structure_selection/AF/P14602_trimmed.pdb
    output: Hspb1/free/stability/mutatex_input_preparation/AF_88-177/model_v3/saturation/P14602_trimmed.pdb
    jobid: 3
    wildcards: gene=Hspb1, database=AF, range=88-177, version=v3, prot_id=P14602
    resources: tmpdir=/tmp

[Mon Sep  5 13:36:09 2022]
Finished job 3.
1 of 4 steps (25%) done
Select jobs to execute...

[Mon Sep  5 13:36:09 2022]
rule mutatex_scan:
    input: Hspb1/free/stability/mutatex_input_preparation/AF_88-177/model_v3/saturation/P14602_trimmed.pdb
    output: Hspb1/free/stability/mutatex_runs/AF_88-177/model_v3/saturation/P14602_scan
    jobid: 2
    wildcards: gene=Hspb1, database=AF, range=88-177, version=v3, prot_id=P14602
    resources: tmpdir=/tmp

[Mon Sep  5 16:25:53 2022]
Finished job 2.
2 of 4 steps (50%) done
Select jobs to execute...

[Mon Sep  5 16:25:53 2022]
rule write_table:
    input: Hspb1/free/stability/mutatex_runs/AF_88-177/model_v3/saturation/P14602_scan
    output: Hspb1/free/stability/mutatex_runs/AF_88-177/model_v3/saturation/P14602_table/energies.csv
    jobid: 1
    wildcards: gene=Hspb1, database=AF, range=88-177, version=v3, prot_id=P14602
    resources: tmpdir=/tmp

[Mon Sep  5 16:25:55 2022]
Finished job 1.
3 of 4 steps (75%) done
Select jobs to execute...

[Mon Sep  5 16:25:55 2022]
localrule all:
    input: Hspb1/free/stability/mutatex_runs/AF_88-177/model_v3/saturation/P14602_table/energies.csv
    jobid: 0
    resources: tmpdir=/tmp

[Mon Sep  5 16:25:55 2022]
Finished job 0.
4 of 4 steps (100%) done
Complete log: /data/user/albertopettenella/stability_scan/.snakemake/log/2022-09-05T133606.577730.snakemake.log
