Building DAG of jobs...
Using shell: /bin/bash
Provided cores: 1 (use --cores to define parallelism)
Rules claiming more threads will be scaled down.
Job stats:
job             count    min threads    max threads
------------  -------  -------------  -------------
all                 1              1              1
input_pdb           1              1              1
input_txt           1              1              1
mutatex_scan        1              1              1
write_table         1              1              1
total               5              1              1

Select jobs to execute...

[Mon Sep  5 13:04:16 2022]
rule input_txt:
    output: Hspb1/free/stability/mutatex_input_preparation/AF_88-177/model_v3/saturation/mutate_runfile.txt, Hspb1/free/stability/mutatex_input_preparation/AF_88-177/model_v3/saturation/repair_runfile.txt, Hspb1/free/stability/mutatex_input_preparation/AF_88-177/model_v3/saturation/mutation_list.txt
    jobid: 4
    wildcards: gene=Hspb1, database=AF, range=88-177, version=v3
    resources: tmpdir=/tmp

Shutting down, this might take some time.
Exiting because a job execution failed. Look above for error message
Complete log: /data/user/albertopettenella/stability_scan/.snakemake/log/2022-09-05T130415.843450.snakemake.log
