Building DAG of jobs...
Using shell: /usr/bin/bash
Provided cores: 6
Rules claiming more threads will be scaled down.
Job stats:
job             count
------------  -------
all                 1
download_pdb        2
input_pdb           2
input_txt           2
mutatex_scan        2
write_table         2
total              11

Select jobs to execute...

[Fri Dec 12 11:03:40 2025]
rule input_txt:
    output: HSPB1/free/stability/mutatex_input_preparation/AF_88-177/model_v3/saturation/mutate_runfile.txt, HSPB1/free/stability/mutatex_input_preparation/AF_88-177/model_v3/saturation/repair_runfile.txt, HSPB1/free/stability/mutatex_input_preparation/AF_88-177/model_v3/saturation/mutation_list.txt, HSPB1/free/stability/mutatex_runs/AF_88-177/model_v3/saturation/README.txt
    jobid: 10
    reason: Missing output files: HSPB1/free/stability/mutatex_input_preparation/AF_88-177/model_v3/saturation/mutate_runfile.txt, HSPB1/free/stability/mutatex_input_preparation/AF_88-177/model_v3/saturation/mutation_list.txt, HSPB1/free/stability/mutatex_input_preparation/AF_88-177/model_v3/saturation/repair_runfile.txt
    wildcards: gene=HSPB1, database=AF, start_res=88, end_res=177, version=v3
    resources: tmpdir=/tmp

[Fri Dec 12 11:03:41 2025]
rule download_pdb:
    output: structure_selection/EXPR/P25054_1_5.pdb
    jobid: 4
    reason: Missing output files: structure_selection/EXPR/P25054_1_5.pdb
    wildcards: database=EXPR, start_res=1, end_res=5, prot_id=P25054
    resources: tmpdir=/tmp

[Fri Dec 12 11:03:41 2025]
rule input_txt:
    output: APC/free/stability/mutatex_input_preparation/EXPR_1-5/model_v1/saturation/mutate_runfile.txt, APC/free/stability/mutatex_input_preparation/EXPR_1-5/model_v1/saturation/repair_runfile.txt, APC/free/stability/mutatex_input_preparation/EXPR_1-5/model_v1/saturation/mutation_list.txt, APC/free/stability/mutatex_runs/EXPR_1-5/model_v1/saturation/README.txt
    jobid: 5
    reason: Missing output files: APC/free/stability/mutatex_input_preparation/EXPR_1-5/model_v1/saturation/mutation_list.txt, APC/free/stability/mutatex_input_preparation/EXPR_1-5/model_v1/saturation/repair_runfile.txt, APC/free/stability/mutatex_input_preparation/EXPR_1-5/model_v1/saturation/mutate_runfile.txt, APC/free/stability/mutatex_runs/EXPR_1-5/model_v1/saturation/README.txt
    wildcards: gene=APC, database=EXPR, start_res=1, end_res=5, version=v1
    resources: tmpdir=/tmp

[Fri Dec 12 11:03:41 2025]
rule download_pdb:
    output: structure_selection/AF/P14602_88_177.pdb
    jobid: 9
    reason: Missing output files: structure_selection/AF/P14602_88_177.pdb
    wildcards: database=AF, start_res=88, end_res=177, prot_id=P14602
    resources: tmpdir=/tmp

[Fri Dec 12 11:03:41 2025]
Finished job 5.
1 of 11 steps (9%) done
[Fri Dec 12 11:03:41 2025]
Finished job 4.
2 of 11 steps (18%) done
Select jobs to execute...

[Fri Dec 12 11:03:41 2025]
rule input_pdb:
    input: structure_selection/EXPR/P25054_1_5.pdb, APC/free/stability/mutatex_input_preparation/EXPR_1-5/model_v1/saturation/mutate_runfile.txt, APC/free/stability/mutatex_input_preparation/EXPR_1-5/model_v1/saturation/repair_runfile.txt, APC/free/stability/mutatex_input_preparation/EXPR_1-5/model_v1/saturation/mutation_list.txt, APC/free/stability/mutatex_runs/EXPR_1-5/model_v1/saturation/README.txt
    output: APC/free/stability/mutatex_input_preparation/EXPR_1-5/model_v1/saturation/P25054_trimmed.pdb
    jobid: 3
    reason: Missing output files: APC/free/stability/mutatex_input_preparation/EXPR_1-5/model_v1/saturation/P25054_trimmed.pdb; Input files updated by another job: APC/free/stability/mutatex_input_preparation/EXPR_1-5/model_v1/saturation/repair_runfile.txt, APC/free/stability/mutatex_input_preparation/EXPR_1-5/model_v1/saturation/mutate_runfile.txt, APC/free/stability/mutatex_input_preparation/EXPR_1-5/model_v1/saturation/mutation_list.txt, structure_selection/EXPR/P25054_1_5.pdb, APC/free/stability/mutatex_runs/EXPR_1-5/model_v1/saturation/README.txt
    wildcards: gene=APC, database=EXPR, start_res=1, end_res=5, version=v1, prot_id=P25054
    resources: tmpdir=/tmp

[Fri Dec 12 11:03:41 2025]
Finished job 10.
3 of 11 steps (27%) done
[Fri Dec 12 11:03:41 2025]
Finished job 3.
4 of 11 steps (36%) done
Select jobs to execute...

[Fri Dec 12 11:03:41 2025]
rule mutatex_scan:
    input: APC/free/stability/mutatex_input_preparation/EXPR_1-5/model_v1/saturation/P25054_trimmed.pdb
    output: APC/free/stability/mutatex_runs/EXPR_1-5/model_v1/saturation/P25054_scan
    jobid: 2
    reason: Missing output files: APC/free/stability/mutatex_runs/EXPR_1-5/model_v1/saturation/P25054_scan; Input files updated by another job: APC/free/stability/mutatex_input_preparation/EXPR_1-5/model_v1/saturation/P25054_trimmed.pdb
    wildcards: gene=APC, database=EXPR, start_res=1, end_res=5, version=v1, prot_id=P25054
    threads: 3
    resources: tmpdir=/tmp

[Fri Dec 12 11:05:08 2025]
Finished job 2.
5 of 11 steps (45%) done
Shutting down, this might take some time.
Exiting because a job execution failed. Look above for error message
Complete log: .snakemake/log/2025-12-12T110340.568086.snakemake.log
