Migrating .snakemake folder to new format...
Migration complete
Building DAG of jobs...
Using shell: /usr/bin/bash
Provided cores: 4
Rules claiming more threads will be scaled down.
Job stats:
job             count
------------  -------
all                 1
download_pdb        2
input_pdb           2
input_txt           2
mutatex_scan        2
write_table         2
total              11

Select jobs to execute...

[Fri Feb 27 13:42:25 2026]
rule input_txt:
    output: HSPB1/free/stability/mutatex_input_preparation/AFDB_88-177/model_v6/saturation/mutate_runfile.txt, HSPB1/free/stability/mutatex_input_preparation/AFDB_88-177/model_v6/saturation/repair_runfile.txt, HSPB1/free/stability/mutatex_input_preparation/AFDB_88-177/model_v6/saturation/mutation_list.txt, HSPB1/free/stability/mutatex_runs/AFDB_88-177/model_v6/saturation/README.txt
    jobid: 10
    reason: Missing output files: HSPB1/free/stability/mutatex_input_preparation/AFDB_88-177/model_v6/saturation/mutate_runfile.txt, HSPB1/free/stability/mutatex_input_preparation/AFDB_88-177/model_v6/saturation/mutation_list.txt, HSPB1/free/stability/mutatex_runs/AFDB_88-177/model_v6/saturation/README.txt, HSPB1/free/stability/mutatex_input_preparation/AFDB_88-177/model_v6/saturation/repair_runfile.txt
    wildcards: gene=HSPB1, database=AFDB, start_res=88, end_res=177, version=v6
    resources: tmpdir=/tmp

[Fri Feb 27 13:42:25 2026]
rule download_pdb:
    output: structure_selection/PDB/P25054_1_5.pdb
    jobid: 4
    reason: Missing output files: structure_selection/PDB/P25054_1_5.pdb
    wildcards: database=PDB, start_res=1, end_res=5, prot_id=P25054
    resources: tmpdir=/tmp

[Fri Feb 27 13:42:25 2026]
rule input_txt:
    output: APC/free/stability/mutatex_input_preparation/PDB_1-5/model_v1/saturation/mutate_runfile.txt, APC/free/stability/mutatex_input_preparation/PDB_1-5/model_v1/saturation/repair_runfile.txt, APC/free/stability/mutatex_input_preparation/PDB_1-5/model_v1/saturation/mutation_list.txt, APC/free/stability/mutatex_runs/PDB_1-5/model_v1/saturation/README.txt
    jobid: 5
    reason: Missing output files: APC/free/stability/mutatex_input_preparation/PDB_1-5/model_v1/saturation/repair_runfile.txt, APC/free/stability/mutatex_runs/PDB_1-5/model_v1/saturation/README.txt, APC/free/stability/mutatex_input_preparation/PDB_1-5/model_v1/saturation/mutation_list.txt, APC/free/stability/mutatex_input_preparation/PDB_1-5/model_v1/saturation/mutate_runfile.txt
    wildcards: gene=APC, database=PDB, start_res=1, end_res=5, version=v1
    resources: tmpdir=/tmp

[Fri Feb 27 13:42:25 2026]
rule download_pdb:
    output: structure_selection/AFDB/P14602_88_177.pdb
    jobid: 9
    reason: Missing output files: structure_selection/AFDB/P14602_88_177.pdb
    wildcards: database=AFDB, start_res=88, end_res=177, prot_id=P14602
    resources: tmpdir=/tmp

[Fri Feb 27 13:42:26 2026]
Finished job 5.
1 of 11 steps (9%) done
[Fri Feb 27 13:42:26 2026]
Finished job 4.
2 of 11 steps (18%) done
Select jobs to execute...

[Fri Feb 27 13:42:26 2026]
rule input_pdb:
    input: structure_selection/PDB/P25054_1_5.pdb, APC/free/stability/mutatex_input_preparation/PDB_1-5/model_v1/saturation/mutate_runfile.txt, APC/free/stability/mutatex_input_preparation/PDB_1-5/model_v1/saturation/repair_runfile.txt, APC/free/stability/mutatex_input_preparation/PDB_1-5/model_v1/saturation/mutation_list.txt, APC/free/stability/mutatex_runs/PDB_1-5/model_v1/saturation/README.txt
    output: APC/free/stability/mutatex_input_preparation/PDB_1-5/model_v1/saturation/P25054_trimmed.pdb
    jobid: 3
    reason: Missing output files: APC/free/stability/mutatex_input_preparation/PDB_1-5/model_v1/saturation/P25054_trimmed.pdb; Input files updated by another job: APC/free/stability/mutatex_input_preparation/PDB_1-5/model_v1/saturation/repair_runfile.txt, APC/free/stability/mutatex_runs/PDB_1-5/model_v1/saturation/README.txt, APC/free/stability/mutatex_input_preparation/PDB_1-5/model_v1/saturation/mutation_list.txt, APC/free/stability/mutatex_input_preparation/PDB_1-5/model_v1/saturation/mutate_runfile.txt, structure_selection/PDB/P25054_1_5.pdb
    wildcards: gene=APC, database=PDB, start_res=1, end_res=5, version=v1, prot_id=P25054
    resources: tmpdir=/tmp

[Fri Feb 27 13:42:26 2026]
Finished job 10.
3 of 11 steps (27%) done
[Fri Feb 27 13:42:26 2026]
Finished job 3.
4 of 11 steps (36%) done
Select jobs to execute...

[Fri Feb 27 13:42:26 2026]
rule mutatex_scan:
    input: APC/free/stability/mutatex_input_preparation/PDB_1-5/model_v1/saturation/P25054_trimmed.pdb
    output: APC/free/stability/mutatex_runs/PDB_1-5/model_v1/saturation/P25054_scan
    jobid: 2
    reason: Missing output files: APC/free/stability/mutatex_runs/PDB_1-5/model_v1/saturation/P25054_scan; Input files updated by another job: APC/free/stability/mutatex_input_preparation/PDB_1-5/model_v1/saturation/P25054_trimmed.pdb
    wildcards: gene=APC, database=PDB, start_res=1, end_res=5, version=v1, prot_id=P25054
    threads: 2
    resources: tmpdir=/tmp

[Fri Feb 27 13:42:26 2026]
Finished job 9.
5 of 11 steps (45%) done
Select jobs to execute...

[Fri Feb 27 13:42:26 2026]
rule input_pdb:
    input: structure_selection/AFDB/P14602_88_177.pdb, HSPB1/free/stability/mutatex_input_preparation/AFDB_88-177/model_v6/saturation/mutate_runfile.txt, HSPB1/free/stability/mutatex_input_preparation/AFDB_88-177/model_v6/saturation/repair_runfile.txt, HSPB1/free/stability/mutatex_input_preparation/AFDB_88-177/model_v6/saturation/mutation_list.txt, HSPB1/free/stability/mutatex_runs/AFDB_88-177/model_v6/saturation/README.txt
    output: HSPB1/free/stability/mutatex_input_preparation/AFDB_88-177/model_v6/saturation/P14602_trimmed.pdb
    jobid: 8
    reason: Missing output files: HSPB1/free/stability/mutatex_input_preparation/AFDB_88-177/model_v6/saturation/P14602_trimmed.pdb; Input files updated by another job: HSPB1/free/stability/mutatex_input_preparation/AFDB_88-177/model_v6/saturation/repair_runfile.txt, structure_selection/AFDB/P14602_88_177.pdb, HSPB1/free/stability/mutatex_runs/AFDB_88-177/model_v6/saturation/README.txt, HSPB1/free/stability/mutatex_input_preparation/AFDB_88-177/model_v6/saturation/mutate_runfile.txt, HSPB1/free/stability/mutatex_input_preparation/AFDB_88-177/model_v6/saturation/mutation_list.txt
    wildcards: gene=HSPB1, database=AFDB, start_res=88, end_res=177, version=v6, prot_id=P14602
    resources: tmpdir=/tmp

[Fri Feb 27 13:42:26 2026]
Finished job 8.
6 of 11 steps (55%) done
Select jobs to execute...

[Fri Feb 27 13:42:26 2026]
rule mutatex_scan:
    input: HSPB1/free/stability/mutatex_input_preparation/AFDB_88-177/model_v6/saturation/P14602_trimmed.pdb
    output: HSPB1/free/stability/mutatex_runs/AFDB_88-177/model_v6/saturation/P14602_scan
    jobid: 7
    reason: Missing output files: HSPB1/free/stability/mutatex_runs/AFDB_88-177/model_v6/saturation/P14602_scan; Input files updated by another job: HSPB1/free/stability/mutatex_input_preparation/AFDB_88-177/model_v6/saturation/P14602_trimmed.pdb
    wildcards: gene=HSPB1, database=AFDB, start_res=88, end_res=177, version=v6, prot_id=P14602
    threads: 2
    resources: tmpdir=/tmp

[Fri Feb 27 13:44:16 2026]
Finished job 2.
7 of 11 steps (64%) done
Select jobs to execute...

[Fri Feb 27 13:44:16 2026]
rule write_table:
    input: APC/free/stability/mutatex_runs/PDB_1-5/model_v1/saturation/P25054_scan
    output: APC/free/stability/mutatex_runs/PDB_1-5/model_v1/saturation/P25054_table/energies.csv
    jobid: 1
    reason: Missing output files: APC/free/stability/mutatex_runs/PDB_1-5/model_v1/saturation/P25054_table/energies.csv; Input files updated by another job: APC/free/stability/mutatex_runs/PDB_1-5/model_v1/saturation/P25054_scan
    wildcards: gene=APC, database=PDB, start_res=1, end_res=5, version=v1, prot_id=P25054
    resources: tmpdir=/tmp

[Fri Feb 27 13:44:16 2026]
Finished job 1.
8 of 11 steps (73%) done
[Fri Feb 27 18:22:26 2026]
Finished job 7.
9 of 11 steps (82%) done
Select jobs to execute...

[Fri Feb 27 18:22:26 2026]
rule write_table:
    input: HSPB1/free/stability/mutatex_runs/AFDB_88-177/model_v6/saturation/P14602_scan
    output: HSPB1/free/stability/mutatex_runs/AFDB_88-177/model_v6/saturation/P14602_table/energies.csv
    jobid: 6
    reason: Missing output files: HSPB1/free/stability/mutatex_runs/AFDB_88-177/model_v6/saturation/P14602_table/energies.csv; Input files updated by another job: HSPB1/free/stability/mutatex_runs/AFDB_88-177/model_v6/saturation/P14602_scan
    wildcards: gene=HSPB1, database=AFDB, start_res=88, end_res=177, version=v6, prot_id=P14602
    resources: tmpdir=/tmp

[Fri Feb 27 18:22:27 2026]
Finished job 6.
10 of 11 steps (91%) done
Select jobs to execute...

[Fri Feb 27 18:22:27 2026]
localrule all:
    input: APC/free/stability/mutatex_runs/PDB_1-5/model_v1/saturation/P25054_table/energies.csv, HSPB1/free/stability/mutatex_runs/AFDB_88-177/model_v6/saturation/P14602_table/energies.csv
    jobid: 0
    reason: Input files updated by another job: APC/free/stability/mutatex_runs/PDB_1-5/model_v1/saturation/P25054_table/energies.csv, HSPB1/free/stability/mutatex_runs/AFDB_88-177/model_v6/saturation/P14602_table/energies.csv
    resources: tmpdir=/tmp

[Fri Feb 27 18:22:27 2026]
Finished job 0.
11 of 11 steps (100%) done
Complete log: .snakemake/log/2026-02-27T134224.362442.snakemake.log
