Building DAG of jobs...
Using shell: /usr/bin/bash
Provided cores: 4
Rules claiming more threads will be scaled down.
Job stats:
job            count
-----------  -------
all                1
write_table        2
total              3

Select jobs to execute...

[Mon Mar  9 10:00:34 2026]
rule write_table:
    input: APC/free/stability/mutatex_runs/PDB_1-5/model_v1/saturation/P25054_scan
    output: APC/free/stability/mutatex_runs/PDB_1-5/model_v1/saturation/P25054_table/energies.csv
    jobid: 1
    reason: Code has changed since last execution
    wildcards: gene=APC, database=PDB, start_res=1, end_res=5, version=v1, prot_id=P25054
    resources: tmpdir=/tmp


[Mon Mar  9 10:00:34 2026]
rule write_table:
    input: HSPB1/free/stability/mutatex_runs/AFDB_88-177/model_v6/saturation/P14602_scan
    output: HSPB1/free/stability/mutatex_runs/AFDB_88-177/model_v6/saturation/P14602_table/energies.csv
    jobid: 6
    reason: Code has changed since last execution
    wildcards: gene=HSPB1, database=AFDB, start_res=88, end_res=177, version=v6, prot_id=P14602
    resources: tmpdir=/tmp

[Mon Mar  9 10:00:35 2026]
Finished job 1.
1 of 3 steps (33%) done
[Mon Mar  9 10:00:35 2026]
Finished job 6.
2 of 3 steps (67%) done
Select jobs to execute...

[Mon Mar  9 10:00:35 2026]
localrule all:
    input: APC/free/stability/mutatex_runs/PDB_1-5/model_v1/saturation/P25054_table/energies.csv, HSPB1/free/stability/mutatex_runs/AFDB_88-177/model_v6/saturation/P14602_table/energies.csv
    jobid: 0
    reason: Input files updated by another job: APC/free/stability/mutatex_runs/PDB_1-5/model_v1/saturation/P25054_table/energies.csv, HSPB1/free/stability/mutatex_runs/AFDB_88-177/model_v6/saturation/P14602_table/energies.csv
    resources: tmpdir=/tmp

[Mon Mar  9 10:00:35 2026]
Finished job 0.
3 of 3 steps (100%) done
Complete log: .snakemake/log/2026-03-09T100033.752296.snakemake.log
