   ********************************************
   ***                                      ***
   ***             FoldX 5 (c)            ***
   ***                                      ***
   ***     code by the FoldX Consortium     ***
   ***                                      ***
   ***     Jesper Borg, Frederic Rousseau   ***
   ***    Joost Schymkowitz, Luis Serrano   ***
   ***    Peter Vanhee, Erik Verschueren    ***
   ***     Lies Baeten, Javier Delgado      ***
   ***       and Francois Stricher          ***
   *** and any other of the 9! permutations ***
   ***   based on an original concept by    ***
   ***   Raphael Guerois and Luis Serrano   ***
   ********************************************

Reading config file 'runfile.txt'
1 models read: O00329_trimmed_model0_checked_Repair.pdb
1 models read: O00329_trimmed_model0_checked_Repair.pdb
Output: ./O00329_trimmed_model0_checked_Repair.log

BackHbond       =               -750.94
SideHbond       =               -305.40
Energy_VdW      =               -1193.78
Electro         =               -42.13
Energy_SolvP    =               1527.86
Energy_SolvH    =               -1601.32
Energy_vdwclash =               17.16
energy_torsion  =               11.52
backbone_vdwclash=              676.43
Entropy_sidec   =               678.08
Entropy_mainc   =               1497.52
water bonds     =               0.00
helix dipole    =               -28.30
loop_entropy    =               0.00
cis_bond        =               0.00
disulfide       =               0.00
kn electrostatic=               0.00
partial covalent interactions = 0.00
Energy_Ionisation =             3.43
Entropy Complex =               0.00
-----------------------------------------------------------
Total          = 				  -186.30


BackHbond       =               -750.94
SideHbond       =               -305.40
Energy_VdW      =               -1193.78
Electro         =               -42.13
Energy_SolvP    =               1527.86
Energy_SolvH    =               -1601.32
Energy_vdwclash =               17.16
energy_torsion  =               11.52
backbone_vdwclash=              676.43
Entropy_sidec   =               678.08
Entropy_mainc   =               1497.52
water bonds     =               0.00
helix dipole    =               -28.30
loop_entropy    =               0.00
cis_bond        =               0.00
disulfide       =               0.00
kn electrostatic=               0.00
partial covalent interactions = 0.00
Energy_Ionisation =             3.43
Entropy Complex =               0.00
-----------------------------------------------------------
Total          = 				  -186.30

Starting BuildModel
Reading QA170G;
Reading QA170A;
Reading QA170V;
Reading QA170L;
Reading QA170I;
Reading QA170M;
Reading QA170F;
Reading QA170W;
Reading QA170P;
Reading QA170S;
Reading QA170T;
Reading QA170C;
Reading QA170Y;
Reading QA170N;
Reading QA170Q;
Reading QA170D;
Reading QA170E;
Reading QA170K;
Reading QA170R;
Reading QA170H;
Reading QA170s;
Reading QA170p;
Reading QA170y;
Residue to Mutate GLNA170 has residue index 151
Residue to Mutate GLNA170 has residue index 151
Residue to Mutate GLNA170 has residue index 151
Residue to Mutate GLNA170 has residue index 151
Residue to Mutate GLNA170 has residue index 151
Residue to Mutate GLNA170 has residue index 151
Residue to Mutate GLNA170 has residue index 151
Residue to Mutate GLNA170 has residue index 151
Residue to Mutate GLNA170 has residue index 151
Residue to Mutate GLNA170 has residue index 151
Residue to Mutate GLNA170 has residue index 151
Residue to Mutate GLNA170 has residue index 151
Residue to Mutate GLNA170 has residue index 151
Residue to Mutate GLNA170 has residue index 151
Residue to Mutate GLNA170 has residue index 151
Residue to Mutate GLNA170 has residue index 151
Residue to Mutate GLNA170 has residue index 151
Residue to Mutate GLNA170 has residue index 151
Residue to Mutate GLNA170 has residue index 151
Residue to Mutate GLNA170 has residue index 151
Residue to Mutate GLNA170 has residue index 151
Residue to Mutate GLNA170 has residue index 151
Residue to Mutate GLNA170 has residue index 151
Mutating residue = GLNA170 into GLY
Mutating residue = GLNA170 into GLY
Mutating residue = GLNA170 into GLY
Mutating residue = GLNA170 into GLY
Mutating residue = GLNA170 into GLY
Mutating residue = GLNA170 into ALA
Mutating residue = GLNA170 into ALA
Mutating residue = GLNA170 into ALA
Mutating residue = GLNA170 into ALA
Mutating residue = GLNA170 into ALA
Mutating residue = GLNA170 into VAL
Mutating residue = GLNA170 into VAL
Mutating residue = GLNA170 into VAL
Mutating residue = GLNA170 into VAL
Mutating residue = GLNA170 into VAL
Mutating residue = GLNA170 into LEU
Mutating residue = GLNA170 into LEU
Mutating residue = GLNA170 into LEU
Mutating residue = GLNA170 into LEU
Mutating residue = GLNA170 into LEU
Mutating residue = GLNA170 into ILE
Mutating residue = GLNA170 into ILE
Mutating residue = GLNA170 into ILE
Mutating residue = GLNA170 into ILE
Mutating residue = GLNA170 into ILE
Mutating residue = GLNA170 into MET
Mutating residue = GLNA170 into MET
Mutating residue = GLNA170 into MET
Mutating residue = GLNA170 into MET
Mutating residue = GLNA170 into MET
Mutating residue = GLNA170 into PHE
Mutating residue = GLNA170 into PHE
Mutating residue = GLNA170 into PHE
Mutating residue = GLNA170 into PHE
Mutating residue = GLNA170 into PHE
Mutating residue = GLNA170 into TRP
Mutating residue = GLNA170 into TRP
Mutating residue = GLNA170 into TRP
Mutating residue = GLNA170 into TRP
Mutating residue = GLNA170 into TRP
Mutating residue = GLNA170 into PRO
Mutating residue = GLNA170 into PRO
Mutating residue = GLNA170 into PRO
Mutating residue = GLNA170 into PRO
Mutating residue = GLNA170 into PRO
Mutating residue = GLNA170 into SER
Mutating residue = GLNA170 into SER
Mutating residue = GLNA170 into SER
Mutating residue = GLNA170 into SER
Mutating residue = GLNA170 into SER
Mutating residue = GLNA170 into THR
Mutating residue = GLNA170 into THR
Mutating residue = GLNA170 into THR
Mutating residue = GLNA170 into THR
Mutating residue = GLNA170 into THR
Mutating residue = GLNA170 into CYS
Mutating residue = GLNA170 into CYS
Mutating residue = GLNA170 into CYS
Mutating residue = GLNA170 into CYS
Mutating residue = GLNA170 into CYS
Mutating residue = GLNA170 into TYR
Mutating residue = GLNA170 into TYR
Mutating residue = GLNA170 into TYR
Mutating residue = GLNA170 into TYR
Mutating residue = GLNA170 into TYR
Mutating residue = GLNA170 into ASN
Mutating residue = GLNA170 into ASN
Mutating residue = GLNA170 into ASN
Mutating residue = GLNA170 into ASN
Mutating residue = GLNA170 into ASN
Mutating residue = GLNA170 into GLN
Mutating residue = GLNA170 into GLN
Mutating residue = GLNA170 into GLN
Mutating residue = GLNA170 into GLN
Mutating residue = GLNA170 into GLN
Mutating residue = GLNA170 into ASP
Mutating residue = GLNA170 into ASP
Mutating residue = GLNA170 into ASP
Mutating residue = GLNA170 into ASP
Mutating residue = GLNA170 into ASP
Mutating residue = GLNA170 into GLU
Mutating residue = GLNA170 into GLU
Mutating residue = GLNA170 into GLU
Mutating residue = GLNA170 into GLU
Mutating residue = GLNA170 into GLU
Mutating residue = GLNA170 into LYS
Mutating residue = GLNA170 into LYS
Mutating residue = GLNA170 into LYS
Mutating residue = GLNA170 into LYS
Mutating residue = GLNA170 into LYS
Mutating residue = GLNA170 into ARG
Mutating residue = GLNA170 into ARG
Mutating residue = GLNA170 into ARG
Mutating residue = GLNA170 into ARG
Mutating residue = GLNA170 into ARG
Mutating residue = GLNA170 into HIS
Mutating residue = GLNA170 into HIS
Mutating residue = GLNA170 into HIS
Mutating residue = GLNA170 into HIS
Mutating residue = GLNA170 into HIS
Mutating residue = GLNA170 into SEP
Mutating residue = GLNA170 into SEP
Mutating residue = GLNA170 into SEP
Mutating residue = GLNA170 into SEP
Mutating residue = GLNA170 into SEP
Mutating residue = GLNA170 into TPO
Mutating residue = GLNA170 into TPO
Mutating residue = GLNA170 into TPO
Mutating residue = GLNA170 into TPO
Mutating residue = GLNA170 into TPO
Mutating residue = GLNA170 into PTR
Mutating residue = GLNA170 into PTR
Mutating residue = GLNA170 into PTR
Mutating residue = GLNA170 into PTR
Mutating residue = GLNA170 into PTR
Your file run OK
End time of FoldX: Mon Dec 15 09:16:02 2025
Total time spend: 2373.10 seconds.
validated file "O00329_trimmed_model0_checked_Repair_1_0.pdb" => successfully finished
validated file "O00329_trimmed_model0_checked_Repair_1_1.pdb" => successfully finished
validated file "O00329_trimmed_model0_checked_Repair_1_2.pdb" => successfully finished
validated file "O00329_trimmed_model0_checked_Repair_1_3.pdb" => successfully finished
validated file "O00329_trimmed_model0_checked_Repair_1_4.pdb" => successfully finished
validated file "O00329_trimmed_model0_checked_Repair_2_0.pdb" => successfully finished
validated file "O00329_trimmed_model0_checked_Repair_2_1.pdb" => successfully finished
validated file "O00329_trimmed_model0_checked_Repair_2_2.pdb" => successfully finished
validated file "O00329_trimmed_model0_checked_Repair_2_3.pdb" => successfully finished
validated file "O00329_trimmed_model0_checked_Repair_2_4.pdb" => successfully finished
validated file "O00329_trimmed_model0_checked_Repair_3_0.pdb" => successfully finished
validated file "O00329_trimmed_model0_checked_Repair_3_1.pdb" => successfully finished
validated file "O00329_trimmed_model0_checked_Repair_3_2.pdb" => successfully finished
validated file "O00329_trimmed_model0_checked_Repair_3_3.pdb" => successfully finished
validated file "O00329_trimmed_model0_checked_Repair_3_4.pdb" => successfully finished
validated file "O00329_trimmed_model0_checked_Repair_4_0.pdb" => successfully finished
validated file "O00329_trimmed_model0_checked_Repair_4_1.pdb" => successfully finished
validated file "O00329_trimmed_model0_checked_Repair_4_2.pdb" => successfully finished
validated file "O00329_trimmed_model0_checked_Repair_4_3.pdb" => successfully finished
validated file "O00329_trimmed_model0_checked_Repair_4_4.pdb" => successfully finished
validated file "O00329_trimmed_model0_checked_Repair_5_0.pdb" => successfully finished
validated file "O00329_trimmed_model0_checked_Repair_5_1.pdb" => successfully finished
validated file "O00329_trimmed_model0_checked_Repair_5_2.pdb" => successfully finished
validated file "O00329_trimmed_model0_checked_Repair_5_3.pdb" => successfully finished
validated file "O00329_trimmed_model0_checked_Repair_5_4.pdb" => successfully finished
validated file "O00329_trimmed_model0_checked_Repair_6_0.pdb" => successfully finished
validated file "O00329_trimmed_model0_checked_Repair_6_1.pdb" => successfully finished
validated file "O00329_trimmed_model0_checked_Repair_6_2.pdb" => successfully finished
validated file "O00329_trimmed_model0_checked_Repair_6_3.pdb" => successfully finished
validated file "O00329_trimmed_model0_checked_Repair_6_4.pdb" => successfully finished
validated file "O00329_trimmed_model0_checked_Repair_7_0.pdb" => successfully finished
validated file "O00329_trimmed_model0_checked_Repair_7_1.pdb" => successfully finished
validated file "O00329_trimmed_model0_checked_Repair_7_2.pdb" => successfully finished
validated file "O00329_trimmed_model0_checked_Repair_7_3.pdb" => successfully finished
validated file "O00329_trimmed_model0_checked_Repair_7_4.pdb" => successfully finished
validated file "O00329_trimmed_model0_checked_Repair_8_0.pdb" => successfully finished
validated file "O00329_trimmed_model0_checked_Repair_8_1.pdb" => successfully finished
validated file "O00329_trimmed_model0_checked_Repair_8_2.pdb" => successfully finished
validated file "O00329_trimmed_model0_checked_Repair_8_3.pdb" => successfully finished
validated file "O00329_trimmed_model0_checked_Repair_8_4.pdb" => successfully finished
validated file "O00329_trimmed_model0_checked_Repair_9_0.pdb" => successfully finished
validated file "O00329_trimmed_model0_checked_Repair_9_1.pdb" => successfully finished
validated file "O00329_trimmed_model0_checked_Repair_9_2.pdb" => successfully finished
validated file "O00329_trimmed_model0_checked_Repair_9_3.pdb" => successfully finished
validated file "O00329_trimmed_model0_checked_Repair_9_4.pdb" => successfully finished
validated file "O00329_trimmed_model0_checked_Repair_10_0.pdb" => successfully finished
validated file "O00329_trimmed_model0_checked_Repair_10_1.pdb" => successfully finished
validated file "O00329_trimmed_model0_checked_Repair_10_2.pdb" => successfully finished
validated file "O00329_trimmed_model0_checked_Repair_10_3.pdb" => successfully finished
validated file "O00329_trimmed_model0_checked_Repair_10_4.pdb" => successfully finished
validated file "O00329_trimmed_model0_checked_Repair_11_0.pdb" => successfully finished
validated file "O00329_trimmed_model0_checked_Repair_11_1.pdb" => successfully finished
validated file "O00329_trimmed_model0_checked_Repair_11_2.pdb" => successfully finished
validated file "O00329_trimmed_model0_checked_Repair_11_3.pdb" => successfully finished
validated file "O00329_trimmed_model0_checked_Repair_11_4.pdb" => successfully finished
validated file "O00329_trimmed_model0_checked_Repair_12_0.pdb" => successfully finished
validated file "O00329_trimmed_model0_checked_Repair_12_1.pdb" => successfully finished
validated file "O00329_trimmed_model0_checked_Repair_12_2.pdb" => successfully finished
validated file "O00329_trimmed_model0_checked_Repair_12_3.pdb" => successfully finished
validated file "O00329_trimmed_model0_checked_Repair_12_4.pdb" => successfully finished
validated file "O00329_trimmed_model0_checked_Repair_13_0.pdb" => successfully finished
validated file "O00329_trimmed_model0_checked_Repair_13_1.pdb" => successfully finished
validated file "O00329_trimmed_model0_checked_Repair_13_2.pdb" => successfully finished
validated file "O00329_trimmed_model0_checked_Repair_13_3.pdb" => successfully finished
validated file "O00329_trimmed_model0_checked_Repair_13_4.pdb" => successfully finished
validated file "O00329_trimmed_model0_checked_Repair_14_0.pdb" => successfully finished
validated file "O00329_trimmed_model0_checked_Repair_14_1.pdb" => successfully finished
validated file "O00329_trimmed_model0_checked_Repair_14_2.pdb" => successfully finished
validated file "O00329_trimmed_model0_checked_Repair_14_3.pdb" => successfully finished
validated file "O00329_trimmed_model0_checked_Repair_14_4.pdb" => successfully finished
validated file "O00329_trimmed_model0_checked_Repair_15_0.pdb" => successfully finished
validated file "O00329_trimmed_model0_checked_Repair_15_1.pdb" => successfully finished
validated file "O00329_trimmed_model0_checked_Repair_15_2.pdb" => successfully finished
validated file "O00329_trimmed_model0_checked_Repair_15_3.pdb" => successfully finished
validated file "O00329_trimmed_model0_checked_Repair_15_4.pdb" => successfully finished
validated file "O00329_trimmed_model0_checked_Repair_16_0.pdb" => successfully finished
validated file "O00329_trimmed_model0_checked_Repair_16_1.pdb" => successfully finished
validated file "O00329_trimmed_model0_checked_Repair_16_2.pdb" => successfully finished
validated file "O00329_trimmed_model0_checked_Repair_16_3.pdb" => successfully finished
validated file "O00329_trimmed_model0_checked_Repair_16_4.pdb" => successfully finished
validated file "O00329_trimmed_model0_checked_Repair_17_0.pdb" => successfully finished
validated file "O00329_trimmed_model0_checked_Repair_17_1.pdb" => successfully finished
validated file "O00329_trimmed_model0_checked_Repair_17_2.pdb" => successfully finished
validated file "O00329_trimmed_model0_checked_Repair_17_3.pdb" => successfully finished
validated file "O00329_trimmed_model0_checked_Repair_17_4.pdb" => successfully finished
validated file "O00329_trimmed_model0_checked_Repair_18_0.pdb" => successfully finished
validated file "O00329_trimmed_model0_checked_Repair_18_1.pdb" => successfully finished
validated file "O00329_trimmed_model0_checked_Repair_18_2.pdb" => successfully finished
validated file "O00329_trimmed_model0_checked_Repair_18_3.pdb" => successfully finished
validated file "O00329_trimmed_model0_checked_Repair_18_4.pdb" => successfully finished
validated file "O00329_trimmed_model0_checked_Repair_19_0.pdb" => successfully finished
validated file "O00329_trimmed_model0_checked_Repair_19_1.pdb" => successfully finished
validated file "O00329_trimmed_model0_checked_Repair_19_2.pdb" => successfully finished
validated file "O00329_trimmed_model0_checked_Repair_19_3.pdb" => successfully finished
validated file "O00329_trimmed_model0_checked_Repair_19_4.pdb" => successfully finished
validated file "O00329_trimmed_model0_checked_Repair_20_0.pdb" => successfully finished
validated file "O00329_trimmed_model0_checked_Repair_20_1.pdb" => successfully finished
validated file "O00329_trimmed_model0_checked_Repair_20_2.pdb" => successfully finished
validated file "O00329_trimmed_model0_checked_Repair_20_3.pdb" => successfully finished
validated file "O00329_trimmed_model0_checked_Repair_20_4.pdb" => successfully finished
validated file "O00329_trimmed_model0_checked_Repair_21_0.pdb" => successfully finished
validated file "O00329_trimmed_model0_checked_Repair_21_1.pdb" => successfully finished
validated file "O00329_trimmed_model0_checked_Repair_21_2.pdb" => successfully finished
validated file "O00329_trimmed_model0_checked_Repair_21_3.pdb" => successfully finished
validated file "O00329_trimmed_model0_checked_Repair_21_4.pdb" => successfully finished
validated file "O00329_trimmed_model0_checked_Repair_22_0.pdb" => successfully finished
validated file "O00329_trimmed_model0_checked_Repair_22_1.pdb" => successfully finished
validated file "O00329_trimmed_model0_checked_Repair_22_2.pdb" => successfully finished
validated file "O00329_trimmed_model0_checked_Repair_22_3.pdb" => successfully finished
validated file "O00329_trimmed_model0_checked_Repair_22_4.pdb" => successfully finished
validated file "O00329_trimmed_model0_checked_Repair_23_0.pdb" => successfully finished
validated file "O00329_trimmed_model0_checked_Repair_23_1.pdb" => successfully finished
validated file "O00329_trimmed_model0_checked_Repair_23_2.pdb" => successfully finished
validated file "O00329_trimmed_model0_checked_Repair_23_3.pdb" => successfully finished
validated file "O00329_trimmed_model0_checked_Repair_23_4.pdb" => successfully finished
Cleaning BuildModel...DONE
