   ********************************************
   ***                                      ***
   ***             FoldX 5 (c)            ***
   ***                                      ***
   ***     code by the FoldX Consortium     ***
   ***                                      ***
   ***     Jesper Borg, Frederic Rousseau   ***
   ***    Joost Schymkowitz, Luis Serrano   ***
   ***    Peter Vanhee, Erik Verschueren    ***
   ***     Lies Baeten, Javier Delgado      ***
   ***       and Francois Stricher          ***
   *** and any other of the 9! permutations ***
   ***   based on an original concept by    ***
   ***   Raphael Guerois and Luis Serrano   ***
   ********************************************

Reading config file 'runfile.txt'
1 models read: O15297_trimmed_model0_checked_Repair.pdb
1 models read: O15297_trimmed_model0_checked_Repair.pdb
Output: ./O15297_trimmed_model0_checked_Repair.log

BackHbond       =               -250.86
SideHbond       =               -112.56
Energy_VdW      =               -366.22
Electro         =               -12.84
Energy_SolvP    =               485.17
Energy_SolvH    =               -477.90
Energy_vdwclash =               14.86
energy_torsion  =               9.85
backbone_vdwclash=              155.00
Entropy_sidec   =               209.14
Entropy_mainc   =               563.54
water bonds     =               0.00
helix dipole    =               -1.77
loop_entropy    =               0.00
cis_bond        =               0.10
disulfide       =               0.00
kn electrostatic=               0.00
partial covalent interactions = 0.00
Energy_Ionisation =             1.31
Entropy Complex =               0.00
-----------------------------------------------------------
Total          = 				  61.81


BackHbond       =               -250.86
SideHbond       =               -112.56
Energy_VdW      =               -366.22
Electro         =               -12.84
Energy_SolvP    =               485.17
Energy_SolvH    =               -477.90
Energy_vdwclash =               14.86
energy_torsion  =               9.85
backbone_vdwclash=              155.00
Entropy_sidec   =               209.14
Entropy_mainc   =               563.54
water bonds     =               0.00
helix dipole    =               -1.77
loop_entropy    =               0.00
cis_bond        =               0.10
disulfide       =               0.00
kn electrostatic=               0.00
partial covalent interactions = 0.00
Energy_Ionisation =             1.31
Entropy Complex =               0.00
-----------------------------------------------------------
Total          = 				  61.81

Starting BuildModel
Reading IA228G;
Reading IA228A;
Reading IA228V;
Reading IA228L;
Reading IA228I;
Reading IA228M;
Reading IA228F;
Reading IA228W;
Reading IA228P;
Reading IA228S;
Reading IA228T;
Reading IA228C;
Reading IA228Y;
Reading IA228N;
Reading IA228Q;
Reading IA228D;
Reading IA228E;
Reading IA228K;
Reading IA228R;
Reading IA228H;
Reading IA228s;
Reading IA228p;
Reading IA228y;
Residue to Mutate ILEA228 has residue index 223
Residue to Mutate ILEA228 has residue index 223
Residue to Mutate ILEA228 has residue index 223
Residue to Mutate ILEA228 has residue index 223
Residue to Mutate ILEA228 has residue index 223
Residue to Mutate ILEA228 has residue index 223
Residue to Mutate ILEA228 has residue index 223
Residue to Mutate ILEA228 has residue index 223
Residue to Mutate ILEA228 has residue index 223
Residue to Mutate ILEA228 has residue index 223
Residue to Mutate ILEA228 has residue index 223
Residue to Mutate ILEA228 has residue index 223
Residue to Mutate ILEA228 has residue index 223
Residue to Mutate ILEA228 has residue index 223
Residue to Mutate ILEA228 has residue index 223
Residue to Mutate ILEA228 has residue index 223
Residue to Mutate ILEA228 has residue index 223
Residue to Mutate ILEA228 has residue index 223
Residue to Mutate ILEA228 has residue index 223
Residue to Mutate ILEA228 has residue index 223
Residue to Mutate ILEA228 has residue index 223
Residue to Mutate ILEA228 has residue index 223
Residue to Mutate ILEA228 has residue index 223
Mutating residue = ILEA228 into GLY
Mutating residue = ILEA228 into GLY
Mutating residue = ILEA228 into GLY
Mutating residue = ILEA228 into GLY
Mutating residue = ILEA228 into GLY
Mutating residue = ILEA228 into ALA
Mutating residue = ILEA228 into ALA
Mutating residue = ILEA228 into ALA
Mutating residue = ILEA228 into ALA
Mutating residue = ILEA228 into ALA
Mutating residue = ILEA228 into VAL
Mutating residue = ILEA228 into VAL
Mutating residue = ILEA228 into VAL
Mutating residue = ILEA228 into VAL
Mutating residue = ILEA228 into VAL
Mutating residue = ILEA228 into LEU
Mutating residue = ILEA228 into LEU
Mutating residue = ILEA228 into LEU
Mutating residue = ILEA228 into LEU
Mutating residue = ILEA228 into LEU
Mutating residue = ILEA228 into ILE
Mutating residue = ILEA228 into ILE
Mutating residue = ILEA228 into ILE
Mutating residue = ILEA228 into ILE
Mutating residue = ILEA228 into ILE
Mutating residue = ILEA228 into MET
Mutating residue = ILEA228 into MET
Mutating residue = ILEA228 into MET
Mutating residue = ILEA228 into MET
Mutating residue = ILEA228 into MET
Mutating residue = ILEA228 into PHE
Mutating residue = ILEA228 into PHE
Mutating residue = ILEA228 into PHE
Mutating residue = ILEA228 into PHE
Mutating residue = ILEA228 into PHE
Mutating residue = ILEA228 into TRP
Mutating residue = ILEA228 into TRP
Mutating residue = ILEA228 into TRP
Mutating residue = ILEA228 into TRP
Mutating residue = ILEA228 into TRP
Mutating residue = ILEA228 into PRO
Mutating residue = ILEA228 into PRO
Mutating residue = ILEA228 into PRO
Mutating residue = ILEA228 into PRO
Mutating residue = ILEA228 into PRO
Mutating residue = ILEA228 into SER
Mutating residue = ILEA228 into SER
Mutating residue = ILEA228 into SER
Mutating residue = ILEA228 into SER
Mutating residue = ILEA228 into SER
Mutating residue = ILEA228 into THR
Mutating residue = ILEA228 into THR
Mutating residue = ILEA228 into THR
Mutating residue = ILEA228 into THR
Mutating residue = ILEA228 into THR
Mutating residue = ILEA228 into CYS
Mutating residue = ILEA228 into CYS
Mutating residue = ILEA228 into CYS
Mutating residue = ILEA228 into CYS
Mutating residue = ILEA228 into CYS
Mutating residue = ILEA228 into TYR
