   ********************************************
   ***                                      ***
   ***             FoldX 5 (c)            ***
   ***                                      ***
   ***     code by the FoldX Consortium     ***
   ***                                      ***
   ***     Jesper Borg, Frederic Rousseau   ***
   ***    Joost Schymkowitz, Luis Serrano   ***
   ***    Peter Vanhee, Erik Verschueren    ***
   ***     Lies Baeten, Javier Delgado      ***
   ***       and Francois Stricher          ***
   *** and any other of the 9! permutations ***
   ***   based on an original concept by    ***
   ***   Raphael Guerois and Luis Serrano   ***
   ********************************************

Reading config file 'runfile.txt'
1 models read: O00329_trimmed_model0_checked_Repair.pdb
1 models read: O00329_trimmed_model0_checked_Repair.pdb
Output: ./O00329_trimmed_model0_checked_Repair.log

BackHbond       =               -750.94
SideHbond       =               -305.40
Energy_VdW      =               -1193.78
Electro         =               -42.13
Energy_SolvP    =               1527.86
Energy_SolvH    =               -1601.32
Energy_vdwclash =               17.16
energy_torsion  =               11.52
backbone_vdwclash=              676.43
Entropy_sidec   =               678.08
Entropy_mainc   =               1497.52
water bonds     =               0.00
helix dipole    =               -28.30
loop_entropy    =               0.00
cis_bond        =               0.00
disulfide       =               0.00
kn electrostatic=               0.00
partial covalent interactions = 0.00
Energy_Ionisation =             3.43
Entropy Complex =               0.00
-----------------------------------------------------------
Total          = 				  -186.30


BackHbond       =               -750.94
SideHbond       =               -305.40
Energy_VdW      =               -1193.78
Electro         =               -42.13
Energy_SolvP    =               1527.86
Energy_SolvH    =               -1601.32
Energy_vdwclash =               17.16
energy_torsion  =               11.52
backbone_vdwclash=              676.43
Entropy_sidec   =               678.08
Entropy_mainc   =               1497.52
water bonds     =               0.00
helix dipole    =               -28.30
loop_entropy    =               0.00
cis_bond        =               0.00
disulfide       =               0.00
kn electrostatic=               0.00
partial covalent interactions = 0.00
Energy_Ionisation =             3.43
Entropy Complex =               0.00
-----------------------------------------------------------
Total          = 				  -186.30

Starting BuildModel
Reading EA172G;
Reading EA172A;
Reading EA172V;
Reading EA172L;
Reading EA172I;
Reading EA172M;
Reading EA172F;
Reading EA172W;
Reading EA172P;
Reading EA172S;
Reading EA172T;
Reading EA172C;
Reading EA172Y;
Reading EA172N;
Reading EA172Q;
Reading EA172D;
Reading EA172E;
Reading EA172K;
Reading EA172R;
Reading EA172H;
Reading EA172s;
Reading EA172p;
Reading EA172y;
Residue to Mutate GLUA172 has residue index 153
Residue to Mutate GLUA172 has residue index 153
Residue to Mutate GLUA172 has residue index 153
Residue to Mutate GLUA172 has residue index 153
Residue to Mutate GLUA172 has residue index 153
Residue to Mutate GLUA172 has residue index 153
Residue to Mutate GLUA172 has residue index 153
Residue to Mutate GLUA172 has residue index 153
Residue to Mutate GLUA172 has residue index 153
Residue to Mutate GLUA172 has residue index 153
Residue to Mutate GLUA172 has residue index 153
Residue to Mutate GLUA172 has residue index 153
Residue to Mutate GLUA172 has residue index 153
Residue to Mutate GLUA172 has residue index 153
Residue to Mutate GLUA172 has residue index 153
Residue to Mutate GLUA172 has residue index 153
Residue to Mutate GLUA172 has residue index 153
Residue to Mutate GLUA172 has residue index 153
Residue to Mutate GLUA172 has residue index 153
Residue to Mutate GLUA172 has residue index 153
Residue to Mutate GLUA172 has residue index 153
Residue to Mutate GLUA172 has residue index 153
Residue to Mutate GLUA172 has residue index 153
Mutating residue = GLUA172 into GLY
Mutating residue = GLUA172 into GLY
Mutating residue = GLUA172 into GLY
Mutating residue = GLUA172 into GLY
Mutating residue = GLUA172 into GLY
Mutating residue = GLUA172 into ALA
Mutating residue = GLUA172 into ALA
Mutating residue = GLUA172 into ALA
Mutating residue = GLUA172 into ALA
Mutating residue = GLUA172 into ALA
Mutating residue = GLUA172 into VAL
Mutating residue = GLUA172 into VAL
Mutating residue = GLUA172 into VAL
Mutating residue = GLUA172 into VAL
Mutating residue = GLUA172 into VAL
Mutating residue = GLUA172 into LEU
Mutating residue = GLUA172 into LEU
Mutating residue = GLUA172 into LEU
Mutating residue = GLUA172 into LEU
Mutating residue = GLUA172 into LEU
Mutating residue = GLUA172 into ILE
Mutating residue = GLUA172 into ILE
Mutating residue = GLUA172 into ILE
Mutating residue = GLUA172 into ILE
Mutating residue = GLUA172 into ILE
Mutating residue = GLUA172 into MET
Mutating residue = GLUA172 into MET
Mutating residue = GLUA172 into MET
Mutating residue = GLUA172 into MET
Mutating residue = GLUA172 into MET
Mutating residue = GLUA172 into PHE
Mutating residue = GLUA172 into PHE
Mutating residue = GLUA172 into PHE
Mutating residue = GLUA172 into PHE
Mutating residue = GLUA172 into PHE
Mutating residue = GLUA172 into TRP
Mutating residue = GLUA172 into TRP
Mutating residue = GLUA172 into TRP
Mutating residue = GLUA172 into TRP
Mutating residue = GLUA172 into TRP
Mutating residue = GLUA172 into PRO
Mutating residue = GLUA172 into PRO
Mutating residue = GLUA172 into PRO
Mutating residue = GLUA172 into PRO
Mutating residue = GLUA172 into PRO
Mutating residue = GLUA172 into SER
Mutating residue = GLUA172 into SER
Mutating residue = GLUA172 into SER
Mutating residue = GLUA172 into SER
Mutating residue = GLUA172 into SER
Mutating residue = GLUA172 into THR
Mutating residue = GLUA172 into THR
Mutating residue = GLUA172 into THR
Mutating residue = GLUA172 into THR
Mutating residue = GLUA172 into THR
Mutating residue = GLUA172 into CYS
Mutating residue = GLUA172 into CYS
Mutating residue = GLUA172 into CYS
Mutating residue = GLUA172 into CYS
Mutating residue = GLUA172 into CYS
Mutating residue = GLUA172 into TYR
Mutating residue = GLUA172 into TYR
Mutating residue = GLUA172 into TYR
Mutating residue = GLUA172 into TYR
Mutating residue = GLUA172 into TYR
Mutating residue = GLUA172 into ASN
Mutating residue = GLUA172 into ASN
Mutating residue = GLUA172 into ASN
Mutating residue = GLUA172 into ASN
Mutating residue = GLUA172 into ASN
Mutating residue = GLUA172 into GLN
Mutating residue = GLUA172 into GLN
Mutating residue = GLUA172 into GLN
Mutating residue = GLUA172 into GLN
Mutating residue = GLUA172 into GLN
Mutating residue = GLUA172 into ASP
Mutating residue = GLUA172 into ASP
Mutating residue = GLUA172 into ASP
Mutating residue = GLUA172 into ASP
Mutating residue = GLUA172 into ASP
Mutating residue = GLUA172 into GLU
Mutating residue = GLUA172 into GLU
Mutating residue = GLUA172 into GLU
Mutating residue = GLUA172 into GLU
Mutating residue = GLUA172 into GLU
Mutating residue = GLUA172 into LYS
Mutating residue = GLUA172 into LYS
Mutating residue = GLUA172 into LYS
Mutating residue = GLUA172 into LYS
Mutating residue = GLUA172 into LYS
Mutating residue = GLUA172 into ARG
Mutating residue = GLUA172 into ARG
Mutating residue = GLUA172 into ARG
Mutating residue = GLUA172 into ARG
Mutating residue = GLUA172 into ARG
Mutating residue = GLUA172 into HIS
Mutating residue = GLUA172 into HIS
Mutating residue = GLUA172 into HIS
Mutating residue = GLUA172 into HIS
Mutating residue = GLUA172 into HIS
Mutating residue = GLUA172 into SEP
Mutating residue = GLUA172 into SEP
Mutating residue = GLUA172 into SEP
Mutating residue = GLUA172 into SEP
Mutating residue = GLUA172 into SEP
Mutating residue = GLUA172 into TPO
Mutating residue = GLUA172 into TPO
Mutating residue = GLUA172 into TPO
Mutating residue = GLUA172 into TPO
Mutating residue = GLUA172 into TPO
Mutating residue = GLUA172 into PTR
Mutating residue = GLUA172 into PTR
Mutating residue = GLUA172 into PTR
Mutating residue = GLUA172 into PTR
