   ********************************************
   ***                                      ***
   ***             FoldX 5 (c)            ***
   ***                                      ***
   ***     code by the FoldX Consortium     ***
   ***                                      ***
   ***     Jesper Borg, Frederic Rousseau   ***
   ***    Joost Schymkowitz, Luis Serrano   ***
   ***    Peter Vanhee, Erik Verschueren    ***
   ***     Lies Baeten, Javier Delgado      ***
   ***       and Francois Stricher          ***
   *** and any other of the 9! permutations ***
   ***   based on an original concept by    ***
   ***   Raphael Guerois and Luis Serrano   ***
   ********************************************

Reading config file 'runfile.txt'
1 models read: O15297_trimmed_model0_checked_Repair.pdb
1 models read: O15297_trimmed_model0_checked_Repair.pdb
Output: ./O15297_trimmed_model0_checked_Repair.log

BackHbond       =               -250.86
SideHbond       =               -112.56
Energy_VdW      =               -366.22
Electro         =               -12.84
Energy_SolvP    =               485.17
Energy_SolvH    =               -477.90
Energy_vdwclash =               14.86
energy_torsion  =               9.85
backbone_vdwclash=              155.00
Entropy_sidec   =               209.14
Entropy_mainc   =               563.54
water bonds     =               0.00
helix dipole    =               -1.77
loop_entropy    =               0.00
cis_bond        =               0.10
disulfide       =               0.00
kn electrostatic=               0.00
partial covalent interactions = 0.00
Energy_Ionisation =             1.31
Entropy Complex =               0.00
-----------------------------------------------------------
Total          = 				  61.81


BackHbond       =               -250.86
SideHbond       =               -112.56
Energy_VdW      =               -366.22
Electro         =               -12.84
Energy_SolvP    =               485.17
Energy_SolvH    =               -477.90
Energy_vdwclash =               14.86
energy_torsion  =               9.85
backbone_vdwclash=              155.00
Entropy_sidec   =               209.14
Entropy_mainc   =               563.54
water bonds     =               0.00
helix dipole    =               -1.77
loop_entropy    =               0.00
cis_bond        =               0.10
disulfide       =               0.00
kn electrostatic=               0.00
partial covalent interactions = 0.00
Energy_Ionisation =             1.31
Entropy Complex =               0.00
-----------------------------------------------------------
Total          = 				  61.81

Starting BuildModel
Reading EA229G;
Reading EA229A;
Reading EA229V;
Reading EA229L;
Reading EA229I;
Reading EA229M;
Reading EA229F;
Reading EA229W;
Reading EA229P;
Reading EA229S;
Reading EA229T;
Reading EA229C;
Reading EA229Y;
Reading EA229N;
Reading EA229Q;
Reading EA229D;
Reading EA229E;
Reading EA229K;
Reading EA229R;
Reading EA229H;
Reading EA229s;
Reading EA229p;
Reading EA229y;
Residue to Mutate GLUA229 has residue index 224
Residue to Mutate GLUA229 has residue index 224
Residue to Mutate GLUA229 has residue index 224
Residue to Mutate GLUA229 has residue index 224
Residue to Mutate GLUA229 has residue index 224
Residue to Mutate GLUA229 has residue index 224
Residue to Mutate GLUA229 has residue index 224
Residue to Mutate GLUA229 has residue index 224
Residue to Mutate GLUA229 has residue index 224
Residue to Mutate GLUA229 has residue index 224
Residue to Mutate GLUA229 has residue index 224
Residue to Mutate GLUA229 has residue index 224
Residue to Mutate GLUA229 has residue index 224
Residue to Mutate GLUA229 has residue index 224
Residue to Mutate GLUA229 has residue index 224
Residue to Mutate GLUA229 has residue index 224
Residue to Mutate GLUA229 has residue index 224
Residue to Mutate GLUA229 has residue index 224
Residue to Mutate GLUA229 has residue index 224
Residue to Mutate GLUA229 has residue index 224
Residue to Mutate GLUA229 has residue index 224
Residue to Mutate GLUA229 has residue index 224
Residue to Mutate GLUA229 has residue index 224
Mutating residue = GLUA229 into GLY
Mutating residue = GLUA229 into GLY
Mutating residue = GLUA229 into GLY
Mutating residue = GLUA229 into GLY
Mutating residue = GLUA229 into GLY
Mutating residue = GLUA229 into ALA
Mutating residue = GLUA229 into ALA
Mutating residue = GLUA229 into ALA
Mutating residue = GLUA229 into ALA
Mutating residue = GLUA229 into ALA
Mutating residue = GLUA229 into VAL
Mutating residue = GLUA229 into VAL
Mutating residue = GLUA229 into VAL
Mutating residue = GLUA229 into VAL
Mutating residue = GLUA229 into VAL
Mutating residue = GLUA229 into LEU
Mutating residue = GLUA229 into LEU
Mutating residue = GLUA229 into LEU
Mutating residue = GLUA229 into LEU
Mutating residue = GLUA229 into LEU
Mutating residue = GLUA229 into ILE
Mutating residue = GLUA229 into ILE
Mutating residue = GLUA229 into ILE
Mutating residue = GLUA229 into ILE
Mutating residue = GLUA229 into ILE
Mutating residue = GLUA229 into MET
Mutating residue = GLUA229 into MET
Mutating residue = GLUA229 into MET
Mutating residue = GLUA229 into MET
Mutating residue = GLUA229 into MET
Mutating residue = GLUA229 into PHE
Mutating residue = GLUA229 into PHE
Mutating residue = GLUA229 into PHE
Mutating residue = GLUA229 into PHE
Mutating residue = GLUA229 into PHE
Mutating residue = GLUA229 into TRP
Mutating residue = GLUA229 into TRP
Mutating residue = GLUA229 into TRP
Mutating residue = GLUA229 into TRP
Mutating residue = GLUA229 into TRP
Mutating residue = GLUA229 into PRO
Mutating residue = GLUA229 into PRO
Mutating residue = GLUA229 into PRO
Mutating residue = GLUA229 into PRO
Mutating residue = GLUA229 into PRO
Mutating residue = GLUA229 into SER
Mutating residue = GLUA229 into SER
Mutating residue = GLUA229 into SER
Mutating residue = GLUA229 into SER
Mutating residue = GLUA229 into SER
Mutating residue = GLUA229 into THR
Mutating residue = GLUA229 into THR
Mutating residue = GLUA229 into THR
Mutating residue = GLUA229 into THR
Mutating residue = GLUA229 into THR
Mutating residue = GLUA229 into CYS
Mutating residue = GLUA229 into CYS
Mutating residue = GLUA229 into CYS
Mutating residue = GLUA229 into CYS
Mutating residue = GLUA229 into CYS
Mutating residue = GLUA229 into TYR
Mutating residue = GLUA229 into TYR
Mutating residue = GLUA229 into TYR
Mutating residue = GLUA229 into TYR
Mutating residue = GLUA229 into TYR
Mutating residue = GLUA229 into ASN
Mutating residue = GLUA229 into ASN
Mutating residue = GLUA229 into ASN
Mutating residue = GLUA229 into ASN
Mutating residue = GLUA229 into ASN
Mutating residue = GLUA229 into GLN
Mutating residue = GLUA229 into GLN
Mutating residue = GLUA229 into GLN
Mutating residue = GLUA229 into GLN
Mutating residue = GLUA229 into GLN
Mutating residue = GLUA229 into ASP
Mutating residue = GLUA229 into ASP
Mutating residue = GLUA229 into ASP
Mutating residue = GLUA229 into ASP
Mutating residue = GLUA229 into ASP
Mutating residue = GLUA229 into GLU
Mutating residue = GLUA229 into GLU
Mutating residue = GLUA229 into GLU
Mutating residue = GLUA229 into GLU
Mutating residue = GLUA229 into GLU
Mutating residue = GLUA229 into LYS
Mutating residue = GLUA229 into LYS
Mutating residue = GLUA229 into LYS
Mutating residue = GLUA229 into LYS
Mutating residue = GLUA229 into LYS
Mutating residue = GLUA229 into ARG
Mutating residue = GLUA229 into ARG
Mutating residue = GLUA229 into ARG
Mutating residue = GLUA229 into ARG
Mutating residue = GLUA229 into ARG
Mutating residue = GLUA229 into HIS
Mutating residue = GLUA229 into HIS
Mutating residue = GLUA229 into HIS
Mutating residue = GLUA229 into HIS
