Wildcard constraints in inputs are ignored. (rule: mutatex_scan)
Wildcard constraints in inputs are ignored. (rule: mutatex_scan)
Wildcard constraints in inputs are ignored. (rule: mutatex_scan)
Wildcard constraints in inputs are ignored. (rule: mutatex_scan)
Wildcard constraints in inputs are ignored. (rule: mutatex_scan)
Wildcard constraints in inputs are ignored. (rule: mutatex_scan)
Wildcard constraints in inputs are ignored. (rule: mutatex_scan)
Building DAG of jobs...
File path output_folder/cabsdock_ankb_PDBXad_1-120_1588-1590////mutations.tar.gz contains double '/'. This is likely unintended. It can also lead to inconsistent results of the file-matching approach used by Snakemake.
File path output_folder/cabsdock_ankb_PDBXad_1-120_1588-1590////ankb_PDBX.pdb contains double '/'. This is likely unintended. It can also lead to inconsistent results of the file-matching approach used by Snakemake.
File path output_folder/cabsdock_ankb_PDBXad_1-120_1588-1590////mutate_runfile_template.txt contains double '/'. This is likely unintended. It can also lead to inconsistent results of the file-matching approach used by Snakemake.
File path output_folder/cabsdock_ankb_PDBXad_1-120_1588-1590////interface_runfile_template.txt contains double '/'. This is likely unintended. It can also lead to inconsistent results of the file-matching approach used by Snakemake.
File path output_folder/cabsdock_ankb_PDBXad_1-120_1588-1590////repair_runfile_template.txt contains double '/'. This is likely unintended. It can also lead to inconsistent results of the file-matching approach used by Snakemake.
File path output_folder/cabsdock_ankb_PDBXad_1-120_1588-1590////mutation_list.txt contains double '/'. This is likely unintended. It can also lead to inconsistent results of the file-matching approach used by Snakemake.
File path output_folder/cabsdock_ankb_PDBXad_1-120_1588-1590////poslist.txt contains double '/'. This is likely unintended. It can also lead to inconsistent results of the file-matching approach used by Snakemake.
File path output_folder/cabsdock_ankb_PDBXad_1-120_1588-1590////README_mutatex_run contains double '/'. This is likely unintended. It can also lead to inconsistent results of the file-matching approach used by Snakemake.
File path output_folder/cabsdock_ankb_PDBXad_1-120_1588-1590////mutations.tar.gz contains double '/'. This is likely unintended. It can also lead to inconsistent results of the file-matching approach used by Snakemake.
File path output_folder/cabsdock_ankb_PDBXad_1-120_1588-1590////ankb_PDBX.pdb contains double '/'. This is likely unintended. It can also lead to inconsistent results of the file-matching approach used by Snakemake.
File path output_folder/cabsdock_ankb_PDBXad_1-120_1588-1590////mutate_runfile_template.txt contains double '/'. This is likely unintended. It can also lead to inconsistent results of the file-matching approach used by Snakemake.
File path output_folder/cabsdock_ankb_PDBXad_1-120_1588-1590////interface_runfile_template.txt contains double '/'. This is likely unintended. It can also lead to inconsistent results of the file-matching approach used by Snakemake.
File path output_folder/cabsdock_ankb_PDBXad_1-120_1588-1590////repair_runfile_template.txt contains double '/'. This is likely unintended. It can also lead to inconsistent results of the file-matching approach used by Snakemake.
File path output_folder/cabsdock_ankb_PDBXad_1-120_1588-1590////mutation_list.txt contains double '/'. This is likely unintended. It can also lead to inconsistent results of the file-matching approach used by Snakemake.
File path output_folder/cabsdock_ankb_PDBXad_1-120_1588-1590////poslist.txt contains double '/'. This is likely unintended. It can also lead to inconsistent results of the file-matching approach used by Snakemake.
File path output_folder/cabsdock_ankb_PDBXad_1-120_1588-1590////README_mutatex_run contains double '/'. This is likely unintended. It can also lead to inconsistent results of the file-matching approach used by Snakemake.
Using shell: /bin/bash
Provided cores: 1 (use --cores to define parallelism)
Rules claiming more threads will be scaled down.
Job stats:
job             count    min threads    max threads
------------  -------  -------------  -------------
all                 1              1              1
input_files         3              1              1
mutatex_scan        3              1              1
total               7              1              1

Select jobs to execute...

[Thu Dec  9 15:33:46 2021]
rule input_files:
    input: ../../input_pdb/ankbab.pdb, ../../input_csv/ankbab.csv
    output: output_folder/cabsdock_ankb_PDBXab_1-120_1588-1590/modelX/blind/pep_scan/ankb_PDBX.pdb, output_folder/cabsdock_ankb_PDBXab_1-120_1588-1590/modelX/blind/pep_scan/mutate_runfile_template.txt, output_folder/cabsdock_ankb_PDBXab_1-120_1588-1590/modelX/blind/pep_scan/interface_runfile_template.txt, output_folder/cabsdock_ankb_PDBXab_1-120_1588-1590/modelX/blind/pep_scan/repair_runfile_template.txt, output_folder/cabsdock_ankb_PDBXab_1-120_1588-1590/modelX/blind/pep_scan/mutation_list.txt, output_folder/cabsdock_ankb_PDBXab_1-120_1588-1590/modelX/blind/pep_scan/poslist.txt, output_folder/cabsdock_ankb_PDBXab_1-120_1588-1590/modelX/blind/pep_scan/README_mutatex_run
    jobid: 2
    wildcards: method=cabsdock, protein_name=ankb, PDB=PDBX, chain_protein=a, chain_peptide=b, aa_protein=1-120, aa_peptide=1588-1590, model_name=modelX, restraints=blind, scan=pep_scan
    resources: tmpdir=/tmp

[Thu Dec  9 15:33:47 2021]
Finished job 2.
1 of 7 steps (14%) done
Select jobs to execute...

[Thu Dec  9 15:33:47 2021]
rule mutatex_scan:
    input: output_folder/cabsdock_ankb_PDBXab_1-120_1588-1590/modelX/blind/pep_scan/ankb_PDBX.pdb, output_folder/cabsdock_ankb_PDBXab_1-120_1588-1590/modelX/blind/pep_scan/mutate_runfile_template.txt, output_folder/cabsdock_ankb_PDBXab_1-120_1588-1590/modelX/blind/pep_scan/interface_runfile_template.txt, output_folder/cabsdock_ankb_PDBXab_1-120_1588-1590/modelX/blind/pep_scan/repair_runfile_template.txt, output_folder/cabsdock_ankb_PDBXab_1-120_1588-1590/modelX/blind/pep_scan/mutation_list.txt, output_folder/cabsdock_ankb_PDBXab_1-120_1588-1590/modelX/blind/pep_scan/poslist.txt, output_folder/cabsdock_ankb_PDBXab_1-120_1588-1590/modelX/blind/pep_scan/README_mutatex_run
    output: output_folder/cabsdock_ankb_PDBXab_1-120_1588-1590/modelX/blind/pep_scan/mutations.tar.gz
    jobid: 1
    wildcards: method=cabsdock, protein_name=ankb, PDB=PDBX, chain_protein=a, chain_peptide=b, aa_protein=1-120, aa_peptide=1588-1590, model_name=modelX, restraints=blind, scan=pep_scan
    resources: tmpdir=/tmp

[Thu Dec  9 15:45:03 2021]
Finished job 1.
2 of 7 steps (29%) done
Select jobs to execute...

[Thu Dec  9 15:45:03 2021]
rule input_files:
    input: ../../input_pdb/ankbad.pdb, ../../input_csv/ankbad.csv
    output: output_folder/cabsdock_ankb_PDBXad_1-120_1588-1590////ankb_PDBX.pdb, output_folder/cabsdock_ankb_PDBXad_1-120_1588-1590////mutate_runfile_template.txt, output_folder/cabsdock_ankb_PDBXad_1-120_1588-1590////interface_runfile_template.txt, output_folder/cabsdock_ankb_PDBXad_1-120_1588-1590////repair_runfile_template.txt, output_folder/cabsdock_ankb_PDBXad_1-120_1588-1590////mutation_list.txt, output_folder/cabsdock_ankb_PDBXad_1-120_1588-1590////poslist.txt, output_folder/cabsdock_ankb_PDBXad_1-120_1588-1590////README_mutatex_run
    jobid: 6
    wildcards: method=cabsdock, protein_name=ankb, PDB=PDBX, chain_protein=a, chain_peptide=d, aa_protein=1-120, aa_peptide=1588-1590, model_name=, restraints=, scan=
    resources: tmpdir=/tmp

[Thu Dec  9 15:45:04 2021]
Finished job 6.
3 of 7 steps (43%) done
Select jobs to execute...

[Thu Dec  9 15:45:04 2021]
rule mutatex_scan:
    input: output_folder/cabsdock_ankb_PDBXad_1-120_1588-1590////ankb_PDBX.pdb, output_folder/cabsdock_ankb_PDBXad_1-120_1588-1590////mutate_runfile_template.txt, output_folder/cabsdock_ankb_PDBXad_1-120_1588-1590////interface_runfile_template.txt, output_folder/cabsdock_ankb_PDBXad_1-120_1588-1590////repair_runfile_template.txt, output_folder/cabsdock_ankb_PDBXad_1-120_1588-1590////mutation_list.txt, output_folder/cabsdock_ankb_PDBXad_1-120_1588-1590////poslist.txt, output_folder/cabsdock_ankb_PDBXad_1-120_1588-1590////README_mutatex_run
    output: output_folder/cabsdock_ankb_PDBXad_1-120_1588-1590////mutations.tar.gz
    jobid: 5
    wildcards: method=cabsdock, protein_name=ankb, PDB=PDBX, chain_protein=a, chain_peptide=d, aa_protein=1-120, aa_peptide=1588-1590, model_name=, restraints=, scan=
    resources: tmpdir=/tmp

[Thu Dec  9 15:55:04 2021]
Finished job 5.
4 of 7 steps (57%) done
Select jobs to execute...

[Thu Dec  9 15:55:04 2021]
rule input_files:
    input: ../../input_pdb/ankbac.pdb, ../../input_csv/ankbac.csv
    output: output_folder/cabsdock_ankb_PDBXac_1-120_1588-1590/modelX/blind/pep_scan/ankb_PDBX.pdb, output_folder/cabsdock_ankb_PDBXac_1-120_1588-1590/modelX/blind/pep_scan/mutate_runfile_template.txt, output_folder/cabsdock_ankb_PDBXac_1-120_1588-1590/modelX/blind/pep_scan/interface_runfile_template.txt, output_folder/cabsdock_ankb_PDBXac_1-120_1588-1590/modelX/blind/pep_scan/repair_runfile_template.txt, output_folder/cabsdock_ankb_PDBXac_1-120_1588-1590/modelX/blind/pep_scan/mutation_list.txt, output_folder/cabsdock_ankb_PDBXac_1-120_1588-1590/modelX/blind/pep_scan/poslist.txt, output_folder/cabsdock_ankb_PDBXac_1-120_1588-1590/modelX/blind/pep_scan/README_mutatex_run
    jobid: 4
    wildcards: method=cabsdock, protein_name=ankb, PDB=PDBX, chain_protein=a, chain_peptide=c, aa_protein=1-120, aa_peptide=1588-1590, model_name=modelX, restraints=blind, scan=pep_scan
    resources: tmpdir=/tmp

[Thu Dec  9 15:55:05 2021]
Finished job 4.
5 of 7 steps (71%) done
Select jobs to execute...

[Thu Dec  9 15:55:05 2021]
rule mutatex_scan:
    input: output_folder/cabsdock_ankb_PDBXac_1-120_1588-1590/modelX/blind/pep_scan/ankb_PDBX.pdb, output_folder/cabsdock_ankb_PDBXac_1-120_1588-1590/modelX/blind/pep_scan/mutate_runfile_template.txt, output_folder/cabsdock_ankb_PDBXac_1-120_1588-1590/modelX/blind/pep_scan/interface_runfile_template.txt, output_folder/cabsdock_ankb_PDBXac_1-120_1588-1590/modelX/blind/pep_scan/repair_runfile_template.txt, output_folder/cabsdock_ankb_PDBXac_1-120_1588-1590/modelX/blind/pep_scan/mutation_list.txt, output_folder/cabsdock_ankb_PDBXac_1-120_1588-1590/modelX/blind/pep_scan/poslist.txt, output_folder/cabsdock_ankb_PDBXac_1-120_1588-1590/modelX/blind/pep_scan/README_mutatex_run
    output: output_folder/cabsdock_ankb_PDBXac_1-120_1588-1590/modelX/blind/pep_scan/mutations.tar.gz
    jobid: 3
    wildcards: method=cabsdock, protein_name=ankb, PDB=PDBX, chain_protein=a, chain_peptide=c, aa_protein=1-120, aa_peptide=1588-1590, model_name=modelX, restraints=blind, scan=pep_scan
    resources: tmpdir=/tmp

[Thu Dec  9 16:02:33 2021]
Finished job 3.
6 of 7 steps (86%) done
Select jobs to execute...

[Thu Dec  9 16:02:33 2021]
localrule all:
    input: output_folder/cabsdock_ankb_PDBXab_1-120_1588-1590/modelX/blind/pep_scan/mutations.tar.gz, output_folder/cabsdock_ankb_PDBXac_1-120_1588-1590/modelX/blind/pep_scan/mutations.tar.gz, output_folder/cabsdock_ankb_PDBXad_1-120_1588-1590////mutations.tar.gz
    jobid: 0
    resources: tmpdir=/tmp

[Thu Dec  9 16:02:33 2021]
Finished job 0.
7 of 7 steps (100%) done
Complete log: /data/user/morlandi/mutatex_pipeline/mutatex_pipelines/custom_scan/stability_binding_scan/.snakemake/log/2021-12-09T153345.098089.snakemake.log
