Wildcard constraints in inputs are ignored.
Wildcard constraints in inputs are ignored.
Wildcard constraints in inputs are ignored.
Wildcard constraints in inputs are ignored.
Wildcard constraints in inputs are ignored.
Wildcard constraints in inputs are ignored.
Wildcard constraints in inputs are ignored.
Building DAG of jobs...
Using shell: /bin/bash
Provided cores: 3
Rules claiming more threads will be scaled down.
Job counts:
	count	jobs
	1	all
	3	input_files
	3	mutatex_scan
	7

[Sat Nov 27 12:53:08 2021]
rule input_files:
    input: ../../input_pdb/fyco1A.B99990001.pdb, ../../input_csv/fyco1.csv
    output: output_folder/cabsdock_fyco1_PDBXa_1276-1280/modelX/blind/pep_scan/fyco1_PDBX.pdb, output_folder/cabsdock_fyco1_PDBXa_1276-1280/modelX/blind/pep_scan/mutate_runfile_template.txt, output_folder/cabsdock_fyco1_PDBXa_1276-1280/modelX/blind/pep_scan/interface_runfile_template.txt, output_folder/cabsdock_fyco1_PDBXa_1276-1280/modelX/blind/pep_scan/repair_runfile_template.txt, output_folder/cabsdock_fyco1_PDBXa_1276-1280/modelX/blind/pep_scan/mutation_list.txt, output_folder/cabsdock_fyco1_PDBXa_1276-1280/modelX/blind/pep_scan/poslist.txt, output_folder/cabsdock_fyco1_PDBXa_1276-1280/modelX/blind/pep_scan/README_mutatex_run
    jobid: 4
    wildcards: method=cabsdock, protein_name=fyco1, PDB=PDBX, chain=a, aa_protein=1276-1280, model_name=modelX, restraints=blind, scan=pep_scan

[Sat Nov 27 12:53:08 2021]
rule input_files:
    input: ../../input_pdb/fyco1A.B99990001.pdb, ../../input_csv/fyco2.csv
    output: output_folder/cabsdock_fyco2_PDBXa_1276-1280/modelX/blind/pep_scan/fyco2_PDBX.pdb, output_folder/cabsdock_fyco2_PDBXa_1276-1280/modelX/blind/pep_scan/mutate_runfile_template.txt, output_folder/cabsdock_fyco2_PDBXa_1276-1280/modelX/blind/pep_scan/interface_runfile_template.txt, output_folder/cabsdock_fyco2_PDBXa_1276-1280/modelX/blind/pep_scan/repair_runfile_template.txt, output_folder/cabsdock_fyco2_PDBXa_1276-1280/modelX/blind/pep_scan/mutation_list.txt, output_folder/cabsdock_fyco2_PDBXa_1276-1280/modelX/blind/pep_scan/poslist.txt, output_folder/cabsdock_fyco2_PDBXa_1276-1280/modelX/blind/pep_scan/README_mutatex_run
    jobid: 5
    wildcards: method=cabsdock, protein_name=fyco2, PDB=PDBX, chain=a, aa_protein=1276-1280, model_name=modelX, restraints=blind, scan=pep_scan

[Sat Nov 27 12:53:08 2021]
rule input_files:
    input: ../../input_pdb/fyco1A.B99990001.pdb, ../../input_csv/fyco3.csv
    output: output_folder/cabsdock_fyco3_PDBXa_1276-1280/modelX/blind/pep_scan/fyco3_PDBX.pdb, output_folder/cabsdock_fyco3_PDBXa_1276-1280/modelX/blind/pep_scan/mutate_runfile_template.txt, output_folder/cabsdock_fyco3_PDBXa_1276-1280/modelX/blind/pep_scan/interface_runfile_template.txt, output_folder/cabsdock_fyco3_PDBXa_1276-1280/modelX/blind/pep_scan/repair_runfile_template.txt, output_folder/cabsdock_fyco3_PDBXa_1276-1280/modelX/blind/pep_scan/mutation_list.txt, output_folder/cabsdock_fyco3_PDBXa_1276-1280/modelX/blind/pep_scan/poslist.txt, output_folder/cabsdock_fyco3_PDBXa_1276-1280/modelX/blind/pep_scan/README_mutatex_run
    jobid: 6
    wildcards: method=cabsdock, protein_name=fyco3, PDB=PDBX, chain=a, aa_protein=1276-1280, model_name=modelX, restraints=blind, scan=pep_scan

[Sat Nov 27 12:53:09 2021]
Finished job 4.
1 of 7 steps (14%) done

[Sat Nov 27 12:53:09 2021]
rule mutatex_scan:
    input: output_folder/cabsdock_fyco1_PDBXa_1276-1280/modelX/blind/pep_scan/fyco1_PDBX.pdb, output_folder/cabsdock_fyco1_PDBXa_1276-1280/modelX/blind/pep_scan/mutate_runfile_template.txt, output_folder/cabsdock_fyco1_PDBXa_1276-1280/modelX/blind/pep_scan/interface_runfile_template.txt, output_folder/cabsdock_fyco1_PDBXa_1276-1280/modelX/blind/pep_scan/repair_runfile_template.txt, output_folder/cabsdock_fyco1_PDBXa_1276-1280/modelX/blind/pep_scan/mutation_list.txt, output_folder/cabsdock_fyco1_PDBXa_1276-1280/modelX/blind/pep_scan/poslist.txt, output_folder/cabsdock_fyco1_PDBXa_1276-1280/modelX/blind/pep_scan/README_mutatex_run
    output: output_folder/cabsdock_fyco1_PDBXa_1276-1280/modelX/blind/pep_scan/mutations.tar.gz
    jobid: 1
    wildcards: method=cabsdock, protein_name=fyco1, PDB=PDBX, chain=a, aa_protein=1276-1280, model_name=modelX, restraints=blind, scan=pep_scan

[Sat Nov 27 12:53:09 2021]
Finished job 5.
2 of 7 steps (29%) done
[Sat Nov 27 12:53:09 2021]
Finished job 6.
3 of 7 steps (43%) done

[Sat Nov 27 12:53:09 2021]
rule mutatex_scan:
    input: output_folder/cabsdock_fyco2_PDBXa_1276-1280/modelX/blind/pep_scan/fyco2_PDBX.pdb, output_folder/cabsdock_fyco2_PDBXa_1276-1280/modelX/blind/pep_scan/mutate_runfile_template.txt, output_folder/cabsdock_fyco2_PDBXa_1276-1280/modelX/blind/pep_scan/interface_runfile_template.txt, output_folder/cabsdock_fyco2_PDBXa_1276-1280/modelX/blind/pep_scan/repair_runfile_template.txt, output_folder/cabsdock_fyco2_PDBXa_1276-1280/modelX/blind/pep_scan/mutation_list.txt, output_folder/cabsdock_fyco2_PDBXa_1276-1280/modelX/blind/pep_scan/poslist.txt, output_folder/cabsdock_fyco2_PDBXa_1276-1280/modelX/blind/pep_scan/README_mutatex_run
    output: output_folder/cabsdock_fyco2_PDBXa_1276-1280/modelX/blind/pep_scan/mutations.tar.gz
    jobid: 2
    wildcards: method=cabsdock, protein_name=fyco2, PDB=PDBX, chain=a, aa_protein=1276-1280, model_name=modelX, restraints=blind, scan=pep_scan


[Sat Nov 27 12:53:09 2021]
rule mutatex_scan:
    input: output_folder/cabsdock_fyco3_PDBXa_1276-1280/modelX/blind/pep_scan/fyco3_PDBX.pdb, output_folder/cabsdock_fyco3_PDBXa_1276-1280/modelX/blind/pep_scan/mutate_runfile_template.txt, output_folder/cabsdock_fyco3_PDBXa_1276-1280/modelX/blind/pep_scan/interface_runfile_template.txt, output_folder/cabsdock_fyco3_PDBXa_1276-1280/modelX/blind/pep_scan/repair_runfile_template.txt, output_folder/cabsdock_fyco3_PDBXa_1276-1280/modelX/blind/pep_scan/mutation_list.txt, output_folder/cabsdock_fyco3_PDBXa_1276-1280/modelX/blind/pep_scan/poslist.txt, output_folder/cabsdock_fyco3_PDBXa_1276-1280/modelX/blind/pep_scan/README_mutatex_run
    output: output_folder/cabsdock_fyco3_PDBXa_1276-1280/modelX/blind/pep_scan/mutations.tar.gz
    jobid: 3
    wildcards: method=cabsdock, protein_name=fyco3, PDB=PDBX, chain=a, aa_protein=1276-1280, model_name=modelX, restraints=blind, scan=pep_scan

[Sat Nov 27 12:53:20 2021]
Error in rule mutatex_scan:
    jobid: 3
    output: output_folder/cabsdock_fyco3_PDBXa_1276-1280/modelX/blind/pep_scan/mutations.tar.gz
    shell:
        
        set +u; source /usr/local/envs/mutatex/bin/activate; set -u
        cd output_folder/cabsdock_fyco3_PDBXa_1276-1280/modelX/blind/pep_scan/
        echo -e "# mutatex command
mutatex $(basename output_folder/cabsdock_fyco3_PDBXa_1276-1280/modelX/blind/pep_scan/fyco3_PDBX.pdb) -q $(basename output_folder/cabsdock_fyco3_PDBXa_1276-1280/modelX/blind/pep_scan/poslist.txt)  -m $(basename output_folder/cabsdock_fyco3_PDBXa_1276-1280/modelX/blind/pep_scan/mutation_list.txt) --foldx-version=suite5 --np 1 -x /usr/local/foldx5_2021/foldx -C deep -v -L -c -l >& log &" >> $(basename output_folder/cabsdock_fyco3_PDBXa_1276-1280/modelX/blind/pep_scan/README_mutatex_run)
        mutatex $(basename output_folder/cabsdock_fyco3_PDBXa_1276-1280/modelX/blind/pep_scan/fyco3_PDBX.pdb) -q $(basename output_folder/cabsdock_fyco3_PDBXa_1276-1280/modelX/blind/pep_scan/poslist.txt)  -m $(basename output_folder/cabsdock_fyco3_PDBXa_1276-1280/modelX/blind/pep_scan/mutation_list.txt) --foldx-version=suite5 --np 1 -x /usr/local/foldx5_2021/foldx -C deep -v -L -c -l >& log 
        
        (one of the commands exited with non-zero exit code; note that snakemake uses bash strict mode!)

[Sat Nov 27 12:55:38 2021]
Finished job 2.
4 of 7 steps (57%) done
[Sat Nov 27 12:55:40 2021]
Finished job 1.
5 of 7 steps (71%) done
Shutting down, this might take some time.
Exiting because a job execution failed. Look above for error message
Complete log: /data/user/morlandi/mutatex_pipeline/custom_scan/stability_scan/.snakemake/log/2021-11-27T125308.150846.snakemake.log
