Wildcard constraints in inputs are ignored.
Wildcard constraints in inputs are ignored.
Wildcard constraints in inputs are ignored.
Wildcard constraints in inputs are ignored.
Wildcard constraints in inputs are ignored.
Wildcard constraints in inputs are ignored.
Wildcard constraints in inputs are ignored.
Building DAG of jobs...
Using shell: /bin/bash
Provided cores: 3
Rules claiming more threads will be scaled down.
Job counts:
	count	jobs
	1	all
	3	input_files
	3	mutatex_scan
	7

[Sat Nov 27 14:45:00 2021]
rule input_files:
    input: ../input_pdb/fyco1A.B99990001.pdb, ../input_csv/fyco1.csv
    output: output_folder/cabsdock_fyco1_PDBXa_1276-1280/modelX/blind/pep_scan/fyco1_PDBX.pdb, output_folder/cabsdock_fyco1_PDBXa_1276-1280/modelX/blind/pep_scan/mutate_runfile_template.txt, output_folder/cabsdock_fyco1_PDBXa_1276-1280/modelX/blind/pep_scan/interface_runfile_template.txt, output_folder/cabsdock_fyco1_PDBXa_1276-1280/modelX/blind/pep_scan/repair_runfile_template.txt, output_folder/cabsdock_fyco1_PDBXa_1276-1280/modelX/blind/pep_scan/mutation_list.txt, output_folder/cabsdock_fyco1_PDBXa_1276-1280/modelX/blind/pep_scan/poslist.txt, output_folder/cabsdock_fyco1_PDBXa_1276-1280/modelX/blind/pep_scan/README_mutatex_run
    jobid: 4
    wildcards: method=cabsdock, protein_name=fyco1, PDB=PDBX, chain=a, aa_protein=1276-1280, model_name=modelX, restraints=blind, scan=pep_scan

[Sat Nov 27 14:45:00 2021]
rule input_files:
    input: ../input_pdb/fyco1A.B99990001.pdb, ../input_csv/fyco2.csv
    output: output_folder/cabsdock_fyco2_PDBXa_1276-1280/modelX/blind/pep_scan/fyco2_PDBX.pdb, output_folder/cabsdock_fyco2_PDBXa_1276-1280/modelX/blind/pep_scan/mutate_runfile_template.txt, output_folder/cabsdock_fyco2_PDBXa_1276-1280/modelX/blind/pep_scan/interface_runfile_template.txt, output_folder/cabsdock_fyco2_PDBXa_1276-1280/modelX/blind/pep_scan/repair_runfile_template.txt, output_folder/cabsdock_fyco2_PDBXa_1276-1280/modelX/blind/pep_scan/mutation_list.txt, output_folder/cabsdock_fyco2_PDBXa_1276-1280/modelX/blind/pep_scan/poslist.txt, output_folder/cabsdock_fyco2_PDBXa_1276-1280/modelX/blind/pep_scan/README_mutatex_run
    jobid: 5
    wildcards: method=cabsdock, protein_name=fyco2, PDB=PDBX, chain=a, aa_protein=1276-1280, model_name=modelX, restraints=blind, scan=pep_scan

[Sat Nov 27 14:45:00 2021]
rule input_files:
    input: ../input_pdb/fyco1A.B99990001.pdb, ../input_csv/fyco3.csv
    output: output_folder/cabsdock_fyco3_PDBXa_1276-1280/modelX/blind/pep_scan/fyco3_PDBX.pdb, output_folder/cabsdock_fyco3_PDBXa_1276-1280/modelX/blind/pep_scan/mutate_runfile_template.txt, output_folder/cabsdock_fyco3_PDBXa_1276-1280/modelX/blind/pep_scan/interface_runfile_template.txt, output_folder/cabsdock_fyco3_PDBXa_1276-1280/modelX/blind/pep_scan/repair_runfile_template.txt, output_folder/cabsdock_fyco3_PDBXa_1276-1280/modelX/blind/pep_scan/mutation_list.txt, output_folder/cabsdock_fyco3_PDBXa_1276-1280/modelX/blind/pep_scan/poslist.txt, output_folder/cabsdock_fyco3_PDBXa_1276-1280/modelX/blind/pep_scan/README_mutatex_run
    jobid: 6
    wildcards: method=cabsdock, protein_name=fyco3, PDB=PDBX, chain=a, aa_protein=1276-1280, model_name=modelX, restraints=blind, scan=pep_scan

Shutting down, this might take some time.
Exiting because a job execution failed. Look above for error message
Complete log: /data/user/morlandi/mutatex_pipeline/custom_scan/stability_scan/.snakemake/log/2021-11-27T144500.215497.snakemake.log
