Wildcard constraints in inputs are ignored.
Wildcard constraints in inputs are ignored.
Wildcard constraints in inputs are ignored.
Wildcard constraints in inputs are ignored.
Wildcard constraints in inputs are ignored.
Wildcard constraints in inputs are ignored.
Wildcard constraints in inputs are ignored.
Building DAG of jobs...
Using shell: /bin/bash
Provided cores: 1 (use --cores to define parallelism)
Rules claiming more threads will be scaled down.
Job counts:
	count	jobs
	1	all
	1	input_files
	1	mutatex_scan
	3

[Thu Nov 11 13:36:35 2021]
rule input_files:
    input: ../../input_pdb/ankbac.pdb
    output: output_folder/cabsdock_ankb_5YISab_1-120_1588-1613/modelX/blind/pep_scan/ankb_5YIS.pdb, output_folder/cabsdock_ankb_5YISab_1-120_1588-1613/modelX/blind/pep_scan/mutate_runfile_template.txt, output_folder/cabsdock_ankb_5YISab_1-120_1588-1613/modelX/blind/pep_scan/interface_runfile_template.txt, output_folder/cabsdock_ankb_5YISab_1-120_1588-1613/modelX/blind/pep_scan/repair_runfile_template.txt, output_folder/cabsdock_ankb_5YISab_1-120_1588-1613/modelX/blind/pep_scan/mutation_list.txt, output_folder/cabsdock_ankb_5YISab_1-120_1588-1613/modelX/blind/pep_scan/poslist.txt, output_folder/cabsdock_ankb_5YISab_1-120_1588-1613/modelX/blind/pep_scan/README_mutatex_run
    jobid: 2
    wildcards: method=cabsdock, slim_name=ankb, PDB=5YIS, chain_protein=a, chain_peptide=b, aa_protein=1-120, aa_peptide=1588-1613, model_name=modelX, restraints=blind, scan=pep_scan

[Thu Nov 11 13:36:36 2021]
Finished job 2.
1 of 3 steps (33%) done

[Thu Nov 11 13:36:36 2021]
rule mutatex_scan:
    input: output_folder/cabsdock_ankb_5YISab_1-120_1588-1613/modelX/blind/pep_scan/ankb_5YIS.pdb, output_folder/cabsdock_ankb_5YISab_1-120_1588-1613/modelX/blind/pep_scan/mutate_runfile_template.txt, output_folder/cabsdock_ankb_5YISab_1-120_1588-1613/modelX/blind/pep_scan/interface_runfile_template.txt, output_folder/cabsdock_ankb_5YISab_1-120_1588-1613/modelX/blind/pep_scan/repair_runfile_template.txt, output_folder/cabsdock_ankb_5YISab_1-120_1588-1613/modelX/blind/pep_scan/mutation_list.txt, output_folder/cabsdock_ankb_5YISab_1-120_1588-1613/modelX/blind/pep_scan/poslist.txt, output_folder/cabsdock_ankb_5YISab_1-120_1588-1613/modelX/blind/pep_scan/README_mutatex_run
    output: output_folder/cabsdock_ankb_5YISab_1-120_1588-1613/modelX/blind/pep_scan/mutations.tar.gz
    jobid: 1
    wildcards: method=cabsdock, slim_name=ankb, PDB=5YIS, chain_protein=a, chain_peptide=b, aa_protein=1-120, aa_peptide=1588-1613, model_name=modelX, restraints=blind, scan=pep_scan

[Thu Nov 11 14:17:15 2021]
Finished job 1.
2 of 3 steps (67%) done

[Thu Nov 11 14:17:15 2021]
localrule all:
    input: output_folder/cabsdock_ankb_5YISab_1-120_1588-1613/modelX/blind/pep_scan/mutations.tar.gz
    jobid: 0

[Thu Nov 11 14:17:15 2021]
Finished job 0.
3 of 3 steps (100%) done
Complete log: /data/user/morlandi/mutatex_pipeline/pep_scan/stability_scan/.snakemake/log/2021-11-11T133634.962836.snakemake.log
