Wildcard constraints in inputs are ignored.
Wildcard constraints in inputs are ignored.
Wildcard constraints in inputs are ignored.
Wildcard constraints in inputs are ignored.
Wildcard constraints in inputs are ignored.
Wildcard constraints in inputs are ignored.
Wildcard constraints in inputs are ignored.
Building DAG of jobs...
Using shell: /bin/bash
Provided cores: 2
Rules claiming more threads will be scaled down.
Job counts:
	count	jobs
	1	all
	1	input_files
	1	mutatex_scan
	3

[Sat Nov 27 12:10:45 2021]
rule input_files:
    input: ../../input_pdb/fyco1A.B99990001.pdb, ../../input_csv/fyco2.csv
    output: output_folder/cabsdock_fyco2_PDBXa_1276-1280/modelX/blind/pep_scan/fyco2_PDBX.pdb, output_folder/cabsdock_fyco2_PDBXa_1276-1280/modelX/blind/pep_scan/mutate_runfile_template.txt, output_folder/cabsdock_fyco2_PDBXa_1276-1280/modelX/blind/pep_scan/interface_runfile_template.txt, output_folder/cabsdock_fyco2_PDBXa_1276-1280/modelX/blind/pep_scan/repair_runfile_template.txt, output_folder/cabsdock_fyco2_PDBXa_1276-1280/modelX/blind/pep_scan/mutation_list.txt, output_folder/cabsdock_fyco2_PDBXa_1276-1280/modelX/blind/pep_scan/poslist.txt, output_folder/cabsdock_fyco2_PDBXa_1276-1280/modelX/blind/pep_scan/README_mutatex_run
    jobid: 2
    wildcards: method=cabsdock, protein_name=fyco2, PDB=PDBX, chain=a, aa_protein=1276-1280, model_name=modelX, restraints=blind, scan=pep_scan

[Sat Nov 27 12:10:46 2021]
Finished job 2.
1 of 3 steps (33%) done

[Sat Nov 27 12:10:46 2021]
rule mutatex_scan:
    input: output_folder/cabsdock_fyco2_PDBXa_1276-1280/modelX/blind/pep_scan/fyco2_PDBX.pdb, output_folder/cabsdock_fyco2_PDBXa_1276-1280/modelX/blind/pep_scan/mutate_runfile_template.txt, output_folder/cabsdock_fyco2_PDBXa_1276-1280/modelX/blind/pep_scan/interface_runfile_template.txt, output_folder/cabsdock_fyco2_PDBXa_1276-1280/modelX/blind/pep_scan/repair_runfile_template.txt, output_folder/cabsdock_fyco2_PDBXa_1276-1280/modelX/blind/pep_scan/mutation_list.txt, output_folder/cabsdock_fyco2_PDBXa_1276-1280/modelX/blind/pep_scan/poslist.txt, output_folder/cabsdock_fyco2_PDBXa_1276-1280/modelX/blind/pep_scan/README_mutatex_run
    output: output_folder/cabsdock_fyco2_PDBXa_1276-1280/modelX/blind/pep_scan/mutations.tar.gz
    jobid: 1
    wildcards: method=cabsdock, protein_name=fyco2, PDB=PDBX, chain=a, aa_protein=1276-1280, model_name=modelX, restraints=blind, scan=pep_scan

