   ********************************************
   ***                                      ***
   ***             FoldX 5 (c)            ***
   ***                                      ***
   ***     code by the FoldX Consortium     ***
   ***                                      ***
   ***     Jesper Borg, Frederic Rousseau   ***
   ***    Joost Schymkowitz, Luis Serrano   ***
   ***    Peter Vanhee, Erik Verschueren    ***
   ***     Lies Baeten, Javier Delgado      ***
   ***       and Francois Stricher          ***
   *** and any other of the 9! permutations ***
   ***   based on an original concept by    ***
   ***   Raphael Guerois and Luis Serrano   ***
   ********************************************

Reading config file 'runfile.txt'
1 models read: O00329_trimmed_model0_checked_Repair.pdb
1 models read: O00329_trimmed_model0_checked_Repair.pdb
Output: ./O00329_trimmed_model0_checked_Repair.log

BackHbond       =               -750.94
SideHbond       =               -305.40
Energy_VdW      =               -1193.78
Electro         =               -42.13
Energy_SolvP    =               1527.86
Energy_SolvH    =               -1601.32
Energy_vdwclash =               17.16
energy_torsion  =               11.52
backbone_vdwclash=              676.43
Entropy_sidec   =               678.08
Entropy_mainc   =               1497.52
water bonds     =               0.00
helix dipole    =               -28.30
loop_entropy    =               0.00
cis_bond        =               0.00
disulfide       =               0.00
kn electrostatic=               0.00
partial covalent interactions = 0.00
Energy_Ionisation =             3.43
Entropy Complex =               0.00
-----------------------------------------------------------
Total          = 				  -186.30


BackHbond       =               -750.94
SideHbond       =               -305.40
Energy_VdW      =               -1193.78
Electro         =               -42.13
Energy_SolvP    =               1527.86
Energy_SolvH    =               -1601.32
Energy_vdwclash =               17.16
energy_torsion  =               11.52
backbone_vdwclash=              676.43
Entropy_sidec   =               678.08
Entropy_mainc   =               1497.52
water bonds     =               0.00
helix dipole    =               -28.30
loop_entropy    =               0.00
cis_bond        =               0.00
disulfide       =               0.00
kn electrostatic=               0.00
partial covalent interactions = 0.00
Energy_Ionisation =             3.43
Entropy Complex =               0.00
-----------------------------------------------------------
Total          = 				  -186.30

Starting BuildModel
Reading NA74G;
Reading NA74A;
Reading NA74V;
Reading NA74L;
Reading NA74I;
Reading NA74M;
Reading NA74F;
Reading NA74W;
Reading NA74P;
Reading NA74S;
Reading NA74T;
Reading NA74C;
Reading NA74Y;
Reading NA74N;
Reading NA74Q;
Reading NA74D;
Reading NA74E;
Reading NA74K;
Reading NA74R;
Reading NA74H;
Reading NA74s;
Reading NA74p;
Reading NA74y;
Residue to Mutate ASNA74 has residue index 55
Residue to Mutate ASNA74 has residue index 55
Residue to Mutate ASNA74 has residue index 55
Residue to Mutate ASNA74 has residue index 55
Residue to Mutate ASNA74 has residue index 55
Residue to Mutate ASNA74 has residue index 55
Residue to Mutate ASNA74 has residue index 55
Residue to Mutate ASNA74 has residue index 55
Residue to Mutate ASNA74 has residue index 55
Residue to Mutate ASNA74 has residue index 55
Residue to Mutate ASNA74 has residue index 55
Residue to Mutate ASNA74 has residue index 55
Residue to Mutate ASNA74 has residue index 55
Residue to Mutate ASNA74 has residue index 55
Residue to Mutate ASNA74 has residue index 55
Residue to Mutate ASNA74 has residue index 55
Residue to Mutate ASNA74 has residue index 55
Residue to Mutate ASNA74 has residue index 55
Residue to Mutate ASNA74 has residue index 55
Residue to Mutate ASNA74 has residue index 55
Residue to Mutate ASNA74 has residue index 55
Residue to Mutate ASNA74 has residue index 55
Residue to Mutate ASNA74 has residue index 55
Mutating residue = ASNA74 into GLY
Mutating residue = ASNA74 into GLY
Mutating residue = ASNA74 into GLY
Mutating residue = ASNA74 into GLY
Mutating residue = ASNA74 into GLY
Mutating residue = ASNA74 into ALA
Mutating residue = ASNA74 into ALA
Mutating residue = ASNA74 into ALA
Mutating residue = ASNA74 into ALA
Mutating residue = ASNA74 into ALA
Mutating residue = ASNA74 into VAL
Mutating residue = ASNA74 into VAL
Mutating residue = ASNA74 into VAL
Mutating residue = ASNA74 into VAL
Mutating residue = ASNA74 into VAL
Mutating residue = ASNA74 into LEU
Mutating residue = ASNA74 into LEU
Mutating residue = ASNA74 into LEU
Mutating residue = ASNA74 into LEU
Mutating residue = ASNA74 into LEU
Mutating residue = ASNA74 into ILE
Mutating residue = ASNA74 into ILE
Mutating residue = ASNA74 into ILE
Mutating residue = ASNA74 into ILE
Mutating residue = ASNA74 into ILE
Mutating residue = ASNA74 into MET
Mutating residue = ASNA74 into MET
Mutating residue = ASNA74 into MET
Mutating residue = ASNA74 into MET
Mutating residue = ASNA74 into MET
Mutating residue = ASNA74 into PHE
Mutating residue = ASNA74 into PHE
Mutating residue = ASNA74 into PHE
Mutating residue = ASNA74 into PHE
Mutating residue = ASNA74 into PHE
Mutating residue = ASNA74 into TRP
Mutating residue = ASNA74 into TRP
Mutating residue = ASNA74 into TRP
Mutating residue = ASNA74 into TRP
Mutating residue = ASNA74 into TRP
Mutating residue = ASNA74 into PRO
Mutating residue = ASNA74 into PRO
Mutating residue = ASNA74 into PRO
Mutating residue = ASNA74 into PRO
Mutating residue = ASNA74 into PRO
Mutating residue = ASNA74 into SER
Mutating residue = ASNA74 into SER
Mutating residue = ASNA74 into SER
Mutating residue = ASNA74 into SER
Mutating residue = ASNA74 into SER
Mutating residue = ASNA74 into THR
Mutating residue = ASNA74 into THR
Mutating residue = ASNA74 into THR
Mutating residue = ASNA74 into THR
Mutating residue = ASNA74 into THR
Mutating residue = ASNA74 into CYS
Mutating residue = ASNA74 into CYS
Mutating residue = ASNA74 into CYS
Mutating residue = ASNA74 into CYS
Mutating residue = ASNA74 into CYS
Mutating residue = ASNA74 into TYR
Mutating residue = ASNA74 into TYR
Mutating residue = ASNA74 into TYR
Mutating residue = ASNA74 into TYR
Mutating residue = ASNA74 into TYR
Mutating residue = ASNA74 into ASN
Mutating residue = ASNA74 into ASN
Mutating residue = ASNA74 into ASN
Mutating residue = ASNA74 into ASN
Mutating residue = ASNA74 into ASN
Mutating residue = ASNA74 into GLN
Mutating residue = ASNA74 into GLN
Mutating residue = ASNA74 into GLN
Mutating residue = ASNA74 into GLN
Mutating residue = ASNA74 into GLN
Mutating residue = ASNA74 into ASP
Mutating residue = ASNA74 into ASP
Mutating residue = ASNA74 into ASP
Mutating residue = ASNA74 into ASP
Mutating residue = ASNA74 into ASP
Mutating residue = ASNA74 into GLU
Mutating residue = ASNA74 into GLU
Mutating residue = ASNA74 into GLU
Mutating residue = ASNA74 into GLU
Mutating residue = ASNA74 into GLU
Mutating residue = ASNA74 into LYS
Mutating residue = ASNA74 into LYS
Mutating residue = ASNA74 into LYS
Mutating residue = ASNA74 into LYS
Mutating residue = ASNA74 into LYS
Mutating residue = ASNA74 into ARG
Mutating residue = ASNA74 into ARG
Mutating residue = ASNA74 into ARG
Mutating residue = ASNA74 into ARG
Mutating residue = ASNA74 into ARG
Mutating residue = ASNA74 into HIS
Mutating residue = ASNA74 into HIS
Mutating residue = ASNA74 into HIS
Mutating residue = ASNA74 into HIS
Mutating residue = ASNA74 into HIS
Mutating residue = ASNA74 into SEP
Mutating residue = ASNA74 into SEP
Mutating residue = ASNA74 into SEP
Mutating residue = ASNA74 into SEP
Mutating residue = ASNA74 into SEP
Mutating residue = ASNA74 into TPO
Mutating residue = ASNA74 into TPO
Mutating residue = ASNA74 into TPO
Mutating residue = ASNA74 into TPO
Mutating residue = ASNA74 into TPO
Mutating residue = ASNA74 into PTR
Mutating residue = ASNA74 into PTR
Mutating residue = ASNA74 into PTR
Mutating residue = ASNA74 into PTR
Mutating residue = ASNA74 into PTR
Your file run OK
End time of FoldX: Sun Dec 14 18:44:18 2025
Total time spend: 754.81 seconds.
validated file "O00329_trimmed_model0_checked_Repair_1_0.pdb" => successfully finished
validated file "O00329_trimmed_model0_checked_Repair_1_1.pdb" => successfully finished
validated file "O00329_trimmed_model0_checked_Repair_1_2.pdb" => successfully finished
validated file "O00329_trimmed_model0_checked_Repair_1_3.pdb" => successfully finished
validated file "O00329_trimmed_model0_checked_Repair_1_4.pdb" => successfully finished
validated file "O00329_trimmed_model0_checked_Repair_2_0.pdb" => successfully finished
validated file "O00329_trimmed_model0_checked_Repair_2_1.pdb" => successfully finished
validated file "O00329_trimmed_model0_checked_Repair_2_2.pdb" => successfully finished
validated file "O00329_trimmed_model0_checked_Repair_2_3.pdb" => successfully finished
validated file "O00329_trimmed_model0_checked_Repair_2_4.pdb" => successfully finished
validated file "O00329_trimmed_model0_checked_Repair_3_0.pdb" => successfully finished
validated file "O00329_trimmed_model0_checked_Repair_3_1.pdb" => successfully finished
validated file "O00329_trimmed_model0_checked_Repair_3_2.pdb" => successfully finished
validated file "O00329_trimmed_model0_checked_Repair_3_3.pdb" => successfully finished
validated file "O00329_trimmed_model0_checked_Repair_3_4.pdb" => successfully finished
validated file "O00329_trimmed_model0_checked_Repair_4_0.pdb" => successfully finished
validated file "O00329_trimmed_model0_checked_Repair_4_1.pdb" => successfully finished
validated file "O00329_trimmed_model0_checked_Repair_4_2.pdb" => successfully finished
validated file "O00329_trimmed_model0_checked_Repair_4_3.pdb" => successfully finished
validated file "O00329_trimmed_model0_checked_Repair_4_4.pdb" => successfully finished
validated file "O00329_trimmed_model0_checked_Repair_5_0.pdb" => successfully finished
validated file "O00329_trimmed_model0_checked_Repair_5_1.pdb" => successfully finished
validated file "O00329_trimmed_model0_checked_Repair_5_2.pdb" => successfully finished
validated file "O00329_trimmed_model0_checked_Repair_5_3.pdb" => successfully finished
validated file "O00329_trimmed_model0_checked_Repair_5_4.pdb" => successfully finished
validated file "O00329_trimmed_model0_checked_Repair_6_0.pdb" => successfully finished
validated file "O00329_trimmed_model0_checked_Repair_6_1.pdb" => successfully finished
validated file "O00329_trimmed_model0_checked_Repair_6_2.pdb" => successfully finished
validated file "O00329_trimmed_model0_checked_Repair_6_3.pdb" => successfully finished
validated file "O00329_trimmed_model0_checked_Repair_6_4.pdb" => successfully finished
validated file "O00329_trimmed_model0_checked_Repair_7_0.pdb" => successfully finished
validated file "O00329_trimmed_model0_checked_Repair_7_1.pdb" => successfully finished
validated file "O00329_trimmed_model0_checked_Repair_7_2.pdb" => successfully finished
validated file "O00329_trimmed_model0_checked_Repair_7_3.pdb" => successfully finished
validated file "O00329_trimmed_model0_checked_Repair_7_4.pdb" => successfully finished
validated file "O00329_trimmed_model0_checked_Repair_8_0.pdb" => successfully finished
validated file "O00329_trimmed_model0_checked_Repair_8_1.pdb" => successfully finished
validated file "O00329_trimmed_model0_checked_Repair_8_2.pdb" => successfully finished
validated file "O00329_trimmed_model0_checked_Repair_8_3.pdb" => successfully finished
validated file "O00329_trimmed_model0_checked_Repair_8_4.pdb" => successfully finished
validated file "O00329_trimmed_model0_checked_Repair_9_0.pdb" => successfully finished
validated file "O00329_trimmed_model0_checked_Repair_9_1.pdb" => successfully finished
validated file "O00329_trimmed_model0_checked_Repair_9_2.pdb" => successfully finished
validated file "O00329_trimmed_model0_checked_Repair_9_3.pdb" => successfully finished
validated file "O00329_trimmed_model0_checked_Repair_9_4.pdb" => successfully finished
validated file "O00329_trimmed_model0_checked_Repair_10_0.pdb" => successfully finished
validated file "O00329_trimmed_model0_checked_Repair_10_1.pdb" => successfully finished
validated file "O00329_trimmed_model0_checked_Repair_10_2.pdb" => successfully finished
validated file "O00329_trimmed_model0_checked_Repair_10_3.pdb" => successfully finished
validated file "O00329_trimmed_model0_checked_Repair_10_4.pdb" => successfully finished
validated file "O00329_trimmed_model0_checked_Repair_11_0.pdb" => successfully finished
validated file "O00329_trimmed_model0_checked_Repair_11_1.pdb" => successfully finished
validated file "O00329_trimmed_model0_checked_Repair_11_2.pdb" => successfully finished
validated file "O00329_trimmed_model0_checked_Repair_11_3.pdb" => successfully finished
validated file "O00329_trimmed_model0_checked_Repair_11_4.pdb" => successfully finished
validated file "O00329_trimmed_model0_checked_Repair_12_0.pdb" => successfully finished
validated file "O00329_trimmed_model0_checked_Repair_12_1.pdb" => successfully finished
validated file "O00329_trimmed_model0_checked_Repair_12_2.pdb" => successfully finished
validated file "O00329_trimmed_model0_checked_Repair_12_3.pdb" => successfully finished
validated file "O00329_trimmed_model0_checked_Repair_12_4.pdb" => successfully finished
validated file "O00329_trimmed_model0_checked_Repair_13_0.pdb" => successfully finished
validated file "O00329_trimmed_model0_checked_Repair_13_1.pdb" => successfully finished
validated file "O00329_trimmed_model0_checked_Repair_13_2.pdb" => successfully finished
validated file "O00329_trimmed_model0_checked_Repair_13_3.pdb" => successfully finished
validated file "O00329_trimmed_model0_checked_Repair_13_4.pdb" => successfully finished
validated file "O00329_trimmed_model0_checked_Repair_14_0.pdb" => successfully finished
validated file "O00329_trimmed_model0_checked_Repair_14_1.pdb" => successfully finished
validated file "O00329_trimmed_model0_checked_Repair_14_2.pdb" => successfully finished
validated file "O00329_trimmed_model0_checked_Repair_14_3.pdb" => successfully finished
validated file "O00329_trimmed_model0_checked_Repair_14_4.pdb" => successfully finished
validated file "O00329_trimmed_model0_checked_Repair_15_0.pdb" => successfully finished
validated file "O00329_trimmed_model0_checked_Repair_15_1.pdb" => successfully finished
validated file "O00329_trimmed_model0_checked_Repair_15_2.pdb" => successfully finished
validated file "O00329_trimmed_model0_checked_Repair_15_3.pdb" => successfully finished
validated file "O00329_trimmed_model0_checked_Repair_15_4.pdb" => successfully finished
validated file "O00329_trimmed_model0_checked_Repair_16_0.pdb" => successfully finished
validated file "O00329_trimmed_model0_checked_Repair_16_1.pdb" => successfully finished
validated file "O00329_trimmed_model0_checked_Repair_16_2.pdb" => successfully finished
validated file "O00329_trimmed_model0_checked_Repair_16_3.pdb" => successfully finished
validated file "O00329_trimmed_model0_checked_Repair_16_4.pdb" => successfully finished
validated file "O00329_trimmed_model0_checked_Repair_17_0.pdb" => successfully finished
validated file "O00329_trimmed_model0_checked_Repair_17_1.pdb" => successfully finished
validated file "O00329_trimmed_model0_checked_Repair_17_2.pdb" => successfully finished
validated file "O00329_trimmed_model0_checked_Repair_17_3.pdb" => successfully finished
validated file "O00329_trimmed_model0_checked_Repair_17_4.pdb" => successfully finished
validated file "O00329_trimmed_model0_checked_Repair_18_0.pdb" => successfully finished
validated file "O00329_trimmed_model0_checked_Repair_18_1.pdb" => successfully finished
validated file "O00329_trimmed_model0_checked_Repair_18_2.pdb" => successfully finished
validated file "O00329_trimmed_model0_checked_Repair_18_3.pdb" => successfully finished
validated file "O00329_trimmed_model0_checked_Repair_18_4.pdb" => successfully finished
validated file "O00329_trimmed_model0_checked_Repair_19_0.pdb" => successfully finished
validated file "O00329_trimmed_model0_checked_Repair_19_1.pdb" => successfully finished
validated file "O00329_trimmed_model0_checked_Repair_19_2.pdb" => successfully finished
validated file "O00329_trimmed_model0_checked_Repair_19_3.pdb" => successfully finished
validated file "O00329_trimmed_model0_checked_Repair_19_4.pdb" => successfully finished
validated file "O00329_trimmed_model0_checked_Repair_20_0.pdb" => successfully finished
validated file "O00329_trimmed_model0_checked_Repair_20_1.pdb" => successfully finished
validated file "O00329_trimmed_model0_checked_Repair_20_2.pdb" => successfully finished
validated file "O00329_trimmed_model0_checked_Repair_20_3.pdb" => successfully finished
validated file "O00329_trimmed_model0_checked_Repair_20_4.pdb" => successfully finished
validated file "O00329_trimmed_model0_checked_Repair_21_0.pdb" => successfully finished
validated file "O00329_trimmed_model0_checked_Repair_21_1.pdb" => successfully finished
validated file "O00329_trimmed_model0_checked_Repair_21_2.pdb" => successfully finished
validated file "O00329_trimmed_model0_checked_Repair_21_3.pdb" => successfully finished
validated file "O00329_trimmed_model0_checked_Repair_21_4.pdb" => successfully finished
validated file "O00329_trimmed_model0_checked_Repair_22_0.pdb" => successfully finished
validated file "O00329_trimmed_model0_checked_Repair_22_1.pdb" => successfully finished
validated file "O00329_trimmed_model0_checked_Repair_22_2.pdb" => successfully finished
validated file "O00329_trimmed_model0_checked_Repair_22_3.pdb" => successfully finished
validated file "O00329_trimmed_model0_checked_Repair_22_4.pdb" => successfully finished
validated file "O00329_trimmed_model0_checked_Repair_23_0.pdb" => successfully finished
validated file "O00329_trimmed_model0_checked_Repair_23_1.pdb" => successfully finished
validated file "O00329_trimmed_model0_checked_Repair_23_2.pdb" => successfully finished
validated file "O00329_trimmed_model0_checked_Repair_23_3.pdb" => successfully finished
validated file "O00329_trimmed_model0_checked_Repair_23_4.pdb" => successfully finished
Cleaning BuildModel...DONE
