   ********************************************
   ***                                      ***
   ***             FoldX 5 (c)            ***
   ***                                      ***
   ***     code by the FoldX Consortium     ***
   ***                                      ***
   ***     Jesper Borg, Frederic Rousseau   ***
   ***    Joost Schymkowitz, Luis Serrano   ***
   ***    Peter Vanhee, Erik Verschueren    ***
   ***     Lies Baeten, Javier Delgado      ***
   ***       and Francois Stricher          ***
   *** and any other of the 9! permutations ***
   ***   based on an original concept by    ***
   ***   Raphael Guerois and Luis Serrano   ***
   ********************************************

Start RepairPDB >>>

1 models read: P25054_trimmed_model0_checked.pdb
Repair will take all residues into account
wild type

BackHbond       =               0.00
SideHbond       =               0.00
Energy_VdW      =               -0.13
Electro         =               -0.01
Energy_SolvP    =               0.51
Energy_SolvH    =               -0.06
Energy_vdwclash =               0.00
energy_torsion  =               0.00
backbone_vdwclash=              0.00
Entropy_sidec   =               0.01
Entropy_mainc   =               1.74
water bonds     =               0.00
helix dipole    =               0.00
loop_entropy    =               0.00
cis_bond        =               0.00
disulfide       =               0.00
kn electrostatic=               0.00
partial covalent interactions = 0.00
Energy_Ionisation =             0.00
Entropy Complex =               0.00
-----------------------------------------------------------
Total          = 				  2.07

Flipping HNQ

BackHbond       =               0.00
SideHbond       =               0.00
Energy_VdW      =               -0.13
Electro         =               -0.01
Energy_SolvP    =               0.51
Energy_SolvH    =               -0.06
Energy_vdwclash =               0.00
energy_torsion  =               0.00
backbone_vdwclash=              0.00
Entropy_sidec   =               0.01
Entropy_mainc   =               1.74
water bonds     =               0.00
helix dipole    =               0.00
loop_entropy    =               0.00
cis_bond        =               0.00
disulfide       =               0.00
kn electrostatic=               0.00
partial covalent interactions = 0.00
Energy_Ionisation =             0.00
Entropy Complex =               0.00
-----------------------------------------------------------
Total          = 				  2.07

Now Optimizing Residues
Now optimizing Residue META1
Optimize Residue ID= META1

BackHbond       =               0.00
SideHbond       =               0.00
Energy_VdW      =               -0.13
Electro         =               -0.01
Energy_SolvP    =               0.51
Energy_SolvH    =               -0.06
Energy_vdwclash =               0.00
energy_torsion  =               0.00
backbone_vdwclash=              0.00
Entropy_sidec   =               0.01
Entropy_mainc   =               1.74
water bonds     =               0.00
helix dipole    =               0.00
loop_entropy    =               0.00
cis_bond        =               0.00
disulfide       =               0.00
kn electrostatic=               0.00
partial covalent interactions = 0.00
Energy_Ionisation =             0.00
Entropy Complex =               0.00
-----------------------------------------------------------
Total          = 				  2.07

Now optimizing Residue SERA5
Optimize Residue ID= SERA5

BackHbond       =               0.00
SideHbond       =               0.00
Energy_VdW      =               -0.13
Electro         =               -0.01
Energy_SolvP    =               0.51
Energy_SolvH    =               -0.06
Energy_vdwclash =               0.00
energy_torsion  =               0.00
backbone_vdwclash=              0.00
Entropy_sidec   =               0.01
Entropy_mainc   =               1.74
water bonds     =               0.00
helix dipole    =               0.00
loop_entropy    =               0.00
cis_bond        =               0.00
disulfide       =               0.00
kn electrostatic=               0.00
partial covalent interactions = 0.00
Energy_Ionisation =             0.00
Entropy Complex =               0.00
-----------------------------------------------------------
Total          = 				  2.07

Optimized

BackHbond       =               0.00
SideHbond       =               0.00
Energy_VdW      =               -0.13
Electro         =               -0.01
Energy_SolvP    =               0.51
Energy_SolvH    =               -0.06
Energy_vdwclash =               0.00
energy_torsion  =               0.00
backbone_vdwclash=              0.00
Entropy_sidec   =               0.01
Entropy_mainc   =               1.74
water bonds     =               0.00
helix dipole    =               0.00
loop_entropy    =               0.00
cis_bond        =               0.00
disulfide       =               0.00
kn electrostatic=               0.00
partial covalent interactions = 0.00
Energy_Ionisation =             0.00
Entropy Complex =               0.00
-----------------------------------------------------------
Total          = 				  2.07

Now moving residues with bad energies 
Residue META1 has high Energy, we mutate it to itself
Repair Residue ID= META1

BackHbond       =               0.00
SideHbond       =               0.00
Energy_VdW      =               -0.53
Electro         =               -0.01
Energy_SolvP    =               0.97
Energy_SolvH    =               -0.52
Energy_vdwclash =               0.00
energy_torsion  =               0.00
backbone_vdwclash=              0.00
Entropy_sidec   =               0.14
Entropy_mainc   =               1.94
water bonds     =               0.00
helix dipole    =               0.00
loop_entropy    =               0.00
cis_bond        =               0.00
disulfide       =               0.00
kn electrostatic=               0.00
partial covalent interactions = 0.00
Energy_Ionisation =             0.00
Entropy Complex =               0.00
-----------------------------------------------------------
Total          = 				  1.98

Residue SERA5 has high Energy, we mutate it to itself
Repair Residue ID= SERA5

BackHbond       =               0.00
SideHbond       =               0.00
Energy_VdW      =               -0.53
Electro         =               -0.01
Energy_SolvP    =               0.97
Energy_SolvH    =               -0.53
Energy_vdwclash =               0.00
energy_torsion  =               0.00
backbone_vdwclash=              0.00
Entropy_sidec   =               0.14
Entropy_mainc   =               1.94
water bonds     =               0.00
helix dipole    =               0.00
loop_entropy    =               0.00
cis_bond        =               0.00
disulfide       =               0.00
kn electrostatic=               0.00
partial covalent interactions = 0.00
Energy_Ionisation =             0.00
Entropy Complex =               0.00
-----------------------------------------------------------
Total          = 				  1.98

Repaired

BackHbond       =               0.00
SideHbond       =               0.00
Energy_VdW      =               -0.53
Electro         =               -0.01
Energy_SolvP    =               0.97
Energy_SolvH    =               -0.53
Energy_vdwclash =               0.00
energy_torsion  =               0.00
backbone_vdwclash=              0.00
Entropy_sidec   =               0.14
Entropy_mainc   =               1.94
water bonds     =               0.00
helix dipole    =               0.00
loop_entropy    =               0.00
cis_bond        =               0.00
disulfide       =               0.00
kn electrostatic=               0.00
partial covalent interactions = 0.00
Energy_Ionisation =             0.00
Entropy Complex =               0.00
-----------------------------------------------------------
Total          = 				  1.98

End of Repair
Output PDB ./P25054_trimmed_model0_checked_Repair.pdb
Your file run OK
End time of FoldX: Tue Mar 10 14:50:39 2026
Total time spend: 0.31 seconds.
Cleaning RepairPDB...DONE
