   ********************************************
   ***                                      ***
   ***             FoldX 5 (c)            ***
   ***                                      ***
   ***     code by the FoldX Consortium     ***
   ***                                      ***
   ***     Jesper Borg, Frederic Rousseau   ***
   ***    Joost Schymkowitz, Luis Serrano   ***
   ***    Peter Vanhee, Erik Verschueren    ***
   ***     Lies Baeten, Javier Delgado      ***
   ***       and Francois Stricher          ***
   *** and any other of the 9! permutations ***
   ***   based on an original concept by    ***
   ***   Raphael Guerois and Luis Serrano   ***
   ********************************************

Reading config file 'runfile.txt'
1 models read: O15297_trimmed_model0_checked_Repair.pdb
1 models read: O15297_trimmed_model0_checked_Repair.pdb
Output: ./O15297_trimmed_model0_checked_Repair.log

BackHbond       =               -250.86
SideHbond       =               -112.56
Energy_VdW      =               -366.22
Electro         =               -12.84
Energy_SolvP    =               485.17
Energy_SolvH    =               -477.90
Energy_vdwclash =               14.86
energy_torsion  =               9.85
backbone_vdwclash=              155.00
Entropy_sidec   =               209.14
Entropy_mainc   =               563.54
water bonds     =               0.00
helix dipole    =               -1.77
loop_entropy    =               0.00
cis_bond        =               0.10
disulfide       =               0.00
kn electrostatic=               0.00
partial covalent interactions = 0.00
Energy_Ionisation =             1.31
Entropy Complex =               0.00
-----------------------------------------------------------
Total          = 				  61.81


BackHbond       =               -250.86
SideHbond       =               -112.56
Energy_VdW      =               -366.22
Electro         =               -12.84
Energy_SolvP    =               485.17
Energy_SolvH    =               -477.90
Energy_vdwclash =               14.86
energy_torsion  =               9.85
backbone_vdwclash=              155.00
Entropy_sidec   =               209.14
Entropy_mainc   =               563.54
water bonds     =               0.00
helix dipole    =               -1.77
loop_entropy    =               0.00
cis_bond        =               0.10
disulfide       =               0.00
kn electrostatic=               0.00
partial covalent interactions = 0.00
Energy_Ionisation =             1.31
Entropy Complex =               0.00
-----------------------------------------------------------
Total          = 				  61.81

Starting BuildModel
Reading AA99G;
Reading AA99A;
Reading AA99V;
Reading AA99L;
Reading AA99I;
Reading AA99M;
Reading AA99F;
Reading AA99W;
Reading AA99P;
Reading AA99S;
Reading AA99T;
Reading AA99C;
Reading AA99Y;
Reading AA99N;
Reading AA99Q;
Reading AA99D;
Reading AA99E;
Reading AA99K;
Reading AA99R;
Reading AA99H;
Reading AA99s;
Reading AA99p;
Reading AA99y;
Residue to Mutate ALAA99 has residue index 94
Residue to Mutate ALAA99 has residue index 94
Residue to Mutate ALAA99 has residue index 94
Residue to Mutate ALAA99 has residue index 94
Residue to Mutate ALAA99 has residue index 94
Residue to Mutate ALAA99 has residue index 94
Residue to Mutate ALAA99 has residue index 94
Residue to Mutate ALAA99 has residue index 94
Residue to Mutate ALAA99 has residue index 94
Residue to Mutate ALAA99 has residue index 94
Residue to Mutate ALAA99 has residue index 94
Residue to Mutate ALAA99 has residue index 94
Residue to Mutate ALAA99 has residue index 94
Residue to Mutate ALAA99 has residue index 94
Residue to Mutate ALAA99 has residue index 94
Residue to Mutate ALAA99 has residue index 94
Residue to Mutate ALAA99 has residue index 94
Residue to Mutate ALAA99 has residue index 94
Residue to Mutate ALAA99 has residue index 94
Residue to Mutate ALAA99 has residue index 94
Residue to Mutate ALAA99 has residue index 94
Residue to Mutate ALAA99 has residue index 94
Residue to Mutate ALAA99 has residue index 94
Mutating residue = ALAA99 into GLY
Mutating residue = ALAA99 into GLY
Mutating residue = ALAA99 into GLY
Mutating residue = ALAA99 into GLY
Mutating residue = ALAA99 into GLY
Mutating residue = ALAA99 into ALA
Mutating residue = ALAA99 into ALA
Mutating residue = ALAA99 into ALA
Mutating residue = ALAA99 into ALA
Mutating residue = ALAA99 into ALA
Mutating residue = ALAA99 into VAL
Mutating residue = ALAA99 into VAL
Mutating residue = ALAA99 into VAL
Mutating residue = ALAA99 into VAL
Mutating residue = ALAA99 into VAL
Mutating residue = ALAA99 into LEU
Mutating residue = ALAA99 into LEU
Mutating residue = ALAA99 into LEU
Mutating residue = ALAA99 into LEU
Mutating residue = ALAA99 into LEU
Mutating residue = ALAA99 into ILE
Mutating residue = ALAA99 into ILE
Mutating residue = ALAA99 into ILE
Mutating residue = ALAA99 into ILE
Mutating residue = ALAA99 into ILE
Mutating residue = ALAA99 into MET
Mutating residue = ALAA99 into MET
Mutating residue = ALAA99 into MET
Mutating residue = ALAA99 into MET
Mutating residue = ALAA99 into MET
Mutating residue = ALAA99 into PHE
Mutating residue = ALAA99 into PHE
Mutating residue = ALAA99 into PHE
Mutating residue = ALAA99 into PHE
Mutating residue = ALAA99 into PHE
Mutating residue = ALAA99 into TRP
Mutating residue = ALAA99 into TRP
Mutating residue = ALAA99 into TRP
Mutating residue = ALAA99 into TRP
Mutating residue = ALAA99 into TRP
Mutating residue = ALAA99 into PRO
Mutating residue = ALAA99 into PRO
Mutating residue = ALAA99 into PRO
Mutating residue = ALAA99 into PRO
Mutating residue = ALAA99 into PRO
Mutating residue = ALAA99 into SER
Mutating residue = ALAA99 into SER
Mutating residue = ALAA99 into SER
Mutating residue = ALAA99 into SER
Mutating residue = ALAA99 into SER
Mutating residue = ALAA99 into THR
Mutating residue = ALAA99 into THR
Mutating residue = ALAA99 into THR
Mutating residue = ALAA99 into THR
Mutating residue = ALAA99 into THR
Mutating residue = ALAA99 into CYS
Mutating residue = ALAA99 into CYS
Mutating residue = ALAA99 into CYS
Mutating residue = ALAA99 into CYS
Mutating residue = ALAA99 into CYS
Mutating residue = ALAA99 into TYR
Mutating residue = ALAA99 into TYR
Mutating residue = ALAA99 into TYR
Mutating residue = ALAA99 into TYR
Mutating residue = ALAA99 into TYR
Mutating residue = ALAA99 into ASN
Mutating residue = ALAA99 into ASN
Mutating residue = ALAA99 into ASN
Mutating residue = ALAA99 into ASN
Mutating residue = ALAA99 into ASN
Mutating residue = ALAA99 into GLN
Mutating residue = ALAA99 into GLN
Mutating residue = ALAA99 into GLN
Mutating residue = ALAA99 into GLN
Mutating residue = ALAA99 into GLN
Mutating residue = ALAA99 into ASP
Mutating residue = ALAA99 into ASP
Mutating residue = ALAA99 into ASP
Mutating residue = ALAA99 into ASP
Mutating residue = ALAA99 into ASP
Mutating residue = ALAA99 into GLU
Mutating residue = ALAA99 into GLU
Mutating residue = ALAA99 into GLU
Mutating residue = ALAA99 into GLU
Mutating residue = ALAA99 into GLU
Mutating residue = ALAA99 into LYS
Mutating residue = ALAA99 into LYS
Mutating residue = ALAA99 into LYS
Mutating residue = ALAA99 into LYS
Mutating residue = ALAA99 into LYS
Mutating residue = ALAA99 into ARG
Mutating residue = ALAA99 into ARG
Mutating residue = ALAA99 into ARG
Mutating residue = ALAA99 into ARG
Mutating residue = ALAA99 into ARG
Mutating residue = ALAA99 into HIS
Mutating residue = ALAA99 into HIS
Mutating residue = ALAA99 into HIS
Mutating residue = ALAA99 into HIS
Mutating residue = ALAA99 into HIS
Mutating residue = ALAA99 into SEP
Mutating residue = ALAA99 into SEP
Mutating residue = ALAA99 into SEP
Mutating residue = ALAA99 into SEP
Mutating residue = ALAA99 into SEP
Mutating residue = ALAA99 into TPO
Mutating residue = ALAA99 into TPO
Mutating residue = ALAA99 into TPO
Mutating residue = ALAA99 into TPO
Mutating residue = ALAA99 into TPO
Mutating residue = ALAA99 into PTR
Mutating residue = ALAA99 into PTR
Mutating residue = ALAA99 into PTR
Mutating residue = ALAA99 into PTR
Mutating residue = ALAA99 into PTR
Your file run OK
End time of FoldX: Sun Dec 14 18:59:48 2025
Total time spend: 158.23 seconds.
validated file "O15297_trimmed_model0_checked_Repair_1_0.pdb" => successfully finished
validated file "O15297_trimmed_model0_checked_Repair_1_1.pdb" => successfully finished
validated file "O15297_trimmed_model0_checked_Repair_1_2.pdb" => successfully finished
validated file "O15297_trimmed_model0_checked_Repair_1_3.pdb" => successfully finished
validated file "O15297_trimmed_model0_checked_Repair_1_4.pdb" => successfully finished
validated file "O15297_trimmed_model0_checked_Repair_2_0.pdb" => successfully finished
validated file "O15297_trimmed_model0_checked_Repair_2_1.pdb" => successfully finished
validated file "O15297_trimmed_model0_checked_Repair_2_2.pdb" => successfully finished
validated file "O15297_trimmed_model0_checked_Repair_2_3.pdb" => successfully finished
validated file "O15297_trimmed_model0_checked_Repair_2_4.pdb" => successfully finished
validated file "O15297_trimmed_model0_checked_Repair_3_0.pdb" => successfully finished
validated file "O15297_trimmed_model0_checked_Repair_3_1.pdb" => successfully finished
validated file "O15297_trimmed_model0_checked_Repair_3_2.pdb" => successfully finished
validated file "O15297_trimmed_model0_checked_Repair_3_3.pdb" => successfully finished
validated file "O15297_trimmed_model0_checked_Repair_3_4.pdb" => successfully finished
validated file "O15297_trimmed_model0_checked_Repair_4_0.pdb" => successfully finished
validated file "O15297_trimmed_model0_checked_Repair_4_1.pdb" => successfully finished
validated file "O15297_trimmed_model0_checked_Repair_4_2.pdb" => successfully finished
validated file "O15297_trimmed_model0_checked_Repair_4_3.pdb" => successfully finished
validated file "O15297_trimmed_model0_checked_Repair_4_4.pdb" => successfully finished
validated file "O15297_trimmed_model0_checked_Repair_5_0.pdb" => successfully finished
validated file "O15297_trimmed_model0_checked_Repair_5_1.pdb" => successfully finished
validated file "O15297_trimmed_model0_checked_Repair_5_2.pdb" => successfully finished
validated file "O15297_trimmed_model0_checked_Repair_5_3.pdb" => successfully finished
validated file "O15297_trimmed_model0_checked_Repair_5_4.pdb" => successfully finished
validated file "O15297_trimmed_model0_checked_Repair_6_0.pdb" => successfully finished
validated file "O15297_trimmed_model0_checked_Repair_6_1.pdb" => successfully finished
validated file "O15297_trimmed_model0_checked_Repair_6_2.pdb" => successfully finished
validated file "O15297_trimmed_model0_checked_Repair_6_3.pdb" => successfully finished
validated file "O15297_trimmed_model0_checked_Repair_6_4.pdb" => successfully finished
validated file "O15297_trimmed_model0_checked_Repair_7_0.pdb" => successfully finished
validated file "O15297_trimmed_model0_checked_Repair_7_1.pdb" => successfully finished
validated file "O15297_trimmed_model0_checked_Repair_7_2.pdb" => successfully finished
validated file "O15297_trimmed_model0_checked_Repair_7_3.pdb" => successfully finished
validated file "O15297_trimmed_model0_checked_Repair_7_4.pdb" => successfully finished
validated file "O15297_trimmed_model0_checked_Repair_8_0.pdb" => successfully finished
validated file "O15297_trimmed_model0_checked_Repair_8_1.pdb" => successfully finished
validated file "O15297_trimmed_model0_checked_Repair_8_2.pdb" => successfully finished
validated file "O15297_trimmed_model0_checked_Repair_8_3.pdb" => successfully finished
validated file "O15297_trimmed_model0_checked_Repair_8_4.pdb" => successfully finished
validated file "O15297_trimmed_model0_checked_Repair_9_0.pdb" => successfully finished
validated file "O15297_trimmed_model0_checked_Repair_9_1.pdb" => successfully finished
validated file "O15297_trimmed_model0_checked_Repair_9_2.pdb" => successfully finished
validated file "O15297_trimmed_model0_checked_Repair_9_3.pdb" => successfully finished
validated file "O15297_trimmed_model0_checked_Repair_9_4.pdb" => successfully finished
validated file "O15297_trimmed_model0_checked_Repair_10_0.pdb" => successfully finished
validated file "O15297_trimmed_model0_checked_Repair_10_1.pdb" => successfully finished
validated file "O15297_trimmed_model0_checked_Repair_10_2.pdb" => successfully finished
validated file "O15297_trimmed_model0_checked_Repair_10_3.pdb" => successfully finished
validated file "O15297_trimmed_model0_checked_Repair_10_4.pdb" => successfully finished
validated file "O15297_trimmed_model0_checked_Repair_11_0.pdb" => successfully finished
validated file "O15297_trimmed_model0_checked_Repair_11_1.pdb" => successfully finished
validated file "O15297_trimmed_model0_checked_Repair_11_2.pdb" => successfully finished
validated file "O15297_trimmed_model0_checked_Repair_11_3.pdb" => successfully finished
validated file "O15297_trimmed_model0_checked_Repair_11_4.pdb" => successfully finished
validated file "O15297_trimmed_model0_checked_Repair_12_0.pdb" => successfully finished
validated file "O15297_trimmed_model0_checked_Repair_12_1.pdb" => successfully finished
validated file "O15297_trimmed_model0_checked_Repair_12_2.pdb" => successfully finished
validated file "O15297_trimmed_model0_checked_Repair_12_3.pdb" => successfully finished
validated file "O15297_trimmed_model0_checked_Repair_12_4.pdb" => successfully finished
validated file "O15297_trimmed_model0_checked_Repair_13_0.pdb" => successfully finished
validated file "O15297_trimmed_model0_checked_Repair_13_1.pdb" => successfully finished
validated file "O15297_trimmed_model0_checked_Repair_13_2.pdb" => successfully finished
validated file "O15297_trimmed_model0_checked_Repair_13_3.pdb" => successfully finished
validated file "O15297_trimmed_model0_checked_Repair_13_4.pdb" => successfully finished
validated file "O15297_trimmed_model0_checked_Repair_14_0.pdb" => successfully finished
validated file "O15297_trimmed_model0_checked_Repair_14_1.pdb" => successfully finished
validated file "O15297_trimmed_model0_checked_Repair_14_2.pdb" => successfully finished
validated file "O15297_trimmed_model0_checked_Repair_14_3.pdb" => successfully finished
validated file "O15297_trimmed_model0_checked_Repair_14_4.pdb" => successfully finished
validated file "O15297_trimmed_model0_checked_Repair_15_0.pdb" => successfully finished
validated file "O15297_trimmed_model0_checked_Repair_15_1.pdb" => successfully finished
validated file "O15297_trimmed_model0_checked_Repair_15_2.pdb" => successfully finished
validated file "O15297_trimmed_model0_checked_Repair_15_3.pdb" => successfully finished
validated file "O15297_trimmed_model0_checked_Repair_15_4.pdb" => successfully finished
validated file "O15297_trimmed_model0_checked_Repair_16_0.pdb" => successfully finished
validated file "O15297_trimmed_model0_checked_Repair_16_1.pdb" => successfully finished
validated file "O15297_trimmed_model0_checked_Repair_16_2.pdb" => successfully finished
validated file "O15297_trimmed_model0_checked_Repair_16_3.pdb" => successfully finished
validated file "O15297_trimmed_model0_checked_Repair_16_4.pdb" => successfully finished
validated file "O15297_trimmed_model0_checked_Repair_17_0.pdb" => successfully finished
validated file "O15297_trimmed_model0_checked_Repair_17_1.pdb" => successfully finished
validated file "O15297_trimmed_model0_checked_Repair_17_2.pdb" => successfully finished
validated file "O15297_trimmed_model0_checked_Repair_17_3.pdb" => successfully finished
validated file "O15297_trimmed_model0_checked_Repair_17_4.pdb" => successfully finished
validated file "O15297_trimmed_model0_checked_Repair_18_0.pdb" => successfully finished
validated file "O15297_trimmed_model0_checked_Repair_18_1.pdb" => successfully finished
validated file "O15297_trimmed_model0_checked_Repair_18_2.pdb" => successfully finished
validated file "O15297_trimmed_model0_checked_Repair_18_3.pdb" => successfully finished
validated file "O15297_trimmed_model0_checked_Repair_18_4.pdb" => successfully finished
validated file "O15297_trimmed_model0_checked_Repair_19_0.pdb" => successfully finished
validated file "O15297_trimmed_model0_checked_Repair_19_1.pdb" => successfully finished
validated file "O15297_trimmed_model0_checked_Repair_19_2.pdb" => successfully finished
validated file "O15297_trimmed_model0_checked_Repair_19_3.pdb" => successfully finished
validated file "O15297_trimmed_model0_checked_Repair_19_4.pdb" => successfully finished
validated file "O15297_trimmed_model0_checked_Repair_20_0.pdb" => successfully finished
validated file "O15297_trimmed_model0_checked_Repair_20_1.pdb" => successfully finished
validated file "O15297_trimmed_model0_checked_Repair_20_2.pdb" => successfully finished
validated file "O15297_trimmed_model0_checked_Repair_20_3.pdb" => successfully finished
validated file "O15297_trimmed_model0_checked_Repair_20_4.pdb" => successfully finished
validated file "O15297_trimmed_model0_checked_Repair_21_0.pdb" => successfully finished
validated file "O15297_trimmed_model0_checked_Repair_21_1.pdb" => successfully finished
validated file "O15297_trimmed_model0_checked_Repair_21_2.pdb" => successfully finished
validated file "O15297_trimmed_model0_checked_Repair_21_3.pdb" => successfully finished
validated file "O15297_trimmed_model0_checked_Repair_21_4.pdb" => successfully finished
validated file "O15297_trimmed_model0_checked_Repair_22_0.pdb" => successfully finished
validated file "O15297_trimmed_model0_checked_Repair_22_1.pdb" => successfully finished
validated file "O15297_trimmed_model0_checked_Repair_22_2.pdb" => successfully finished
validated file "O15297_trimmed_model0_checked_Repair_22_3.pdb" => successfully finished
validated file "O15297_trimmed_model0_checked_Repair_22_4.pdb" => successfully finished
validated file "O15297_trimmed_model0_checked_Repair_23_0.pdb" => successfully finished
validated file "O15297_trimmed_model0_checked_Repair_23_1.pdb" => successfully finished
validated file "O15297_trimmed_model0_checked_Repair_23_2.pdb" => successfully finished
validated file "O15297_trimmed_model0_checked_Repair_23_3.pdb" => successfully finished
validated file "O15297_trimmed_model0_checked_Repair_23_4.pdb" => successfully finished
Cleaning BuildModel...DONE
