   ********************************************
   ***                                      ***
   ***             FoldX 5 (c)            ***
   ***                                      ***
   ***     code by the FoldX Consortium     ***
   ***                                      ***
   ***     Jesper Borg, Frederic Rousseau   ***
   ***    Joost Schymkowitz, Luis Serrano   ***
   ***    Peter Vanhee, Erik Verschueren    ***
   ***     Lies Baeten, Javier Delgado      ***
   ***       and Francois Stricher          ***
   *** and any other of the 9! permutations ***
   ***   based on an original concept by    ***
   ***   Raphael Guerois and Luis Serrano   ***
   ********************************************

Reading config file 'runfile.txt'
1 models read: O00329_trimmed_model0_checked_Repair.pdb
1 models read: O00329_trimmed_model0_checked_Repair.pdb
Output: ./O00329_trimmed_model0_checked_Repair.log

BackHbond       =               -750.94
SideHbond       =               -305.40
Energy_VdW      =               -1193.78
Electro         =               -42.13
Energy_SolvP    =               1527.86
Energy_SolvH    =               -1601.32
Energy_vdwclash =               17.16
energy_torsion  =               11.52
backbone_vdwclash=              676.43
Entropy_sidec   =               678.08
Entropy_mainc   =               1497.52
water bonds     =               0.00
helix dipole    =               -28.30
loop_entropy    =               0.00
cis_bond        =               0.00
disulfide       =               0.00
kn electrostatic=               0.00
partial covalent interactions = 0.00
Energy_Ionisation =             3.43
Entropy Complex =               0.00
-----------------------------------------------------------
Total          = 				  -186.30


BackHbond       =               -750.94
SideHbond       =               -305.40
Energy_VdW      =               -1193.78
Electro         =               -42.13
Energy_SolvP    =               1527.86
Energy_SolvH    =               -1601.32
Energy_vdwclash =               17.16
energy_torsion  =               11.52
backbone_vdwclash=              676.43
Entropy_sidec   =               678.08
Entropy_mainc   =               1497.52
water bonds     =               0.00
helix dipole    =               -28.30
loop_entropy    =               0.00
cis_bond        =               0.00
disulfide       =               0.00
kn electrostatic=               0.00
partial covalent interactions = 0.00
Energy_Ionisation =             3.43
Entropy Complex =               0.00
-----------------------------------------------------------
Total          = 				  -186.30

Starting BuildModel
Reading AA175G;
Reading AA175A;
Reading AA175V;
Reading AA175L;
Reading AA175I;
Reading AA175M;
Reading AA175F;
Reading AA175W;
Reading AA175P;
Reading AA175S;
Reading AA175T;
Reading AA175C;
Reading AA175Y;
Reading AA175N;
Reading AA175Q;
Reading AA175D;
Reading AA175E;
Reading AA175K;
Reading AA175R;
Reading AA175H;
Reading AA175s;
Reading AA175p;
Reading AA175y;
Residue to Mutate ALAA175 has residue index 156
Residue to Mutate ALAA175 has residue index 156
Residue to Mutate ALAA175 has residue index 156
Residue to Mutate ALAA175 has residue index 156
Residue to Mutate ALAA175 has residue index 156
Residue to Mutate ALAA175 has residue index 156
Residue to Mutate ALAA175 has residue index 156
Residue to Mutate ALAA175 has residue index 156
Residue to Mutate ALAA175 has residue index 156
Residue to Mutate ALAA175 has residue index 156
Residue to Mutate ALAA175 has residue index 156
Residue to Mutate ALAA175 has residue index 156
Residue to Mutate ALAA175 has residue index 156
Residue to Mutate ALAA175 has residue index 156
Residue to Mutate ALAA175 has residue index 156
Residue to Mutate ALAA175 has residue index 156
Residue to Mutate ALAA175 has residue index 156
Residue to Mutate ALAA175 has residue index 156
Residue to Mutate ALAA175 has residue index 156
Residue to Mutate ALAA175 has residue index 156
Residue to Mutate ALAA175 has residue index 156
Residue to Mutate ALAA175 has residue index 156
Residue to Mutate ALAA175 has residue index 156
Mutating residue = ALAA175 into GLY
Mutating residue = ALAA175 into GLY
Mutating residue = ALAA175 into GLY
Mutating residue = ALAA175 into GLY
Mutating residue = ALAA175 into GLY
Mutating residue = ALAA175 into ALA
Mutating residue = ALAA175 into ALA
Mutating residue = ALAA175 into ALA
Mutating residue = ALAA175 into ALA
Mutating residue = ALAA175 into ALA
Mutating residue = ALAA175 into VAL
Mutating residue = ALAA175 into VAL
Mutating residue = ALAA175 into VAL
Mutating residue = ALAA175 into VAL
Mutating residue = ALAA175 into VAL
Mutating residue = ALAA175 into LEU
Mutating residue = ALAA175 into LEU
Mutating residue = ALAA175 into LEU
Mutating residue = ALAA175 into LEU
Mutating residue = ALAA175 into LEU
Mutating residue = ALAA175 into ILE
Mutating residue = ALAA175 into ILE
Mutating residue = ALAA175 into ILE
Mutating residue = ALAA175 into ILE
Mutating residue = ALAA175 into ILE
Mutating residue = ALAA175 into MET
Mutating residue = ALAA175 into MET
Mutating residue = ALAA175 into MET
Mutating residue = ALAA175 into MET
Mutating residue = ALAA175 into MET
Mutating residue = ALAA175 into PHE
