   ********************************************
   ***                                      ***
   ***             FoldX 5 (c)            ***
   ***                                      ***
   ***     code by the FoldX Consortium     ***
   ***                                      ***
   ***     Jesper Borg, Frederic Rousseau   ***
   ***    Joost Schymkowitz, Luis Serrano   ***
   ***    Peter Vanhee, Erik Verschueren    ***
   ***     Lies Baeten, Javier Delgado      ***
   ***       and Francois Stricher          ***
   *** and any other of the 9! permutations ***
   ***   based on an original concept by    ***
   ***   Raphael Guerois and Luis Serrano   ***
   ********************************************

Reading config file 'runfile.txt'
1 models read: O15297_trimmed_model0_checked_Repair.pdb
1 models read: O15297_trimmed_model0_checked_Repair.pdb
Output: ./O15297_trimmed_model0_checked_Repair.log

BackHbond       =               -250.86
SideHbond       =               -112.56
Energy_VdW      =               -366.22
Electro         =               -12.84
Energy_SolvP    =               485.17
Energy_SolvH    =               -477.90
Energy_vdwclash =               14.86
energy_torsion  =               9.85
backbone_vdwclash=              155.00
Entropy_sidec   =               209.14
Entropy_mainc   =               563.54
water bonds     =               0.00
helix dipole    =               -1.77
loop_entropy    =               0.00
cis_bond        =               0.10
disulfide       =               0.00
kn electrostatic=               0.00
partial covalent interactions = 0.00
Energy_Ionisation =             1.31
Entropy Complex =               0.00
-----------------------------------------------------------
Total          = 				  61.81


BackHbond       =               -250.86
SideHbond       =               -112.56
Energy_VdW      =               -366.22
Electro         =               -12.84
Energy_SolvP    =               485.17
Energy_SolvH    =               -477.90
Energy_vdwclash =               14.86
energy_torsion  =               9.85
backbone_vdwclash=              155.00
Entropy_sidec   =               209.14
Entropy_mainc   =               563.54
water bonds     =               0.00
helix dipole    =               -1.77
loop_entropy    =               0.00
cis_bond        =               0.10
disulfide       =               0.00
kn electrostatic=               0.00
partial covalent interactions = 0.00
Energy_Ionisation =             1.31
Entropy Complex =               0.00
-----------------------------------------------------------
Total          = 				  61.81

Starting BuildModel
Reading FA100G;
Reading FA100A;
Reading FA100V;
Reading FA100L;
Reading FA100I;
Reading FA100M;
Reading FA100F;
Reading FA100W;
Reading FA100P;
Reading FA100S;
Reading FA100T;
Reading FA100C;
Reading FA100Y;
Reading FA100N;
Reading FA100Q;
Reading FA100D;
Reading FA100E;
Reading FA100K;
Reading FA100R;
Reading FA100H;
Reading FA100s;
Reading FA100p;
Reading FA100y;
Residue to Mutate PHEA100 has residue index 95
Residue to Mutate PHEA100 has residue index 95
Residue to Mutate PHEA100 has residue index 95
Residue to Mutate PHEA100 has residue index 95
Residue to Mutate PHEA100 has residue index 95
Residue to Mutate PHEA100 has residue index 95
Residue to Mutate PHEA100 has residue index 95
Residue to Mutate PHEA100 has residue index 95
Residue to Mutate PHEA100 has residue index 95
Residue to Mutate PHEA100 has residue index 95
Residue to Mutate PHEA100 has residue index 95
Residue to Mutate PHEA100 has residue index 95
Residue to Mutate PHEA100 has residue index 95
Residue to Mutate PHEA100 has residue index 95
Residue to Mutate PHEA100 has residue index 95
Residue to Mutate PHEA100 has residue index 95
Residue to Mutate PHEA100 has residue index 95
Residue to Mutate PHEA100 has residue index 95
Residue to Mutate PHEA100 has residue index 95
Residue to Mutate PHEA100 has residue index 95
Residue to Mutate PHEA100 has residue index 95
Residue to Mutate PHEA100 has residue index 95
Residue to Mutate PHEA100 has residue index 95
Mutating residue = PHEA100 into GLY
Mutating residue = PHEA100 into GLY
Mutating residue = PHEA100 into GLY
Mutating residue = PHEA100 into GLY
Mutating residue = PHEA100 into GLY
Mutating residue = PHEA100 into ALA
Mutating residue = PHEA100 into ALA
Mutating residue = PHEA100 into ALA
Mutating residue = PHEA100 into ALA
Mutating residue = PHEA100 into ALA
Mutating residue = PHEA100 into VAL
Mutating residue = PHEA100 into VAL
Mutating residue = PHEA100 into VAL
Mutating residue = PHEA100 into VAL
Mutating residue = PHEA100 into VAL
Mutating residue = PHEA100 into LEU
Mutating residue = PHEA100 into LEU
Mutating residue = PHEA100 into LEU
Mutating residue = PHEA100 into LEU
Mutating residue = PHEA100 into LEU
Mutating residue = PHEA100 into ILE
Mutating residue = PHEA100 into ILE
Mutating residue = PHEA100 into ILE
Mutating residue = PHEA100 into ILE
Mutating residue = PHEA100 into ILE
Mutating residue = PHEA100 into MET
Mutating residue = PHEA100 into MET
Mutating residue = PHEA100 into MET
Mutating residue = PHEA100 into MET
Mutating residue = PHEA100 into MET
Mutating residue = PHEA100 into PHE
Mutating residue = PHEA100 into PHE
Mutating residue = PHEA100 into PHE
Mutating residue = PHEA100 into PHE
Mutating residue = PHEA100 into PHE
Mutating residue = PHEA100 into TRP
Mutating residue = PHEA100 into TRP
Mutating residue = PHEA100 into TRP
Mutating residue = PHEA100 into TRP
Mutating residue = PHEA100 into TRP
Mutating residue = PHEA100 into PRO
Mutating residue = PHEA100 into PRO
Mutating residue = PHEA100 into PRO
Mutating residue = PHEA100 into PRO
Mutating residue = PHEA100 into PRO
Mutating residue = PHEA100 into SER
Mutating residue = PHEA100 into SER
Mutating residue = PHEA100 into SER
Mutating residue = PHEA100 into SER
Mutating residue = PHEA100 into SER
Mutating residue = PHEA100 into THR
Mutating residue = PHEA100 into THR
Mutating residue = PHEA100 into THR
Mutating residue = PHEA100 into THR
Mutating residue = PHEA100 into THR
Mutating residue = PHEA100 into CYS
Mutating residue = PHEA100 into CYS
Mutating residue = PHEA100 into CYS
Mutating residue = PHEA100 into CYS
Mutating residue = PHEA100 into CYS
Mutating residue = PHEA100 into TYR
Mutating residue = PHEA100 into TYR
Mutating residue = PHEA100 into TYR
Mutating residue = PHEA100 into TYR
Mutating residue = PHEA100 into TYR
Mutating residue = PHEA100 into ASN
Mutating residue = PHEA100 into ASN
Mutating residue = PHEA100 into ASN
Mutating residue = PHEA100 into ASN
Mutating residue = PHEA100 into ASN
Mutating residue = PHEA100 into GLN
Mutating residue = PHEA100 into GLN
Mutating residue = PHEA100 into GLN
Mutating residue = PHEA100 into GLN
Mutating residue = PHEA100 into GLN
Mutating residue = PHEA100 into ASP
Mutating residue = PHEA100 into ASP
Mutating residue = PHEA100 into ASP
Mutating residue = PHEA100 into ASP
Mutating residue = PHEA100 into ASP
Mutating residue = PHEA100 into GLU
Mutating residue = PHEA100 into GLU
Mutating residue = PHEA100 into GLU
Mutating residue = PHEA100 into GLU
Mutating residue = PHEA100 into GLU
Mutating residue = PHEA100 into LYS
Mutating residue = PHEA100 into LYS
Mutating residue = PHEA100 into LYS
Mutating residue = PHEA100 into LYS
Mutating residue = PHEA100 into LYS
Mutating residue = PHEA100 into ARG
Mutating residue = PHEA100 into ARG
Mutating residue = PHEA100 into ARG
Mutating residue = PHEA100 into ARG
Mutating residue = PHEA100 into ARG
Mutating residue = PHEA100 into HIS
Mutating residue = PHEA100 into HIS
Mutating residue = PHEA100 into HIS
Mutating residue = PHEA100 into HIS
Mutating residue = PHEA100 into HIS
Mutating residue = PHEA100 into SEP
Mutating residue = PHEA100 into SEP
Mutating residue = PHEA100 into SEP
Mutating residue = PHEA100 into SEP
Mutating residue = PHEA100 into SEP
Mutating residue = PHEA100 into TPO
Mutating residue = PHEA100 into TPO
Mutating residue = PHEA100 into TPO
Mutating residue = PHEA100 into TPO
Mutating residue = PHEA100 into TPO
Mutating residue = PHEA100 into PTR
Mutating residue = PHEA100 into PTR
Mutating residue = PHEA100 into PTR
Mutating residue = PHEA100 into PTR
Mutating residue = PHEA100 into PTR
Your file run OK
End time of FoldX: Sun Dec 14 19:05:30 2025
Total time spend: 340.90 seconds.
validated file "O15297_trimmed_model0_checked_Repair_1_0.pdb" => successfully finished
validated file "O15297_trimmed_model0_checked_Repair_1_1.pdb" => successfully finished
validated file "O15297_trimmed_model0_checked_Repair_1_2.pdb" => successfully finished
validated file "O15297_trimmed_model0_checked_Repair_1_3.pdb" => successfully finished
validated file "O15297_trimmed_model0_checked_Repair_1_4.pdb" => successfully finished
validated file "O15297_trimmed_model0_checked_Repair_2_0.pdb" => successfully finished
validated file "O15297_trimmed_model0_checked_Repair_2_1.pdb" => successfully finished
validated file "O15297_trimmed_model0_checked_Repair_2_2.pdb" => successfully finished
validated file "O15297_trimmed_model0_checked_Repair_2_3.pdb" => successfully finished
validated file "O15297_trimmed_model0_checked_Repair_2_4.pdb" => successfully finished
validated file "O15297_trimmed_model0_checked_Repair_3_0.pdb" => successfully finished
validated file "O15297_trimmed_model0_checked_Repair_3_1.pdb" => successfully finished
validated file "O15297_trimmed_model0_checked_Repair_3_2.pdb" => successfully finished
validated file "O15297_trimmed_model0_checked_Repair_3_3.pdb" => successfully finished
validated file "O15297_trimmed_model0_checked_Repair_3_4.pdb" => successfully finished
validated file "O15297_trimmed_model0_checked_Repair_4_0.pdb" => successfully finished
validated file "O15297_trimmed_model0_checked_Repair_4_1.pdb" => successfully finished
validated file "O15297_trimmed_model0_checked_Repair_4_2.pdb" => successfully finished
validated file "O15297_trimmed_model0_checked_Repair_4_3.pdb" => successfully finished
validated file "O15297_trimmed_model0_checked_Repair_4_4.pdb" => successfully finished
validated file "O15297_trimmed_model0_checked_Repair_5_0.pdb" => successfully finished
validated file "O15297_trimmed_model0_checked_Repair_5_1.pdb" => successfully finished
validated file "O15297_trimmed_model0_checked_Repair_5_2.pdb" => successfully finished
validated file "O15297_trimmed_model0_checked_Repair_5_3.pdb" => successfully finished
validated file "O15297_trimmed_model0_checked_Repair_5_4.pdb" => successfully finished
validated file "O15297_trimmed_model0_checked_Repair_6_0.pdb" => successfully finished
validated file "O15297_trimmed_model0_checked_Repair_6_1.pdb" => successfully finished
validated file "O15297_trimmed_model0_checked_Repair_6_2.pdb" => successfully finished
validated file "O15297_trimmed_model0_checked_Repair_6_3.pdb" => successfully finished
validated file "O15297_trimmed_model0_checked_Repair_6_4.pdb" => successfully finished
validated file "O15297_trimmed_model0_checked_Repair_7_0.pdb" => successfully finished
validated file "O15297_trimmed_model0_checked_Repair_7_1.pdb" => successfully finished
validated file "O15297_trimmed_model0_checked_Repair_7_2.pdb" => successfully finished
validated file "O15297_trimmed_model0_checked_Repair_7_3.pdb" => successfully finished
validated file "O15297_trimmed_model0_checked_Repair_7_4.pdb" => successfully finished
validated file "O15297_trimmed_model0_checked_Repair_8_0.pdb" => successfully finished
validated file "O15297_trimmed_model0_checked_Repair_8_1.pdb" => successfully finished
validated file "O15297_trimmed_model0_checked_Repair_8_2.pdb" => successfully finished
validated file "O15297_trimmed_model0_checked_Repair_8_3.pdb" => successfully finished
validated file "O15297_trimmed_model0_checked_Repair_8_4.pdb" => successfully finished
validated file "O15297_trimmed_model0_checked_Repair_9_0.pdb" => successfully finished
validated file "O15297_trimmed_model0_checked_Repair_9_1.pdb" => successfully finished
validated file "O15297_trimmed_model0_checked_Repair_9_2.pdb" => successfully finished
validated file "O15297_trimmed_model0_checked_Repair_9_3.pdb" => successfully finished
validated file "O15297_trimmed_model0_checked_Repair_9_4.pdb" => successfully finished
validated file "O15297_trimmed_model0_checked_Repair_10_0.pdb" => successfully finished
validated file "O15297_trimmed_model0_checked_Repair_10_1.pdb" => successfully finished
validated file "O15297_trimmed_model0_checked_Repair_10_2.pdb" => successfully finished
validated file "O15297_trimmed_model0_checked_Repair_10_3.pdb" => successfully finished
validated file "O15297_trimmed_model0_checked_Repair_10_4.pdb" => successfully finished
validated file "O15297_trimmed_model0_checked_Repair_11_0.pdb" => successfully finished
validated file "O15297_trimmed_model0_checked_Repair_11_1.pdb" => successfully finished
validated file "O15297_trimmed_model0_checked_Repair_11_2.pdb" => successfully finished
validated file "O15297_trimmed_model0_checked_Repair_11_3.pdb" => successfully finished
validated file "O15297_trimmed_model0_checked_Repair_11_4.pdb" => successfully finished
validated file "O15297_trimmed_model0_checked_Repair_12_0.pdb" => successfully finished
validated file "O15297_trimmed_model0_checked_Repair_12_1.pdb" => successfully finished
validated file "O15297_trimmed_model0_checked_Repair_12_2.pdb" => successfully finished
validated file "O15297_trimmed_model0_checked_Repair_12_3.pdb" => successfully finished
validated file "O15297_trimmed_model0_checked_Repair_12_4.pdb" => successfully finished
validated file "O15297_trimmed_model0_checked_Repair_13_0.pdb" => successfully finished
validated file "O15297_trimmed_model0_checked_Repair_13_1.pdb" => successfully finished
validated file "O15297_trimmed_model0_checked_Repair_13_2.pdb" => successfully finished
validated file "O15297_trimmed_model0_checked_Repair_13_3.pdb" => successfully finished
validated file "O15297_trimmed_model0_checked_Repair_13_4.pdb" => successfully finished
validated file "O15297_trimmed_model0_checked_Repair_14_0.pdb" => successfully finished
validated file "O15297_trimmed_model0_checked_Repair_14_1.pdb" => successfully finished
validated file "O15297_trimmed_model0_checked_Repair_14_2.pdb" => successfully finished
validated file "O15297_trimmed_model0_checked_Repair_14_3.pdb" => successfully finished
validated file "O15297_trimmed_model0_checked_Repair_14_4.pdb" => successfully finished
validated file "O15297_trimmed_model0_checked_Repair_15_0.pdb" => successfully finished
validated file "O15297_trimmed_model0_checked_Repair_15_1.pdb" => successfully finished
validated file "O15297_trimmed_model0_checked_Repair_15_2.pdb" => successfully finished
validated file "O15297_trimmed_model0_checked_Repair_15_3.pdb" => successfully finished
validated file "O15297_trimmed_model0_checked_Repair_15_4.pdb" => successfully finished
validated file "O15297_trimmed_model0_checked_Repair_16_0.pdb" => successfully finished
validated file "O15297_trimmed_model0_checked_Repair_16_1.pdb" => successfully finished
validated file "O15297_trimmed_model0_checked_Repair_16_2.pdb" => successfully finished
validated file "O15297_trimmed_model0_checked_Repair_16_3.pdb" => successfully finished
validated file "O15297_trimmed_model0_checked_Repair_16_4.pdb" => successfully finished
validated file "O15297_trimmed_model0_checked_Repair_17_0.pdb" => successfully finished
validated file "O15297_trimmed_model0_checked_Repair_17_1.pdb" => successfully finished
validated file "O15297_trimmed_model0_checked_Repair_17_2.pdb" => successfully finished
validated file "O15297_trimmed_model0_checked_Repair_17_3.pdb" => successfully finished
validated file "O15297_trimmed_model0_checked_Repair_17_4.pdb" => successfully finished
validated file "O15297_trimmed_model0_checked_Repair_18_0.pdb" => successfully finished
validated file "O15297_trimmed_model0_checked_Repair_18_1.pdb" => successfully finished
validated file "O15297_trimmed_model0_checked_Repair_18_2.pdb" => successfully finished
validated file "O15297_trimmed_model0_checked_Repair_18_3.pdb" => successfully finished
validated file "O15297_trimmed_model0_checked_Repair_18_4.pdb" => successfully finished
validated file "O15297_trimmed_model0_checked_Repair_19_0.pdb" => successfully finished
validated file "O15297_trimmed_model0_checked_Repair_19_1.pdb" => successfully finished
validated file "O15297_trimmed_model0_checked_Repair_19_2.pdb" => successfully finished
validated file "O15297_trimmed_model0_checked_Repair_19_3.pdb" => successfully finished
validated file "O15297_trimmed_model0_checked_Repair_19_4.pdb" => successfully finished
validated file "O15297_trimmed_model0_checked_Repair_20_0.pdb" => successfully finished
validated file "O15297_trimmed_model0_checked_Repair_20_1.pdb" => successfully finished
validated file "O15297_trimmed_model0_checked_Repair_20_2.pdb" => successfully finished
validated file "O15297_trimmed_model0_checked_Repair_20_3.pdb" => successfully finished
validated file "O15297_trimmed_model0_checked_Repair_20_4.pdb" => successfully finished
validated file "O15297_trimmed_model0_checked_Repair_21_0.pdb" => successfully finished
validated file "O15297_trimmed_model0_checked_Repair_21_1.pdb" => successfully finished
validated file "O15297_trimmed_model0_checked_Repair_21_2.pdb" => successfully finished
validated file "O15297_trimmed_model0_checked_Repair_21_3.pdb" => successfully finished
validated file "O15297_trimmed_model0_checked_Repair_21_4.pdb" => successfully finished
validated file "O15297_trimmed_model0_checked_Repair_22_0.pdb" => successfully finished
validated file "O15297_trimmed_model0_checked_Repair_22_1.pdb" => successfully finished
validated file "O15297_trimmed_model0_checked_Repair_22_2.pdb" => successfully finished
validated file "O15297_trimmed_model0_checked_Repair_22_3.pdb" => successfully finished
validated file "O15297_trimmed_model0_checked_Repair_22_4.pdb" => successfully finished
validated file "O15297_trimmed_model0_checked_Repair_23_0.pdb" => successfully finished
validated file "O15297_trimmed_model0_checked_Repair_23_1.pdb" => successfully finished
validated file "O15297_trimmed_model0_checked_Repair_23_2.pdb" => successfully finished
validated file "O15297_trimmed_model0_checked_Repair_23_3.pdb" => successfully finished
validated file "O15297_trimmed_model0_checked_Repair_23_4.pdb" => successfully finished
Cleaning BuildModel...DONE
